Archive member included to satisfy reference by file (symbol)

e:/mounriver_studio2/resources/app/resources/win32/components/wch/toolchain/risc-v embedded gcc/bin/../lib/gcc/riscv-none-embed/8.2.0/rv32imac/ilp32\libgcc.a(divdf3.o)
                              ./User/GPS.o (__divdf3)
e:/mounriver_studio2/resources/app/resources/win32/components/wch/toolchain/risc-v embedded gcc/bin/../lib/gcc/riscv-none-embed/8.2.0/rv32imac/ilp32\libgcc.a(muldf3.o)
                              ./User/SR04.o (__muldf3)
e:/mounriver_studio2/resources/app/resources/win32/components/wch/toolchain/risc-v embedded gcc/bin/../lib/gcc/riscv-none-embed/8.2.0/rv32imac/ilp32\libgcc.a(floatsidf.o)
                              ./User/SR04.o (__floatsidf)
e:/mounriver_studio2/resources/app/resources/win32/components/wch/toolchain/risc-v embedded gcc/bin/../lib/gcc/riscv-none-embed/8.2.0/rv32imac/ilp32\libgcc.a(floatunsidf.o)
                              ./User/GPS.o (__floatunsidf)
e:/mounriver_studio2/resources/app/resources/win32/components/wch/toolchain/risc-v embedded gcc/bin/../lib/gcc/riscv-none-embed/8.2.0/rv32imac/ilp32\libgcc.a(addsf3.o)
                              ./User/JY901.o (__addsf3)
e:/mounriver_studio2/resources/app/resources/win32/components/wch/toolchain/risc-v embedded gcc/bin/../lib/gcc/riscv-none-embed/8.2.0/rv32imac/ilp32\libgcc.a(divsf3.o)
                              ./User/JY901.o (__divsf3)
e:/mounriver_studio2/resources/app/resources/win32/components/wch/toolchain/risc-v embedded gcc/bin/../lib/gcc/riscv-none-embed/8.2.0/rv32imac/ilp32\libgcc.a(mulsf3.o)
                              ./User/JY901.o (__mulsf3)
e:/mounriver_studio2/resources/app/resources/win32/components/wch/toolchain/risc-v embedded gcc/bin/../lib/gcc/riscv-none-embed/8.2.0/rv32imac/ilp32\libgcc.a(subsf3.o)
                              ./User/JY901.o (__subsf3)
e:/mounriver_studio2/resources/app/resources/win32/components/wch/toolchain/risc-v embedded gcc/bin/../lib/gcc/riscv-none-embed/8.2.0/rv32imac/ilp32\libgcc.a(floatsisf.o)
                              ./User/JY901.o (__floatsisf)
e:/mounriver_studio2/resources/app/resources/win32/components/wch/toolchain/risc-v embedded gcc/bin/../lib/gcc/riscv-none-embed/8.2.0/rv32imac/ilp32\libgcc.a(extendsfdf2.o)
                              ./User/GPS.o (__extendsfdf2)
e:/mounriver_studio2/resources/app/resources/win32/components/wch/toolchain/risc-v embedded gcc/bin/../lib/gcc/riscv-none-embed/8.2.0/rv32imac/ilp32\libgcc.a(truncdfsf2.o)
                              ./User/GPS.o (__truncdfsf2)
e:/mounriver_studio2/resources/app/resources/win32/components/wch/toolchain/risc-v embedded gcc/bin/../lib/gcc/riscv-none-embed/8.2.0/rv32imac/ilp32\libgcc.a(save-restore.o)
                              ./User/JY901.o (__riscv_save_12)
e:/mounriver_studio2/resources/app/resources/win32/components/wch/toolchain/risc-v embedded gcc/bin/../lib/gcc/riscv-none-embed/8.2.0/rv32imac/ilp32\libgcc.a(_clzsi2.o)
                              e:/mounriver_studio2/resources/app/resources/win32/components/wch/toolchain/risc-v embedded gcc/bin/../lib/gcc/riscv-none-embed/8.2.0/rv32imac/ilp32\libgcc.a(divdf3.o) (__clzsi2)
e:/mounriver_studio2/resources/app/resources/win32/components/wch/toolchain/risc-v embedded gcc/bin/../lib/gcc/riscv-none-embed/8.2.0/rv32imac/ilp32\libgcc.a(_clz.o)
                              e:/mounriver_studio2/resources/app/resources/win32/components/wch/toolchain/risc-v embedded gcc/bin/../lib/gcc/riscv-none-embed/8.2.0/rv32imac/ilp32\libgcc.a(_clzsi2.o) (__clz_tab)
e:/mounriver_studio2/resources/app/resources/win32/components/wch/toolchain/risc-v embedded gcc/bin/../lib/gcc/riscv-none-embed/8.2.0/../../../../riscv-none-embed/lib/rv32imac/ilp32\libg_nano.a(lib_a-memcmp.o)
                              ./User/radar_ch32.o (memcmp)
e:/mounriver_studio2/resources/app/resources/win32/components/wch/toolchain/risc-v embedded gcc/bin/../lib/gcc/riscv-none-embed/8.2.0/../../../../riscv-none-embed/lib/rv32imac/ilp32\libg_nano.a(lib_a-memcpy.o)
                              ./User/GPS.o (memcpy)
e:/mounriver_studio2/resources/app/resources/win32/components/wch/toolchain/risc-v embedded gcc/bin/../lib/gcc/riscv-none-embed/8.2.0/../../../../riscv-none-embed/lib/rv32imac/ilp32\libg_nano.a(lib_a-memmove.o)
                              ./User/radar_ch32.o (memmove)
e:/mounriver_studio2/resources/app/resources/win32/components/wch/toolchain/risc-v embedded gcc/bin/../lib/gcc/riscv-none-embed/8.2.0/../../../../riscv-none-embed/lib/rv32imac/ilp32\libg_nano.a(lib_a-memset.o)
                              ./User/JY901.o (memset)
e:/mounriver_studio2/resources/app/resources/win32/components/wch/toolchain/risc-v embedded gcc/bin/../lib/gcc/riscv-none-embed/8.2.0/../../../../riscv-none-embed/lib/rv32imac/ilp32\libg_nano.a(lib_a-printf.o)
                              ./User/Radar.o (printf)
[...]
Memory Configuration

Name             Origin             Length             Attributes
FLASH            0x0000000000000000 0x0000000000010000 xr
RAM              0x0000000020000000 0x0000000000005000 xrw
*default*        0x0000000000000000 0xffffffffffffffff

Linker script and memory map

LOAD ./User/GPS.o
LOAD ./User/JY901.o
LOAD ./User/Laser.o
LOAD ./User/Motor.o
LOAD ./User/Oled.o
LOAD ./User/Radar.o
LOAD ./User/SR04.o
LOAD ./User/Servo.o
LOAD ./User/ch32v10x_it.o
LOAD ./User/main.o
LOAD ./User/radar_ch32.o
LOAD ./User/system_ch32v10x.o
LOAD ./Startup/startup_ch32v10x.o
LOAD ./Peripheral/src/ch32v10x_adc.o
LOAD ./Peripheral/src/ch32v10x_bkp.o
LOAD ./Peripheral/src/ch32v10x_crc.o
LOAD ./Peripheral/src/ch32v10x_dbgmcu.o
LOAD ./Peripheral/src/ch32v10x_dma.o
LOAD ./Peripheral/src/ch32v10x_exti.o
LOAD ./Peripheral/src/ch32v10x_flash.o
LOAD ./Peripheral/src/ch32v10x_gpio.o
LOAD ./Peripheral/src/ch32v10x_i2c.o
LOAD ./Peripheral/src/ch32v10x_iwdg.o
LOAD ./Peripheral/src/ch32v10x_misc.o
LOAD ./Peripheral/src/ch32v10x_pwr.o
LOAD ./Peripheral/src/ch32v10x_rcc.o
LOAD ./Peripheral/src/ch32v10x_rtc.o
LOAD ./Peripheral/src/ch32v10x_spi.o
LOAD ./Peripheral/src/ch32v10x_tim.o
LOAD ./Peripheral/src/ch32v10x_usart.o
LOAD ./Peripheral/src/ch32v10x_usb.o
LOAD ./Peripheral/src/ch32v10x_usb_host.o
LOAD ./Peripheral/src/ch32v10x_wwdg.o
LOAD ./Debug/debug.o
LOAD ./Core/core_riscv.o
LOAD e:/mounriver_studio2/resources/app/resources/win32/components/wch/toolchain/risc-v embedded gcc/bin/../lib/gcc/riscv-none-embed/8.2.0/../../../../riscv-none-embed/lib/rv32imac/ilp32\libm.a
LOAD e:/mounriver_studio2/resources/app/resources/win32/components/wch/toolchain/risc-v embedded gcc/bin/../lib/gcc/riscv-none-embed/8.2.0/rv32imac/ilp32\libgcc.a
LOAD e:/mounriver_studio2/resources/app/resources/win32/components/wch/toolchain/risc-v embedded gcc/bin/../lib/gcc/riscv-none-embed/8.2.0/../../../../riscv-none-embed/lib/rv32imac/ilp32\libg_nano.a
LOAD e:/mounriver_studio2/resources/app/resources/win32/components/wch/toolchain/risc-v embedded gcc/bin/../lib/gcc/riscv-none-embed/8.2.0/../../../../riscv-none-embed/lib/rv32imac/ilp32\libc_nano.a
LOAD e:/mounriver_studio2/resources/app/resources/win32/components/wch/toolchain/risc-v embedded gcc/bin/../lib/gcc/riscv-none-embed/8.2.0/rv32imac/ilp32\libgcc.a
START GROUP
LOAD e:/mounriver_studio2/resources/app/resources/win32/components/wch/toolchain/risc-v embedded gcc/bin/../lib/gcc/riscv-none-embed/8.2.0/rv32imac/ilp32\libgcc.a
LOAD e:/mounriver_studio2/resources/app/resources/win32/components/wch/toolchain/risc-v embedded gcc/bin/../lib/gcc/riscv-none-embed/8.2.0/../../../../riscv-none-embed/lib/rv32imac/ilp32\libc_nano.a
LOAD e:/mounriver_studio2/resources/app/resources/win32/components/wch/toolchain/risc-v embedded gcc/bin/../lib/gcc/riscv-none-embed/8.2.0/../../../../riscv-none-embed/lib/rv32imac/ilp32\libnosys.a
END GROUP
START GROUP
LOAD e:/mounriver_studio2/resources/app/resources/win32/components/wch/toolchain/risc-v embedded gcc/bin/../lib/gcc/riscv-none-embed/8.2.0/rv32imac/ilp32\libgcc.a
LOAD e:/mounriver_studio2/resources/app/resources/win32/components/wch/toolchain/risc-v embedded gcc/bin/../lib/gcc/riscv-none-embed/8.2.0/../../../../riscv-none-embed/lib/rv32imac/ilp32\libc_nano.a
LOAD e:/mounriver_studio2/resources/app/resources/win32/components/wch/toolchain/risc-v embedded gcc/bin/../lib/gcc/riscv-none-embed/8.2.0/../../../../riscv-none-embed/lib/rv32imac/ilp32\libnosys.a
END GROUP
                0x0000000000000800                __stack_size = 0x800
                [!provide]                        PROVIDE (_stack_size = __stack_size)

.init           0x0000000000000000       0x38
                0x0000000000000000                _sinit = .
                0x0000000000000000                . = ALIGN (0x4)
 *(SORT_NONE(.init))
 .init          0x0000000000000000       0x38 ./Startup/startup_ch32v10x.o
                0x0000000000000000                _start
                0x0000000000000038                . = ALIGN (0x4)
                0x0000000000000038                _einit = .

.vector         0x0000000000000038      0x108
 *(.vector)
 .vector        0x0000000000000038       0xf0 ./Startup/startup_ch32v10x.o
                0x0000000000000140                . = ALIGN (0x40)
 *fill*         0x0000000000000128       0x18 

.text           0x0000000000000140     0x528c
                0x0000000000000140                . = ALIGN (0x4)
 *(.text)
 .text          0x0000000000000140       0x60 e:/mounriver_studio2/resources/app/resources/win32/components/wch/toolchain/risc-v embedded gcc/bin/../lib/gcc/riscv-none-embed/8.2.0/rv32imac/ilp32\libgcc.a(save-restore.o)
                0x0000000000000140                __riscv_save_12
                0x0000000000000148                __riscv_save_9
                0x0000000000000148                __riscv_save_11
                0x0000000000000148                __riscv_save_10
                0x0000000000000148                __riscv_save_8
                0x0000000000000156                __riscv_save_4
                0x0000000000000156                __riscv_save_6
                0x0000000000000156                __riscv_save_5
                0x0000000000000156                __riscv_save_7
                0x0000000000000170                __riscv_save_3
                0x0000000000000170                __riscv_save_2
                0x0000000000000170                __riscv_save_1
                0x0000000000000170                __riscv_save_0
                0x000000000000017c                __riscv_restore_12
                0x0000000000000180                __riscv_restore_11
                0x0000000000000180                __riscv_restore_9
                0x0000000000000180                __riscv_restore_10
                0x0000000000000180                __riscv_restore_8
                0x000000000000018a                __riscv_restore_5
                0x000000000000018a                __riscv_restore_7
                0x000000000000018a                __riscv_restore_6
                0x000000000000018a                __riscv_restore_4
                0x0000000000000194                __riscv_restore_3
                0x0000000000000194                __riscv_restore_0
                0x0000000000000194                __riscv_restore_2
                0x0000000000000194                __riscv_restore_1
 .text          0x00000000000001a0       0xa8 e:/mounriver_studio2/resources/app/resources/win32/components/wch/toolchain/risc-v embedded gcc/bin/../lib/gcc/riscv-none-embed/8.2.0/../../../../riscv-none-embed/lib/rv32imac/ilp32\libg_nano.a(lib_a-memset.o)
                0x00000000000001a0                memset
 *(.text.*)
 .text.USART2_CFG
                0x0000000000000248       0xaa ./User/JY901.o
                0x0000000000000248                USART2_CFG
 .text.USART2_DMA1_CH6_INIT
                0x00000000000002f2       0x76 ./User/JY901.o
                0x00000000000002f2                USART2_DMA1_CH6_INIT
 .text.JY901_Process
                0x0000000000000368      0x1b8 ./User/JY901.o
                0x0000000000000368                JY901_Process
 .text.MA_Init  0x0000000000000520        0xe ./User/JY901.o
                0x0000000000000520                MA_Init
 .text.MA_Update
                0x000000000000052e       0x5c ./User/JY901.o
                0x000000000000052e                MA_Update
 .text.USART3_CFG
                0x000000000000058a       0xb2 ./User/Laser.o
                0x000000000000058a                USART3_CFG
 .text.USART3_DMA1_CH3_INIT
                0x000000000000063c       0x9a ./User/Laser.o
                0x000000000000063c                USART3_DMA1_CH3_INIT
 .text.asciiToDigit
                0x00000000000006d6       0x52 ./User/Laser.o
                0x00000000000006d6                asciiToDigit
 .text.extractSubarray
                0x0000000000000728       0x56 ./User/Laser.o
                0x0000000000000728                extractSubarray
 .text.LaserDistance
                0x000000000000077e       0x48 ./User/Laser.o
                0x000000000000077e                LaserDistance
 .text.TIM1_Motor_Init
                0x00000000000007c6       0xb4 ./User/Motor.o
                0x00000000000007c6                TIM1_Motor_Init
 .text.OLED_I2C_Init
                0x000000000000087a       0x60 ./User/Oled.o
                0x000000000000087a                OLED_I2C_Init
 .text.OLED_I2C_Start
                0x00000000000008da       0x44 ./User/Oled.o
                0x00000000000008da                OLED_I2C_Start
 .text.OLED_I2C_Stop
                0x000000000000091e       0x36 ./User/Oled.o
                0x000000000000091e                OLED_I2C_Stop
 .text.OLED_I2C_SendByte
                0x0000000000000954       0x66 ./User/Oled.o
                0x0000000000000954                OLED_I2C_SendByte
 .text.OLED_WriteCommand
                0x00000000000009ba       0x1c ./User/Oled.o
                0x00000000000009ba                OLED_WriteCommand
 .text.OLED_WriteData
                0x00000000000009d6       0x1e ./User/Oled.o
                0x00000000000009d6                OLED_WriteData
 .text.OLED_SetCursor
                0x00000000000009f4       0x20 ./User/Oled.o
                0x00000000000009f4                OLED_SetCursor
 .text.OLED_Clear
                0x0000000000000a14       0x28 ./User/Oled.o
                0x0000000000000a14                OLED_Clear
 .text.OLED_ShowChar
                0x0000000000000a3c       0x6a ./User/Oled.o
                0x0000000000000a3c                OLED_ShowChar
 .text.OLED_ShowString
                0x0000000000000aa6       0x2e ./User/Oled.o
                0x0000000000000aa6                OLED_ShowString
 .text.OLED_Init
                0x0000000000000ad4       0x98 ./User/Oled.o
                0x0000000000000ad4                OLED_Init
 .text.Input_Capture_SR40init
                0x0000000000000b6c      0x110 ./User/SR04.o
                0x0000000000000b6c                Input_Capture_SR40init
 .text.TIM2_IRQHandler
                0x0000000000000c7c       0x80 ./User/SR04.o
                0x0000000000000c7c                TIM2_IRQHandler
 .text.TIM3_PWMOut_Init
                0x0000000000000cfc       0xba ./User/Servo.o
                0x0000000000000cfc                TIM3_PWMOut_Init
 .text.NMI_Handler
                0x0000000000000db6        0x2 ./User/ch32v10x_it.o
                0x0000000000000db6                NMI_Handler
 .text.HardFault_Handler
                0x0000000000000db8       0x10 ./User/ch32v10x_it.o
                0x0000000000000db8                HardFault_Handler
 .text.startup.main
                0x0000000000000dc8      0x244 ./User/main.o
                0x0000000000000dc8                main
 .text.USART1_IRQHandler
                0x000000000000100c        0x6 ./User/main.o
                0x000000000000100c                USART1_IRQHandler
 .text.USART2_IRQHandler
                0x0000000000001012       0x68 ./User/main.o
                0x0000000000001012                USART2_IRQHandler
 .text.USART3_IRQHandler
                0x000000000000107a       0x52 ./User/main.o
                0x000000000000107a                USART3_IRQHandler
 .text.Radar_ClearFrame
                0x00000000000010cc       0x42 ./User/radar_ch32.o
 .text.Radar_SetBinResolution
                0x000000000000110e       0x38 ./User/radar_ch32.o
                0x000000000000110e                Radar_SetBinResolution
 .text.Radar_PrepareForScan
                0x0000000000001146       0x4a ./User/radar_ch32.o
                0x0000000000001146                Radar_PrepareForScan
 .text.Radar_Init
                0x0000000000001190       0x46 ./User/radar_ch32.o
                0x0000000000001190                Radar_Init
 .text.Radar_OnUartIdleIRQ
                0x00000000000011d6       0xc0 ./User/radar_ch32.o
                0x00000000000011d6                Radar_OnUartIdleIRQ
 .text.Radar_Task
                0x0000000000001296      0x2dc ./User/radar_ch32.o
                0x0000000000001296                Radar_Task
 .text.Radar_GetReadyFrame
                0x0000000000001572       0x30 ./User/radar_ch32.o
                0x0000000000001572                Radar_GetReadyFrame
 .text.Radar_USART1_CFG
                0x00000000000015a2       0xbe ./User/radar_ch32.o
                0x00000000000015a2                Radar_USART1_CFG
 .text.Radar_USART1_DMA1_CH5_INIT
                0x0000000000001660       0x82 ./User/radar_ch32.o
                0x0000000000001660                Radar_USART1_DMA1_CH5_INIT
 .text.Radar_USART1_Start
                0x00000000000016e2        0xc ./User/radar_ch32.o
                0x00000000000016e2                Radar_USART1_Start
 .text.Radar_USART1_IRQHandler_Callback
                0x00000000000016ee       0x3a ./User/radar_ch32.o
                0x00000000000016ee                Radar_USART1_IRQHandler_Callback
 .text.Radar_SendScanCmd
                0x0000000000001728       0x42 ./User/radar_ch32.o
                0x0000000000001728                Radar_SendScanCmd
 .text.SystemInit
                0x000000000000176a      0x106 ./User/system_ch32v10x.o
                0x000000000000176a                SystemInit
 .text.SystemCoreClockUpdate
                0x0000000000001870       0x8a ./User/system_ch32v10x.o
                0x0000000000001870                SystemCoreClockUpdate
 .text.vector_handler
                0x00000000000018fa        0x2 ./Startup/startup_ch32v10x.o
                0x00000000000018fa                EXTI2_IRQHandler
                0x00000000000018fa                TIM1_CC_IRQHandler
                0x00000000000018fa                SysTick_Handler
                0x00000000000018fa                PVD_IRQHandler
                0x00000000000018fa                EXTI3_IRQHandler
                0x00000000000018fa                USBFS_IRQHandler
                0x00000000000018fa                EXTI0_IRQHandler
                0x00000000000018fa                I2C2_EV_IRQHandler
                0x00000000000018fa                ADC1_2_IRQHandler
                0x00000000000018fa                SPI1_IRQHandler
                0x00000000000018fa                TAMPER_IRQHandler
                0x00000000000018fa                DMA1_Channel4_IRQHandler
                0x00000000000018fa                RTC_IRQHandler
                0x00000000000018fa                DMA1_Channel7_IRQHandler
                0x00000000000018fa                TIM4_IRQHandler
                0x00000000000018fa                I2C1_EV_IRQHandler
                0x00000000000018fa                DMA1_Channel6_IRQHandler
                0x00000000000018fa                TIM3_IRQHandler
                0x00000000000018fa                RCC_IRQHandler
                0x00000000000018fa                TIM1_TRG_COM_IRQHandler
                0x00000000000018fa                DMA1_Channel1_IRQHandler
                0x00000000000018fa                EXTI15_10_IRQHandler
                0x00000000000018fa                EXTI9_5_IRQHandler
                0x00000000000018fa                SPI2_IRQHandler
                0x00000000000018fa                DMA1_Channel5_IRQHandler
                0x00000000000018fa                EXTI4_IRQHandler
                0x00000000000018fa                DMA1_Channel3_IRQHandler
                0x00000000000018fa                TIM1_UP_IRQHandler
                0x00000000000018fa                WWDG_IRQHandler
                0x00000000000018fa                SW_Handler
                0x00000000000018fa                TIM1_BRK_IRQHandler
                0x00000000000018fa                EXTI1_IRQHandler
                0x00000000000018fa                RTCAlarm_IRQHandler
                0x00000000000018fa                I2C2_ER_IRQHandler
                0x00000000000018fa                DMA1_Channel2_IRQHandler
                0x00000000000018fa                FLASH_IRQHandler
                0x00000000000018fa                I2C1_ER_IRQHandler
                0x00000000000018fa                USBWakeUp_IRQHandler
 .text.handle_reset
                0x00000000000018fc       0x7e ./Startup/startup_ch32v10x.o
                0x00000000000018fc                handle_reset
 .text.DMA_DeInit
                0x000000000000197a       0xfa ./Peripheral/src/ch32v10x_dma.o
                0x000000000000197a                DMA_DeInit
 .text.DMA_Init
                0x0000000000001a74       0x38 ./Peripheral/src/ch32v10x_dma.o
                0x0000000000001a74                DMA_Init
 .text.DMA_Cmd  0x0000000000001aac       0x14 ./Peripheral/src/ch32v10x_dma.o
                0x0000000000001aac                DMA_Cmd
 .text.DMA_ITConfig
                0x0000000000001ac0       0x12 ./Peripheral/src/ch32v10x_dma.o
                0x0000000000001ac0                DMA_ITConfig
 .text.DMA_SetCurrDataCounter
                0x0000000000001ad2        0x4 ./Peripheral/src/ch32v10x_dma.o
                0x0000000000001ad2                DMA_SetCurrDataCounter
 .text.DMA_GetCurrDataCounter
                0x0000000000001ad6        0x8 ./Peripheral/src/ch32v10x_dma.o
                0x0000000000001ad6                DMA_GetCurrDataCounter
 .text.GPIO_Init
                0x0000000000001ade       0xc2 ./Peripheral/src/ch32v10x_gpio.o
                0x0000000000001ade                GPIO_Init
 .text.GPIO_ResetBits
                0x0000000000001ba0        0x4 ./Peripheral/src/ch32v10x_gpio.o
                0x0000000000001ba0                GPIO_ResetBits
 .text.GPIO_WriteBit
                0x0000000000001ba4        0xa ./Peripheral/src/ch32v10x_gpio.o
                0x0000000000001ba4                GPIO_WriteBit
 .text.GPIO_PinRemapConfig
                0x0000000000001bae       0x8e ./Peripheral/src/ch32v10x_gpio.o
                0x0000000000001bae                GPIO_PinRemapConfig
 .text.NVIC_PriorityGroupConfig
                0x0000000000001c3c       0x10 ./Peripheral/src/ch32v10x_misc.o
                0x0000000000001c3c                NVIC_PriorityGroupConfig
 .text.NVIC_Init
                0x0000000000001c4c       0x6e ./Peripheral/src/ch32v10x_misc.o
                0x0000000000001c4c                NVIC_Init
 .text.RCC_GetClocksFreq
                0x0000000000001cba       0xbc ./Peripheral/src/ch32v10x_rcc.o
                0x0000000000001cba                RCC_GetClocksFreq
 .text.RCC_AHBPeriphClockCmd
                0x0000000000001d76       0x1e ./Peripheral/src/ch32v10x_rcc.o
                0x0000000000001d76                RCC_AHBPeriphClockCmd
 .text.RCC_APB2PeriphClockCmd
                0x0000000000001d94       0x1e ./Peripheral/src/ch32v10x_rcc.o
                0x0000000000001d94                RCC_APB2PeriphClockCmd
 .text.RCC_APB1PeriphClockCmd
                0x0000000000001db2       0x1e ./Peripheral/src/ch32v10x_rcc.o
                0x0000000000001db2                RCC_APB1PeriphClockCmd
 .text.TI1_Config
                0x0000000000001dd0       0x7a ./Peripheral/src/ch32v10x_tim.o
 .text.TI2_Config
                0x0000000000001e4a       0x94 ./Peripheral/src/ch32v10x_tim.o
 .text.TIM_TimeBaseInit
                0x0000000000001ede       0x78 ./Peripheral/src/ch32v10x_tim.o
                0x0000000000001ede                TIM_TimeBaseInit
 .text.TIM_OC1Init
                0x0000000000001f56       0x88 ./Peripheral/src/ch32v10x_tim.o
                0x0000000000001f56                TIM_OC1Init
 .text.TIM_Cmd  0x0000000000001fde       0x1c ./Peripheral/src/ch32v10x_tim.o
                0x0000000000001fde                TIM_Cmd
 .text.TIM_CtrlPWMOutputs
                0x0000000000001ffa       0x16 ./Peripheral/src/ch32v10x_tim.o
                0x0000000000001ffa                TIM_CtrlPWMOutputs
 .text.TIM_ITConfig
                0x0000000000002010       0x16 ./Peripheral/src/ch32v10x_tim.o
                0x0000000000002010                TIM_ITConfig
 .text.TIM_ARRPreloadConfig
                0x0000000000002026       0x1e ./Peripheral/src/ch32v10x_tim.o
                0x0000000000002026                TIM_ARRPreloadConfig
 .text.TIM_OC1PreloadConfig
                0x0000000000002044       0x12 ./Peripheral/src/ch32v10x_tim.o
                0x0000000000002044                TIM_OC1PreloadConfig
 .text.TIM_SetCompare1
                0x0000000000002056        0x6 ./Peripheral/src/ch32v10x_tim.o
                0x0000000000002056                TIM_SetCompare1
 .text.TIM_SetIC1Prescaler
                0x000000000000205c       0x1e ./Peripheral/src/ch32v10x_tim.o
                0x000000000000205c                TIM_SetIC1Prescaler
 .text.TIM_SetIC2Prescaler
                0x000000000000207a       0x22 ./Peripheral/src/ch32v10x_tim.o
                0x000000000000207a                TIM_SetIC2Prescaler
 .text.TIM_SetIC3Prescaler
                0x000000000000209c       0x1e ./Peripheral/src/ch32v10x_tim.o
                0x000000000000209c                TIM_SetIC3Prescaler
 .text.TIM_SetIC4Prescaler
                0x00000000000020ba       0x22 ./Peripheral/src/ch32v10x_tim.o
                0x00000000000020ba                TIM_SetIC4Prescaler
 .text.TIM_ICInit
                0x00000000000020dc      0x186 ./Peripheral/src/ch32v10x_tim.o
                0x00000000000020dc                TIM_ICInit
 .text.TIM_GetCapture1
                0x0000000000002262        0x6 ./Peripheral/src/ch32v10x_tim.o
                0x0000000000002262                TIM_GetCapture1
 .text.TIM_GetCapture2
                0x0000000000002268        0x6 ./Peripheral/src/ch32v10x_tim.o
                0x0000000000002268                TIM_GetCapture2
 .text.TIM_GetITStatus
                0x000000000000226e       0x1c ./Peripheral/src/ch32v10x_tim.o
                0x000000000000226e                TIM_GetITStatus
 .text.TIM_ClearITPendingBit
                0x000000000000228a        0xe ./Peripheral/src/ch32v10x_tim.o
                0x000000000000228a                TIM_ClearITPendingBit
 .text.USART_Init
                0x0000000000002298       0xa8 ./Peripheral/src/ch32v10x_usart.o
                0x0000000000002298                USART_Init
 .text.USART_Cmd
                0x0000000000002340       0x1c ./Peripheral/src/ch32v10x_usart.o
                0x0000000000002340                USART_Cmd
 .text.USART_ITConfig
                0x000000000000235c       0x36 ./Peripheral/src/ch32v10x_usart.o
                0x000000000000235c                USART_ITConfig
 .text.USART_DMACmd
                0x0000000000002392       0x16 ./Peripheral/src/ch32v10x_usart.o
                0x0000000000002392                USART_DMACmd
 .text.USART_SendData
                0x00000000000023a8        0xa ./Peripheral/src/ch32v10x_usart.o
                0x00000000000023a8                USART_SendData
 .text.USART_ReceiveData
                0x00000000000023b2        0xa ./Peripheral/src/ch32v10x_usart.o
                0x00000000000023b2                USART_ReceiveData
 .text.USART_GetFlagStatus
                0x00000000000023bc        0xc ./Peripheral/src/ch32v10x_usart.o
                0x00000000000023bc                USART_GetFlagStatus
 .text.USART_GetITStatus
                0x00000000000023c8       0x44 ./Peripheral/src/ch32v10x_usart.o
                0x00000000000023c8                USART_GetITStatus
 .text.Delay_Init
                0x000000000000240c       0x2a ./Debug/debug.o
                0x000000000000240c                Delay_Init
 .text.Delay_Ms
                0x0000000000002436       0x30 ./Debug/debug.o
                0x0000000000002436                Delay_Ms
 .text._write   0x0000000000002466       0x3a ./Debug/debug.o
                0x0000000000002466                _write
 .text._sbrk    0x00000000000024a0       0x2a ./Debug/debug.o
                0x00000000000024a0                _sbrk
 .text.__addsf3
                0x00000000000024ca      0x36a e:/mounriver_studio2/resources/app/resources/win32/components/wch/toolchain/risc-v embedded gcc/bin/../lib/gcc/riscv-none-embed/8.2.0/rv32imac/ilp32\libgcc.a(addsf3.o)
                0x00000000000024ca                __addsf3
 .text.__divsf3
                0x0000000000002834      0x2b2 e:/mounriver_studio2/resources/app/resources/win32/components/wch/toolchain/risc-v embedded gcc/bin/../lib/gcc/riscv-none-embed/8.2.0/rv32imac/ilp32\libgcc.a(divsf3.o)
                0x0000000000002834                __divsf3
 .text.__mulsf3
                0x0000000000002ae6      0x290 e:/mounriver_studio2/resources/app/resources/win32/components/wch/toolchain/risc-v embedded gcc/bin/../lib/gcc/riscv-none-embed/8.2.0/rv32imac/ilp32\libgcc.a(mulsf3.o)
                0x0000000000002ae6                __mulsf3
 .text.__subsf3
                0x0000000000002d76      0x388 e:/mounriver_studio2/resources/app/resources/win32/components/wch/toolchain/risc-v embedded gcc/bin/../lib/gcc/riscv-none-embed/8.2.0/rv32imac/ilp32\libgcc.a(subsf3.o)
                0x0000000000002d76                __subsf3
 .text.__floatsisf
                0x00000000000030fe       0xc6 e:/mounriver_studio2/resources/app/resources/win32/components/wch/toolchain/risc-v embedded gcc/bin/../lib/gcc/riscv-none-embed/8.2.0/rv32imac/ilp32\libgcc.a(floatsisf.o)
                0x00000000000030fe                __floatsisf
 .text.__extendsfdf2
                0x00000000000031c4       0xac e:/mounriver_studio2/resources/app/resources/win32/components/wch/toolchain/risc-v embedded gcc/bin/../lib/gcc/riscv-none-embed/8.2.0/rv32imac/ilp32\libgcc.a(extendsfdf2.o)
                0x00000000000031c4                __extendsfdf2
 .text.__clzsi2
                0x0000000000003270       0x76 e:/mounriver_studio2/resources/app/resources/win32/components/wch/toolchain/risc-v embedded gcc/bin/../lib/gcc/riscv-none-embed/8.2.0/rv32imac/ilp32\libgcc.a(_clzsi2.o)
                0x0000000000003270                __clzsi2
 .text.memcmp   0x00000000000032e6       0x26 e:/mounriver_studio2/resources/app/resources/win32/components/wch/toolchain/risc-v embedded gcc/bin/../lib/gcc/riscv-none-embed/8.2.0/../../../../riscv-none-embed/lib/rv32imac/ilp32\libg_nano.a(lib_a-memcmp.o)
                0x00000000000032e6                memcmp
 .text.memcpy   0x000000000000330c       0xb6 e:/mounriver_studio2/resources/app/resources/win32/components/wch/toolchain/risc-v embedded gcc/bin/../lib/gcc/riscv-none-embed/8.2.0/../../../../riscv-none-embed/lib/rv32imac/ilp32\libg_nano.a(lib_a-memcpy.o)
                0x000000000000330c                memcpy
 .text.memmove  0x00000000000033c2       0x4a e:/mounriver_studio2/resources/app/resources/win32/components/wch/toolchain/risc-v embedded gcc/bin/../lib/gcc/riscv-none-embed/8.2.0/../../../../riscv-none-embed/lib/rv32imac/ilp32\libg_nano.a(lib_a-memmove.o)
                0x00000000000033c2                memmove
 .text.printf   0x000000000000340c       0x40 e:/mounriver_studio2/resources/app/resources/win32/components/wch/toolchain/risc-v embedded gcc/bin/../lib/gcc/riscv-none-embed/8.2.0/../../../../riscv-none-embed/lib/rv32imac/ilp32\libg_nano.a(lib_a-printf.o)
                0x000000000000340c                iprintf
                0x000000000000340c                printf
 .text._puts_r  0x000000000000344c       0xda e:/mounriver_studio2/resources/app/resources/win32/components/wch/toolchain/risc-v embedded gcc/bin/../lib/gcc/riscv-none-embed/8.2.0/../../../../riscv-none-embed/lib/rv32imac/ilp32\libg_nano.a(lib_a-puts.o)
                0x000000000000344c                _puts_r
 .text.puts     0x0000000000003526        0xa e:/mounriver_studio2/resources/app/resources/win32/components/wch/toolchain/risc-v embedded gcc/bin/../lib/gcc/riscv-none-embed/8.2.0/../../../../riscv-none-embed/lib/rv32imac/ilp32\libg_nano.a(lib_a-puts.o)
                0x0000000000003526                puts
 .text.snprintf
                0x0000000000003530       0x70 e:/mounriver_studio2/resources/app/resources/win32/components/wch/toolchain/risc-v embedded gcc/bin/../lib/gcc/riscv-none-embed/8.2.0/../../../../riscv-none-embed/lib/rv32imac/ilp32\libg_nano.a(lib_a-snprintf.o)
                0x0000000000003530                sniprintf
                0x0000000000003530                snprintf
 .text.__swbuf_r
                0x00000000000035a0       0xc0 e:/mounriver_studio2/resources/app/resources/win32/components/wch/toolchain/risc-v embedded gcc/bin/../lib/gcc/riscv-none-embed/8.2.0/../../../../riscv-none-embed/lib/rv32imac/ilp32\libg_nano.a(lib_a-wbuf.o)
                0x00000000000035a0                __swbuf_r
 .text.__swsetup_r
                0x0000000000003660      0x10c e:/mounriver_studio2/resources/app/resources/win32/components/wch/toolchain/risc-v embedded gcc/bin/../lib/gcc/riscv-none-embed/8.2.0/../../../../riscv-none-embed/lib/rv32imac/ilp32\libg_nano.a(lib_a-wsetup.o)
                0x0000000000003660                __swsetup_r
 .text.__sflush_r
                0x000000000000376c      0x13c e:/mounriver_studio2/resources/app/resources/win32/components/wch/toolchain/risc-v embedded gcc/bin/../lib/gcc/riscv-none-embed/8.2.0/../../../../riscv-none-embed/lib/rv32imac/ilp32\libg_nano.a(lib_a-fflush.o)
                0x000000000000376c                __sflush_r
 .text._fflush_r
                0x00000000000038a8       0x66 e:/mounriver_studio2/resources/app/resources/win32/components/wch/toolchain/risc-v embedded gcc/bin/../lib/gcc/riscv-none-embed/8.2.0/../../../../riscv-none-embed/lib/rv32imac/ilp32\libg_nano.a(lib_a-fflush.o)
                0x00000000000038a8                _fflush_r
 .text.std      0x000000000000390e       0x6a e:/mounriver_studio2/resources/app/resources/win32/components/wch/toolchain/risc-v embedded gcc/bin/../lib/gcc/riscv-none-embed/8.2.0/../../../../riscv-none-embed/lib/rv32imac/ilp32\libg_nano.a(lib_a-findfp.o)
 .text._cleanup_r
                0x0000000000003978        0xa e:/mounriver_studio2/resources/app/resources/win32/components/wch/toolchain/risc-v embedded gcc/bin/../lib/gcc/riscv-none-embed/8.2.0/../../../../riscv-none-embed/lib/rv32imac/ilp32\libg_nano.a(lib_a-findfp.o)
                0x0000000000003978                _cleanup_r
 .text.__sfmoreglue
                0x0000000000003982       0x46 e:/mounriver_studio2/resources/app/resources/win32/components/wch/toolchain/risc-v embedded gcc/bin/../lib/gcc/riscv-none-embed/8.2.0/../../../../riscv-none-embed/lib/rv32imac/ilp32\libg_nano.a(lib_a-findfp.o)
                0x0000000000003982                __sfmoreglue
 .text.__sinit  0x00000000000039c8       0x6c e:/mounriver_studio2/resources/app/resources/win32/components/wch/toolchain/risc-v embedded gcc/bin/../lib/gcc/riscv-none-embed/8.2.0/../../../../riscv-none-embed/lib/rv32imac/ilp32\libg_nano.a(lib_a-findfp.o)
                0x00000000000039c8                __sinit
 .text.__sfp    0x0000000000003a34       0x9e e:/mounriver_studio2/resources/app/resources/win32/components/wch/toolchain/risc-v embedded gcc/bin/../lib/gcc/riscv-none-embed/8.2.0/../../../../riscv-none-embed/lib/rv32imac/ilp32\libg_nano.a(lib_a-findfp.o)
                0x0000000000003a34                __sfp
 .text._fwalk_reent
                0x0000000000003ad2       0x6c e:/mounriver_studio2/resources/app/resources/win32/components/wch/toolchain/risc-v embedded gcc/bin/../lib/gcc/riscv-none-embed/8.2.0/../../../../riscv-none-embed/lib/rv32imac/ilp32\libg_nano.a(lib_a-fwalk.o)
                0x0000000000003ad2                _fwalk_reent
 .text.__swhatbuf_r
                0x0000000000003b3e       0x5a e:/mounriver_studio2/resources/app/resources/win32/components/wch/toolchain/risc-v embedded gcc/bin/../lib/gcc/riscv-none-embed/8.2.0/../../../../riscv-none-embed/lib/rv32imac/ilp32\libg_nano.a(lib_a-makebuf.o)
                0x0000000000003b3e                __swhatbuf_r
 .text.__smakebuf_r
                0x0000000000003b98       0x9e e:/mounriver_studio2/resources/app/resources/win32/components/wch/toolchain/risc-v embedded gcc/bin/../lib/gcc/riscv-none-embed/8.2.0/../../../../riscv-none-embed/lib/rv32imac/ilp32\libg_nano.a(lib_a-makebuf.o)
                0x0000000000003b98                __smakebuf_r
 .text._free_r  0x0000000000003c36       0xa8 e:/mounriver_studio2/resources/app/resources/win32/components/wch/toolchain/risc-v embedded gcc/bin/../lib/gcc/riscv-none-embed/8.2.0/../../../../riscv-none-embed/lib/rv32imac/ilp32\libg_nano.a(lib_a-nano-freer.o)
                0x0000000000003c36                _free_r
 .text._malloc_r
                0x0000000000003cde       0xda e:/mounriver_studio2/resources/app/resources/win32/components/wch/toolchain/risc-v embedded gcc/bin/../lib/gcc/riscv-none-embed/8.2.0/../../../../riscv-none-embed/lib/rv32imac/ilp32\libg_nano.a(lib_a-nano-mallocr.o)
                0x0000000000003cde                _malloc_r
 .text.__ssputs_r
                0x0000000000003db8       0xee e:/mounriver_studio2/resources/app/resources/win32/components/wch/toolchain/risc-v embedded gcc/bin/../lib/gcc/riscv-none-embed/8.2.0/../../../../riscv-none-embed/lib/rv32imac/ilp32\libg_nano.a(lib_a-nano-svfprintf.o)
                0x0000000000003db8                __ssputs_r
 .text._svfprintf_r
                0x0000000000003ea6      0x280 e:/mounriver_studio2/resources/app/resources/win32/components/wch/toolchain/risc-v embedded gcc/bin/../lib/gcc/riscv-none-embed/8.2.0/../../../../riscv-none-embed/lib/rv32imac/ilp32\libg_nano.a(lib_a-nano-svfprintf.o)
                0x0000000000003ea6                _svfiprintf_r
                0x0000000000003ea6                _svfprintf_r
 .text.__sfputc_r
                0x0000000000004126       0x2a e:/mounriver_studio2/resources/app/resources/win32/components/wch/toolchain/risc-v embedded gcc/bin/../lib/gcc/riscv-none-embed/8.2.0/../../../../riscv-none-embed/lib/rv32imac/ilp32\libg_nano.a(lib_a-nano-vfprintf.o)
 .text.__sfputs_r
                0x0000000000004150       0x44 e:/mounriver_studio2/resources/app/resources/win32/components/wch/toolchain/risc-v embedded gcc/bin/../lib/gcc/riscv-none-embed/8.2.0/../../../../riscv-none-embed/lib/rv32imac/ilp32\libg_nano.a(lib_a-nano-vfprintf.o)
                0x0000000000004150                __sfputs_r
 .text._vfprintf_r
                0x0000000000004194      0x29c e:/mounriver_studio2/resources/app/resources/win32/components/wch/toolchain/risc-v embedded gcc/bin/../lib/gcc/riscv-none-embed/8.2.0/../../../../riscv-none-embed/lib/rv32imac/ilp32\libg_nano.a(lib_a-nano-vfprintf.o)
                0x0000000000004194                _vfprintf_r
                0x0000000000004194                _vfiprintf_r
 .text._printf_common
                0x0000000000004430      0x10c e:/mounriver_studio2/resources/app/resources/win32/components/wch/toolchain/risc-v embedded gcc/bin/../lib/gcc/riscv-none-embed/8.2.0/../../../../riscv-none-embed/lib/rv32imac/ilp32\libg_nano.a(lib_a-nano-vfprintf_i.o)
                0x0000000000004430                _printf_common
 .text._printf_i
                0x000000000000453c      0x2aa e:/mounriver_studio2/resources/app/resources/win32/components/wch/toolchain/risc-v embedded gcc/bin/../lib/gcc/riscv-none-embed/8.2.0/../../../../riscv-none-embed/lib/rv32imac/ilp32\libg_nano.a(lib_a-nano-vfprintf_i.o)
                0x000000000000453c                _printf_i
 .text._sbrk_r  0x00000000000047e6       0x32 e:/mounriver_studio2/resources/app/resources/win32/components/wch/toolchain/risc-v embedded gcc/bin/../lib/gcc/riscv-none-embed/8.2.0/../../../../riscv-none-embed/lib/rv32imac/ilp32\libg_nano.a(lib_a-sbrkr.o)
                0x00000000000047e6                _sbrk_r
 .text.__sread  0x0000000000004818       0x30 e:/mounriver_studio2/resources/app/resources/win32/components/wch/toolchain/risc-v embedded gcc/bin/../lib/gcc/riscv-none-embed/8.2.0/../../../../riscv-none-embed/lib/rv32imac/ilp32\libg_nano.a(lib_a-stdio.o)
                0x0000000000004818                __sread
 .text.__swrite
                0x0000000000004848       0x4e e:/mounriver_studio2/resources/app/resources/win32/components/wch/toolchain/risc-v embedded gcc/bin/../lib/gcc/riscv-none-embed/8.2.0/../../../../riscv-none-embed/lib/rv32imac/ilp32\libg_nano.a(lib_a-stdio.o)
                0x0000000000004848                __swrite
 .text.__sseek  0x0000000000004896       0x36 e:/mounriver_studio2/resources/app/resources/win32/components/wch/toolchain/risc-v embedded gcc/bin/../lib/gcc/riscv-none-embed/8.2.0/../../../../riscv-none-embed/lib/rv32imac/ilp32\libg_nano.a(lib_a-stdio.o)
                0x0000000000004896                __sseek
 .text.__sclose
                0x00000000000048cc        0x6 e:/mounriver_studio2/resources/app/resources/win32/components/wch/toolchain/risc-v embedded gcc/bin/../lib/gcc/riscv-none-embed/8.2.0/../../../../riscv-none-embed/lib/rv32imac/ilp32\libg_nano.a(lib_a-stdio.o)
                0x00000000000048cc                __sclose
 .text._write_r
                0x00000000000048d2       0x36 e:/mounriver_studio2/resources/app/resources/win32/components/wch/toolchain/risc-v embedded gcc/bin/../lib/gcc/riscv-none-embed/8.2.0/../../../../riscv-none-embed/lib/rv32imac/ilp32\libg_nano.a(lib_a-writer.o)
                0x00000000000048d2                _write_r
 .text._close_r
                0x0000000000004908       0x30 e:/mounriver_studio2/resources/app/resources/win32/components/wch/toolchain/risc-v embedded gcc/bin/../lib/gcc/riscv-none-embed/8.2.0/../../../../riscv-none-embed/lib/rv32imac/ilp32\libg_nano.a(lib_a-closer.o)
                0x0000000000004908                _close_r
 .text._fstat_r
                0x0000000000004938       0x32 e:/mounriver_studio2/resources/app/resources/win32/components/wch/toolchain/risc-v embedded gcc/bin/../lib/gcc/riscv-none-embed/8.2.0/../../../../riscv-none-embed/lib/rv32imac/ilp32\libg_nano.a(lib_a-fstatr.o)
                0x0000000000004938                _fstat_r
 .text._isatty_r
                0x000000000000496a       0x30 e:/mounriver_studio2/resources/app/resources/win32/components/wch/toolchain/risc-v embedded gcc/bin/../lib/gcc/riscv-none-embed/8.2.0/../../../../riscv-none-embed/lib/rv32imac/ilp32\libg_nano.a(lib_a-isattyr.o)
                0x000000000000496a                _isatty_r
 .text._lseek_r
                0x000000000000499a       0x34 e:/mounriver_studio2/resources/app/resources/win32/components/wch/toolchain/risc-v embedded gcc/bin/../lib/gcc/riscv-none-embed/8.2.0/../../../../riscv-none-embed/lib/rv32imac/ilp32\libg_nano.a(lib_a-lseekr.o)
                0x000000000000499a                _lseek_r
 .text.memchr   0x00000000000049ce       0x1a e:/mounriver_studio2/resources/app/resources/win32/components/wch/toolchain/risc-v embedded gcc/bin/../lib/gcc/riscv-none-embed/8.2.0/../../../../riscv-none-embed/lib/rv32imac/ilp32\libg_nano.a(lib_a-memchr.o)
                0x00000000000049ce                memchr
 .text.__malloc_lock
                0x00000000000049e8        0x2 e:/mounriver_studio2/resources/app/resources/win32/components/wch/toolchain/risc-v embedded gcc/bin/../lib/gcc/riscv-none-embed/8.2.0/../../../../riscv-none-embed/lib/rv32imac/ilp32\libg_nano.a(lib_a-mlock.o)
                0x00000000000049e8                __malloc_lock
 .text.__malloc_unlock
                0x00000000000049ea        0x2 e:/mounriver_studio2/resources/app/resources/win32/components/wch/toolchain/risc-v embedded gcc/bin/../lib/gcc/riscv-none-embed/8.2.0/../../../../riscv-none-embed/lib/rv32imac/ilp32\libg_nano.a(lib_a-mlock.o)
                0x00000000000049ea                __malloc_unlock
 .text._realloc_r
                0x00000000000049ec       0x58 e:/mounriver_studio2/resources/app/resources/win32/components/wch/toolchain/risc-v embedded gcc/bin/../lib/gcc/riscv-none-embed/8.2.0/../../../../riscv-none-embed/lib/rv32imac/ilp32\libg_nano.a(lib_a-nano-reallocr.o)
                0x00000000000049ec                _realloc_r
 .text._read_r  0x0000000000004a44       0x34 e:/mounriver_studio2/resources/app/resources/win32/components/wch/toolchain/risc-v embedded gcc/bin/../lib/gcc/riscv-none-embed/8.2.0/../../../../riscv-none-embed/lib/rv32imac/ilp32\libg_nano.a(lib_a-readr.o)
                0x0000000000004a44                _read_r
 .text._malloc_usable_size_r
                0x0000000000004a78       0x14 e:/mounriver_studio2/resources/app/resources/win32/components/wch/toolchain/risc-v embedded gcc/bin/../lib/gcc/riscv-none-embed/8.2.0/../../../../riscv-none-embed/lib/rv32imac/ilp32\libg_nano.a(lib_a-nano-msizer.o)
                0x0000000000004a78                _malloc_usable_size_r
 .text._close   0x0000000000004a8c       0x10 e:/mounriver_studio2/resources/app/resources/win32/components/wch/toolchain/risc-v embedded gcc/bin/../lib/gcc/riscv-none-embed/8.2.0/../../../../riscv-none-embed/lib/rv32imac/ilp32\libnosys.a(close.o)
                0x0000000000004a8c                _close
 .text._fstat   0x0000000000004a9c       0x10 e:/mounriver_studio2/resources/app/resources/win32/components/wch/toolchain/risc-v embedded gcc/bin/../lib/gcc/riscv-none-embed/8.2.0/../../../../riscv-none-embed/lib/rv32imac/ilp32\libnosys.a(fstat.o)
                0x0000000000004a9c                _fstat
 .text._isatty  0x0000000000004aac       0x10 e:/mounriver_studio2/resources/app/resources/win32/components/wch/toolchain/risc-v embedded gcc/bin/../lib/gcc/riscv-none-embed/8.2.0/../../../../riscv-none-embed/lib/rv32imac/ilp32\libnosys.a(isatty.o)
                0x0000000000004aac                _isatty
 .text._lseek   0x0000000000004abc       0x10 e:/mounriver_studio2/resources/app/resources/win32/components/wch/toolchain/risc-v embedded gcc/bin/../lib/gcc/riscv-none-embed/8.2.0/../../../../riscv-none-embed/lib/rv32imac/ilp32\libnosys.a(lseek.o)
                0x0000000000004abc                _lseek
 .text._read    0x0000000000004acc       0x10 e:/mounriver_studio2/resources/app/resources/win32/components/wch/toolchain/risc-v embedded gcc/bin/../lib/gcc/riscv-none-embed/8.2.0/../../../../riscv-none-embed/lib/rv32imac/ilp32\libnosys.a(read.o)
                0x0000000000004acc                _read
 *(.rodata)
 *(.rodata*)
 *fill*         0x0000000000004adc        0x0 
 .rodata.JY901_Process.cst4
                0x0000000000004adc        0xc ./User/JY901.o
 .rodata.JY901_Process.str1.4
                0x0000000000004ae8        0xc ./User/JY901.o
 .rodata.OLED_F8x16
                0x0000000000004af4      0x5f0 ./User/Oled.o
                0x0000000000004af4                OLED_F8x16
 .rodata.main.str1.4
                0x00000000000050e4       0x8b ./User/main.o
 *fill*         0x000000000000516f        0x1 
 .rodata.__divsf3
                0x0000000000005170       0x80 e:/mounriver_studio2/resources/app/resources/win32/components/wch/toolchain/risc-v embedded gcc/bin/../lib/gcc/riscv-none-embed/8.2.0/rv32imac/ilp32\libgcc.a(divsf3.o)
 .rodata.__mulsf3
                0x00000000000051f0       0x40 e:/mounriver_studio2/resources/app/resources/win32/components/wch/toolchain/risc-v embedded gcc/bin/../lib/gcc/riscv-none-embed/8.2.0/rv32imac/ilp32\libgcc.a(mulsf3.o)
 .rodata.__clz_tab
                0x0000000000005230      0x100 e:/mounriver_studio2/resources/app/resources/win32/components/wch/toolchain/risc-v embedded gcc/bin/../lib/gcc/riscv-none-embed/8.2.0/rv32imac/ilp32\libgcc.a(_clz.o)
                0x0000000000005230                __clz_tab
 .rodata.__sf_fake_stderr
                0x0000000000005330       0x20 e:/mounriver_studio2/resources/app/resources/win32/components/wch/toolchain/risc-v embedded gcc/bin/../lib/gcc/riscv-none-embed/8.2.0/../../../../riscv-none-embed/lib/rv32imac/ilp32\libg_nano.a(lib_a-findfp.o)
                0x0000000000005330                __sf_fake_stderr
 .rodata.__sf_fake_stdin
                0x0000000000005350       0x20 e:/mounriver_studio2/resources/app/resources/win32/components/wch/toolchain/risc-v embedded gcc/bin/../lib/gcc/riscv-none-embed/8.2.0/../../../../riscv-none-embed/lib/rv32imac/ilp32\libg_nano.a(lib_a-findfp.o)
                0x0000000000005350                __sf_fake_stdin
 .rodata.__sf_fake_stdout
                0x0000000000005370       0x20 e:/mounriver_studio2/resources/app/resources/win32/components/wch/toolchain/risc-v embedded gcc/bin/../lib/gcc/riscv-none-embed/8.2.0/../../../../riscv-none-embed/lib/rv32imac/ilp32\libg_nano.a(lib_a-findfp.o)
                0x0000000000005370                __sf_fake_stdout
 .rodata._svfprintf_r.str1.4
                0x0000000000005390       0x13 e:/mounriver_studio2/resources/app/resources/win32/components/wch/toolchain/risc-v embedded gcc/bin/../lib/gcc/riscv-none-embed/8.2.0/../../../../riscv-none-embed/lib/rv32imac/ilp32\libg_nano.a(lib_a-nano-svfprintf.o)
 .rodata._vfprintf_r.str1.4
                0x00000000000053a3       0x13 e:/mounriver_studio2/resources/app/resources/win32/components/wch/toolchain/risc-v embedded gcc/bin/../lib/gcc/riscv-none-embed/8.2.0/../../../../riscv-none-embed/lib/rv32imac/ilp32\libg_nano.a(lib_a-nano-vfprintf.o)
 *fill*         0x00000000000053a3        0x1 
 .rodata._printf_i.str1.4
                0x00000000000053a4       0x28 e:/mounriver_studio2/resources/app/resources/win32/components/wch/toolchain/risc-v embedded gcc/bin/../lib/gcc/riscv-none-embed/8.2.0/../../../../riscv-none-embed/lib/rv32imac/ilp32\libg_nano.a(lib_a-nano-vfprintf_i.o)
                                         0x25 (size before relaxing)
 *(.gnu.linkonce.t.*)
                0x00000000000053cc                . = ALIGN (0x4)

.rela.dyn       0x00000000000053cc        0x0
 .rela.init     0x00000000000053cc        0x0 ./User/JY901.o
 .rela.vector   0x00000000000053cc        0x0 ./User/JY901.o
 .rela.text.handle_reset
                0x00000000000053cc        0x0 ./User/JY901.o
 .rela.text._sbrk
                0x00000000000053cc        0x0 ./User/JY901.o
 .rela.sdata.curbrk.4779
                0x00000000000053cc        0x0 ./User/JY901.o
 .rela.text._svfprintf_r
                0x00000000000053cc        0x0 ./User/JY901.o
 .rela.text._vfprintf_r
                0x00000000000053cc        0x0 ./User/JY901.o
 .rela.text._sbrk_r
                0x00000000000053cc        0x0 ./User/JY901.o
 .rela.text._write_r
                0x00000000000053cc        0x0 ./User/JY901.o
 .rela.text._close_r
                0x00000000000053cc        0x0 ./User/JY901.o
 .rela.text._fstat_r
                0x00000000000053cc        0x0 ./User/JY901.o
 .rela.text._isatty_r
                0x00000000000053cc        0x0 ./User/JY901.o
 .rela.text._lseek_r
                0x00000000000053cc        0x0 ./User/JY901.o
 .rela.text._read_r
                0x00000000000053cc        0x0 ./User/JY901.o
 .rela.text._close
                0x00000000000053cc        0x0 ./User/JY901.o
 .rela.text._fstat
                0x00000000000053cc        0x0 ./User/JY901.o
 .rela.text._isatty
                0x00000000000053cc        0x0 ./User/JY901.o
 .rela.text._lseek
                0x00000000000053cc        0x0 ./User/JY901.o
 .rela.text._read
                0x00000000000053cc        0x0 ./User/JY901.o

.fini           0x00000000000053cc        0x0
 *(SORT_NONE(.fini))
                0x00000000000053cc                . = ALIGN (0x4)
                [!provide]                        PROVIDE (_etext = .)
                [!provide]                        PROVIDE (_eitcm = .)

.preinit_array  0x00000000000053cc        0x0
                [!provide]                        PROVIDE (__preinit_array_start = .)
 *(.preinit_array)
                [!provide]                        PROVIDE (__preinit_array_end = .)

.init_array     0x00000000000053cc        0x0
                [!provide]                        PROVIDE (__init_array_start = .)
 *(SORT_BY_INIT_PRIORITY(.init_array.*) SORT_BY_INIT_PRIORITY(.ctors.*))
 *(.init_array EXCLUDE_FILE(*crtend?.o *crtend.o *crtbegin?.o *crtbegin.o) .ctors)
                [!provide]                        PROVIDE (__init_array_end = .)

.fini_array     0x00000000000053cc        0x0
                [!provide]                        PROVIDE (__fini_array_start = .)
 *(SORT_BY_INIT_PRIORITY(.fini_array.*) SORT_BY_INIT_PRIORITY(.dtors.*))
 *(.fini_array EXCLUDE_FILE(*crtend?.o *crtend.o *crtbegin?.o *crtbegin.o) .dtors)
                [!provide]                        PROVIDE (__fini_array_end = .)

.ctors
 *crtbegin.o(.ctors)
 *crtbegin?.o(.ctors)
 *(EXCLUDE_FILE(*crtend?.o *crtend.o) .ctors)
 *(SORT_BY_NAME(.ctors.*))
 *(.ctors)

.dtors
 *crtbegin.o(.dtors)
 *crtbegin?.o(.dtors)
 *(EXCLUDE_FILE(*crtend?.o *crtend.o) .dtors)
 *(SORT_BY_NAME(.dtors.*))
 *(.dtors)

.dalign         0x0000000020000000        0x0 load address 0x00000000000053cc
                0x0000000020000000                . = ALIGN (0x4)
                0x0000000020000000                PROVIDE (_data_vma = .)

.dlalign        0x00000000000053cc        0x0
                0x00000000000053cc                . = ALIGN (0x4)
                0x00000000000053cc                PROVIDE (_data_lma = .)

.data           0x0000000020000000       0xa0 load address 0x00000000000053cc
 *(.gnu.linkonce.r.*)
 *(.data .data.*)
 .data.AHBPrescTable
                0x0000000020000000       0x10 ./User/system_ch32v10x.o
                0x0000000020000000                AHBPrescTable
 .data.APBAHBPrescTable
                0x0000000020000010       0x10 ./Peripheral/src/ch32v10x_rcc.o
 .data.impure_data
                0x0000000020000020       0x60 e:/mounriver_studio2/resources/app/resources/win32/components/wch/toolchain/risc-v embedded gcc/bin/../lib/gcc/riscv-none-embed/8.2.0/../../../../riscv-none-embed/lib/rv32imac/ilp32\libg_nano.a(lib_a-impure.o)
 *(.gnu.linkonce.d.*)
                0x0000000020000080                . = ALIGN (0x8)
                0x0000000020000880                PROVIDE (__global_pointer$ = (. + 0x800))
 *(.sdata .sdata.*)
 .sdata.SystemCoreClock
                0x0000000020000080        0x4 ./User/system_ch32v10x.o
                0x0000000020000080                SystemCoreClock
 .sdata.ADCPrescTable
                0x0000000020000084        0x4 ./Peripheral/src/ch32v10x_rcc.o
 .sdata.curbrk.4779
                0x0000000020000088        0x4 ./Debug/debug.o
 .sdata._impure_ptr
                0x000000002000008c        0x4 e:/mounriver_studio2/resources/app/resources/win32/components/wch/toolchain/risc-v embedded gcc/bin/../lib/gcc/riscv-none-embed/8.2.0/../../../../riscv-none-embed/lib/rv32imac/ilp32\libg_nano.a(lib_a-impure.o)
                0x000000002000008c                _impure_ptr
 *(.sdata2.*)
 .sdata2.kRadarDesc
                0x0000000020000090        0x7 ./User/radar_ch32.o
 *fill*         0x0000000020000097        0x1 
 .sdata2._global_impure_ptr
                0x0000000020000098        0x4 e:/mounriver_studio2/resources/app/resources/win32/components/wch/toolchain/risc-v embedded gcc/bin/../lib/gcc/riscv-none-embed/8.2.0/../../../../riscv-none-embed/lib/rv32imac/ilp32\libg_nano.a(lib_a-impure.o)
                0x0000000020000098                _global_impure_ptr
 *(.gnu.linkonce.s.*)
                0x00000000200000a0                . = ALIGN (0x8)
 *fill*         0x000000002000009c        0x4 
 *(.srodata.cst16)
 *(.srodata.cst8)
 *(.srodata.cst4)
 *(.srodata.cst2)
 *(.srodata .srodata.*)
                0x00000000200000a0                . = ALIGN (0x4)
                0x00000000200000a0                PROVIDE (_edata = .)

.bss            0x00000000200000a0     0x30d0 load address 0x000000000000546c
                0x00000000200000a0                . = ALIGN (0x4)
                0x00000000200000a0                PROVIDE (_sbss = .)
 *(.sbss*)
 .sbss.stcAcc   0x00000000200000a0        0x8 ./User/JY901.o
                0x00000000200000a0                stcAcc
 .sbss.count    0x00000000200000a8        0x2 ./User/SR04.o
                0x00000000200000a8                count
 .sbss.falling_cnt
                0x00000000200000aa        0x2 ./User/SR04.o
                0x00000000200000aa                falling_cnt
 .sbss.rising_cnt
                0x00000000200000ac        0x2 ./User/SR04.o
                0x00000000200000ac                rising_cnt
 .sbss.startFlag
                0x00000000200000ae        0x2 ./User/SR04.o
                0x00000000200000ae                startFlag
 .sbss.RX3_rev_flag
                0x00000000200000b0        0x1 ./User/main.o
                0x00000000200000b0                RX3_rev_flag
 *fill*         0x00000000200000b1        0x1 
 .sbss.Rx3_len  0x00000000200000b2        0x2 ./User/main.o
                0x00000000200000b2                Rx3_len
 .sbss.hangxiangjiao
                0x00000000200000b4        0x4 ./User/main.o
                0x00000000200000b4                hangxiangjiao
 .sbss.NVIC_Priority_Group
                0x00000000200000b8        0x4 ./Peripheral/src/ch32v10x_misc.o
                0x00000000200000b8                NVIC_Priority_Group
 .sbss.p_ms     0x00000000200000bc        0x2 ./Debug/debug.o
 .sbss.p_us     0x00000000200000be        0x1 ./Debug/debug.o
 *fill*         0x00000000200000bf        0x1 
 .sbss.__malloc_free_list
                0x00000000200000c0        0x4 e:/mounriver_studio2/resources/app/resources/win32/components/wch/toolchain/risc-v embedded gcc/bin/../lib/gcc/riscv-none-embed/8.2.0/../../../../riscv-none-embed/lib/rv32imac/ilp32\libg_nano.a(lib_a-nano-mallocr.o)
                0x00000000200000c0                __malloc_free_list
 .sbss.__malloc_sbrk_start
                0x00000000200000c4        0x4 e:/mounriver_studio2/resources/app/resources/win32/components/wch/toolchain/risc-v embedded gcc/bin/../lib/gcc/riscv-none-embed/8.2.0/../../../../riscv-none-embed/lib/rv32imac/ilp32\libg_nano.a(lib_a-nano-mallocr.o)
                0x00000000200000c4                __malloc_sbrk_start
 *(.gnu.linkonce.sb.*)
 *(.bss*)
 .bss.JY901_data
                0x00000000200000c8       0x60 ./User/JY901.o
                0x00000000200000c8                JY901_data
 .bss.RX3_Buffer
                0x0000000020000128       0x80 ./User/Laser.o
                0x0000000020000128                RX3_Buffer
 .bss.RadarRxBuf
                0x00000000200001a8       0x80 ./User/radar_ch32.o
                0x00000000200001a8                RadarRxBuf
 .bss.gRadar    0x0000000020000228     0x2f44 ./User/radar_ch32.o
                0x0000000020000228                gRadar
 *(.gnu.linkonce.b.*)
 *(COMMON*)
 COMMON         0x000000002000316c        0x4 e:/mounriver_studio2/resources/app/resources/win32/components/wch/toolchain/risc-v embedded gcc/bin/../lib/gcc/riscv-none-embed/8.2.0/../../../../riscv-none-embed/lib/rv32imac/ilp32\libg_nano.a(lib_a-reent.o)
                0x000000002000316c                errno
                0x0000000020003170                . = ALIGN (0x4)
                0x0000000020003170                PROVIDE (_ebss = .)
                0x0000000020003170                PROVIDE (_end = _ebss)
                [!provide]                        PROVIDE (end = .)

.stack          0x0000000020004800      0x800
                0x0000000020004800                PROVIDE (_heap_end = .)
                0x0000000020004800                . = ALIGN (0x4)
                [!provide]                        PROVIDE (_susrstack = .)
                0x0000000020005000                . = (. + __stack_size)
 *fill*         0x0000000020004800      0x800 
                0x0000000020005000                PROVIDE (_eusrstack = .)
OUTPUT(CH32V103C8T6.elf elf32-littleriscv)

.debug_info     0x0000000000000000    0x1748e
 .debug_info    0x0000000000000000     0x16fd ./User/JY901.o
 .debug_info    0x00000000000016fd     0x14b8 ./User/Laser.o
 .debug_info    0x0000000000002bb5     0x1125 ./User/Motor.o
 .debug_info    0x0000000000003cda     0x1fd8 ./User/Oled.o
 .debug_info    0x0000000000005cb2     0x1944 ./User/SR04.o
 .debug_info    0x00000000000075f6     0x11b6 ./User/Servo.o
 .debug_info    0x00000000000087ac      0xd51 ./User/ch32v10x_it.o
 .debug_info    0x00000000000094fd     0x1936 ./User/main.o
 .debug_info    0x000000000000ae33     0x2146 ./User/radar_ch32.o
 .debug_info    0x000000000000cf79      0xdb7 ./User/system_ch32v10x.o
 .debug_info    0x000000000000dd30       0x22 ./Startup/startup_ch32v10x.o
 .debug_info    0x000000000000dd52      0xec4 ./Peripheral/src/ch32v10x_dma.o
 .debug_info    0x000000000000ec16     0x12e7 ./Peripheral/src/ch32v10x_gpio.o
 .debug_info    0x000000000000fefd     0x100d ./Peripheral/src/ch32v10x_misc.o
 .debug_info    0x0000000000010f0a     0x139e ./Peripheral/src/ch32v10x_rcc.o
 .debug_info    0x00000000000122a8     0x2b3b ./Peripheral/src/ch32v10x_tim.o
 .debug_info    0x0000000000014de3     0x1515 ./Peripheral/src/ch32v10x_usart.o
 .debug_info    0x00000000000162f8     0x1196 ./Debug/debug.o

.debug_abbrev   0x0000000000000000     0x3665
 .debug_abbrev  0x0000000000000000      0x357 ./User/JY901.o
 .debug_abbrev  0x0000000000000357      0x2ff ./User/Laser.o
 .debug_abbrev  0x0000000000000656      0x263 ./User/Motor.o
 .debug_abbrev  0x00000000000008b9      0x3eb ./User/Oled.o
 .debug_abbrev  0x0000000000000ca4      0x339 ./User/SR04.o
 .debug_abbrev  0x0000000000000fdd      0x2a1 ./User/Servo.o
 .debug_abbrev  0x000000000000127e      0x231 ./User/ch32v10x_it.o
 .debug_abbrev  0x00000000000014af      0x349 ./User/main.o
 .debug_abbrev  0x00000000000017f8      0x4d6 ./User/radar_ch32.o
 .debug_abbrev  0x0000000000001cce      0x2c5 ./User/system_ch32v10x.o
 .debug_abbrev  0x0000000000001f93       0x12 ./Startup/startup_ch32v10x.o
 .debug_abbrev  0x0000000000001fa5      0x320 ./Peripheral/src/ch32v10x_dma.o
 .debug_abbrev  0x00000000000022c5      0x33d ./Peripheral/src/ch32v10x_gpio.o
 .debug_abbrev  0x0000000000002602      0x307 ./Peripheral/src/ch32v10x_misc.o
 .debug_abbrev  0x0000000000002909      0x356 ./Peripheral/src/ch32v10x_rcc.o
 .debug_abbrev  0x0000000000002c5f      0x40d ./Peripheral/src/ch32v10x_tim.o
 .debug_abbrev  0x000000000000306c      0x317 ./Peripheral/src/ch32v10x_usart.o
 .debug_abbrev  0x0000000000003383      0x2e2 ./Debug/debug.o

.debug_loc      0x0000000000000000     0x45c1
 .debug_loc     0x0000000000000000      0x17e ./User/JY901.o
 .debug_loc     0x000000000000017e      0x18d ./User/Laser.o
 .debug_loc     0x000000000000030b      0x92e ./User/Oled.o
 .debug_loc     0x0000000000000c39       0xfc ./User/SR04.o
 .debug_loc     0x0000000000000d35       0x61 ./User/Servo.o
 .debug_loc     0x0000000000000d96       0x35 ./User/main.o
 .debug_loc     0x0000000000000dcb      0x663 ./User/radar_ch32.o
 .debug_loc     0x000000000000142e       0xb8 ./User/system_ch32v10x.o
 .debug_loc     0x00000000000014e6      0x183 ./Peripheral/src/ch32v10x_dma.o
 .debug_loc     0x0000000000001669      0x643 ./Peripheral/src/ch32v10x_gpio.o
 .debug_loc     0x0000000000001cac       0x5b ./Peripheral/src/ch32v10x_misc.o
 .debug_loc     0x0000000000001d07      0x761 ./Peripheral/src/ch32v10x_rcc.o
 .debug_loc     0x0000000000002468     0x18c9 ./Peripheral/src/ch32v10x_tim.o
 .debug_loc     0x0000000000003d31      0x72e ./Peripheral/src/ch32v10x_usart.o
 .debug_loc     0x000000000000445f      0x162 ./Debug/debug.o

.debug_aranges  0x0000000000000000      0x990
 .debug_aranges
                0x0000000000000000       0x40 ./User/JY901.o
 .debug_aranges
                0x0000000000000040       0x40 ./User/Laser.o
 .debug_aranges
                0x0000000000000080       0x20 ./User/Motor.o
 .debug_aranges
                0x00000000000000a0       0xb8 ./User/Oled.o
 .debug_aranges
                0x0000000000000158       0x60 ./User/SR04.o
 .debug_aranges
                0x00000000000001b8       0x28 ./User/Servo.o
 .debug_aranges
                0x00000000000001e0       0x28 ./User/ch32v10x_it.o
 .debug_aranges
                0x0000000000000208       0x38 ./User/main.o
 .debug_aranges
                0x0000000000000240       0x98 ./User/radar_ch32.o
 .debug_aranges
                0x00000000000002d8       0x28 ./User/system_ch32v10x.o
 .debug_aranges
                0x0000000000000300       0x38 ./Startup/startup_ch32v10x.o
 .debug_aranges
                0x0000000000000338       0x60 ./Peripheral/src/ch32v10x_dma.o
 .debug_aranges
                0x0000000000000398       0xa8 ./Peripheral/src/ch32v10x_gpio.o
 .debug_aranges
                0x0000000000000440       0x28 ./Peripheral/src/ch32v10x_misc.o
 .debug_aranges
                0x0000000000000468      0x118 ./Peripheral/src/ch32v10x_rcc.o
 .debug_aranges
                0x0000000000000580      0x2d0 ./Peripheral/src/ch32v10x_tim.o
 .debug_aranges
                0x0000000000000850       0xf0 ./Peripheral/src/ch32v10x_usart.o
 .debug_aranges
                0x0000000000000940       0x50 ./Debug/debug.o

.debug_ranges   0x0000000000000000      0xb38
 .debug_ranges  0x0000000000000000       0x78 ./User/JY901.o
 .debug_ranges  0x0000000000000078       0x48 ./User/Laser.o
 .debug_ranges  0x00000000000000c0       0x10 ./User/Motor.o
 .debug_ranges  0x00000000000000d0      0x130 ./User/Oled.o
 .debug_ranges  0x0000000000000200       0x50 ./User/SR04.o
 .debug_ranges  0x0000000000000250       0x18 ./User/Servo.o
 .debug_ranges  0x0000000000000268       0x18 ./User/ch32v10x_it.o
 .debug_ranges  0x0000000000000280       0x50 ./User/main.o
 .debug_ranges  0x00000000000002d0      0x1d0 ./User/radar_ch32.o
 .debug_ranges  0x00000000000004a0       0x38 ./User/system_ch32v10x.o
 .debug_ranges  0x00000000000004d8       0x30 ./Startup/startup_ch32v10x.o
 .debug_ranges  0x0000000000000508       0x50 ./Peripheral/src/ch32v10x_dma.o
 .debug_ranges  0x0000000000000558       0x98 ./Peripheral/src/ch32v10x_gpio.o
 .debug_ranges  0x00000000000005f0       0x30 ./Peripheral/src/ch32v10x_misc.o
 .debug_ranges  0x0000000000000620      0x108 ./Peripheral/src/ch32v10x_rcc.o
 .debug_ranges  0x0000000000000728      0x2f0 ./Peripheral/src/ch32v10x_tim.o
 .debug_ranges  0x0000000000000a18       0xe0 ./Peripheral/src/ch32v10x_usart.o
 .debug_ranges  0x0000000000000af8       0x40 ./Debug/debug.o

.debug_line     0x0000000000000000     0xe0a2
 .debug_line    0x0000000000000000      0xa6c ./User/JY901.o
 .debug_line    0x0000000000000a6c      0x89d ./User/Laser.o
 .debug_line    0x0000000000001309      0x4cf ./User/Motor.o
 .debug_line    0x00000000000017d8     0x1219 ./User/Oled.o
 .debug_line    0x00000000000029f1      0xcb5 ./User/SR04.o
 .debug_line    0x00000000000036a6      0x530 ./User/Servo.o
 .debug_line    0x0000000000003bd6      0x373 ./User/ch32v10x_it.o
 .debug_line    0x0000000000003f49      0x9b5 ./User/main.o
 .debug_line    0x00000000000048fe     0x183f ./User/radar_ch32.o
 .debug_line    0x000000000000613d      0x74f ./User/system_ch32v10x.o
 .debug_line    0x000000000000688c      0x21e ./Startup/startup_ch32v10x.o
 .debug_line    0x0000000000006aaa      0x933 ./Peripheral/src/ch32v10x_dma.o
 .debug_line    0x00000000000073dd      0xe2c ./Peripheral/src/ch32v10x_gpio.o
 .debug_line    0x0000000000008209      0x4e8 ./Peripheral/src/ch32v10x_misc.o
 .debug_line    0x00000000000086f1     0x112e ./Peripheral/src/ch32v10x_rcc.o
 .debug_line    0x000000000000981f     0x31a6 ./Peripheral/src/ch32v10x_tim.o
 .debug_line    0x000000000000c9c5      0xf20 ./Peripheral/src/ch32v10x_usart.o
 .debug_line    0x000000000000d8e5      0x7bd ./Debug/debug.o

.debug_str      0x0000000000000000     0x3012
 .debug_str     0x0000000000000000      0xea5 ./User/JY901.o
                                        0xf68 (size before relaxing)
 .debug_str     0x0000000000000ea5       0x88 ./User/Laser.o
                                        0xed0 (size before relaxing)
 .debug_str     0x0000000000000f2d      0x2a8 ./User/Motor.o
                                        0xbbf (size before relaxing)
 .debug_str     0x00000000000011d5      0x26c ./User/Oled.o
                                       0x1029 (size before relaxing)
 .debug_str     0x0000000000001441      0x23e ./User/SR04.o
                                       0x1015 (size before relaxing)
 .debug_str     0x000000000000167f       0x35 ./User/Servo.o
                                        0xc09 (size before relaxing)
 .debug_str     0x00000000000016b4       0x97 ./User/ch32v10x_it.o
                                        0x826 (size before relaxing)
 .debug_str     0x000000000000174b      0x2f2 ./User/main.o
                                        0xd89 (size before relaxing)
 .debug_str     0x0000000000001a3d      0x1f4 ./User/radar_ch32.o
                                       0x1257 (size before relaxing)
 .debug_str     0x0000000000001c31      0x10c ./User/system_ch32v10x.o
                                        0x899 (size before relaxing)
 .debug_str     0x0000000000001d3d       0x2a ./Startup/startup_ch32v10x.o
                                         0x5f (size before relaxing)
 .debug_str     0x0000000000001d67       0xe4 ./Peripheral/src/ch32v10x_dma.o
                                        0x999 (size before relaxing)
 .debug_str     0x0000000000001e4b      0x1b7 ./Peripheral/src/ch32v10x_gpio.o
                                        0xb20 (size before relaxing)
 .debug_str     0x0000000000002002       0xac ./Peripheral/src/ch32v10x_misc.o
                                        0xb8f (size before relaxing)
 .debug_str     0x00000000000020ae      0x367 ./Peripheral/src/ch32v10x_rcc.o
                                        0xc23 (size before relaxing)
 .debug_str     0x0000000000002415      0x846 ./Peripheral/src/ch32v10x_tim.o
                                       0x1421 (size before relaxing)
 .debug_str     0x0000000000002c5b      0x2dd ./Peripheral/src/ch32v10x_usart.o
                                        0xc90 (size before relaxing)
 .debug_str     0x0000000000002f38       0xda ./Debug/debug.o
                                        0xb22 (size before relaxing)

.comment        0x0000000000000000       0x33
 .comment       0x0000000000000000       0x33 ./User/JY901.o
                                         0x34 (size before relaxing)
 .comment       0x0000000000000033       0x34 ./User/Laser.o
 .comment       0x0000000000000033       0x34 ./User/Motor.o
 .comment       0x0000000000000033       0x34 ./User/Oled.o
 .comment       0x0000000000000033       0x34 ./User/SR04.o
 .comment       0x0000000000000033       0x34 ./User/Servo.o
 .comment       0x0000000000000033       0x34 ./User/ch32v10x_it.o
 .comment       0x0000000000000033       0x34 ./User/main.o
 .comment       0x0000000000000033       0x34 ./User/radar_ch32.o
 .comment       0x0000000000000033       0x34 ./User/system_ch32v10x.o
 .comment       0x0000000000000033       0x34 ./Peripheral/src/ch32v10x_dma.o
 .comment       0x0000000000000033       0x34 ./Peripheral/src/ch32v10x_gpio.o
 .comment       0x0000000000000033       0x34 ./Peripheral/src/ch32v10x_misc.o
 .comment       0x0000000000000033       0x34 ./Peripheral/src/ch32v10x_rcc.o
 .comment       0x0000000000000033       0x34 ./Peripheral/src/ch32v10x_tim.o
 .comment       0x0000000000000033       0x34 ./Peripheral/src/ch32v10x_usart.o
 .comment       0x0000000000000033       0x34 ./Debug/debug.o

.debug_frame    0x0000000000000000     0x2390
 .debug_frame   0x0000000000000000       0xf0 ./User/JY901.o
 .debug_frame   0x00000000000000f0       0xd0 ./User/Laser.o
 .debug_frame   0x00000000000001c0       0x34 ./User/Motor.o
 .debug_frame   0x00000000000001f4      0x310 ./User/Oled.o
 .debug_frame   0x0000000000000504      0x130 ./User/SR04.o
 .debug_frame   0x0000000000000634       0x50 ./User/Servo.o
 .debug_frame   0x0000000000000684       0x30 ./User/ch32v10x_it.o
 .debug_frame   0x00000000000006b4       0x8c ./User/main.o
 .debug_frame   0x0000000000000740      0x21c ./User/radar_ch32.o
 .debug_frame   0x000000000000095c       0x3c ./User/system_ch32v10x.o
 .debug_frame   0x0000000000000998       0xd8 ./Peripheral/src/ch32v10x_dma.o
 .debug_frame   0x0000000000000a70      0x15c ./Peripheral/src/ch32v10x_gpio.o
 .debug_frame   0x0000000000000bcc       0x30 ./Peripheral/src/ch32v10x_misc.o
 .debug_frame   0x0000000000000bfc      0x224 ./Peripheral/src/ch32v10x_rcc.o
 .debug_frame   0x0000000000000e20      0x614 ./Peripheral/src/ch32v10x_tim.o
 .debug_frame   0x0000000000001434      0x1e4 ./Peripheral/src/ch32v10x_usart.o
 .debug_frame   0x0000000000001618       0xb8 ./Debug/debug.o
 .debug_frame   0x00000000000016d0       0x40 e:/mounriver_studio2/resources/app/resources/win32/components/wch/toolchain/risc-v embedded gcc/bin/../lib/gcc/riscv-none-embed/8.2.0/rv32imac/ilp32\libgcc.a(addsf3.o)
 .debug_frame   0x0000000000001710       0x50 e:/mounriver_studio2/resources/app/resources/win32/components/wch/toolchain/risc-v embedded gcc/bin/../lib/gcc/riscv-none-embed/8.2.0/rv32imac/ilp32\libgcc.a(divsf3.o)
 .debug_frame   0x0000000000001760       0x50 e:/mounriver_studio2/resources/app/resources/win32/components/wch/toolchain/risc-v embedded gcc/bin/../lib/gcc/riscv-none-embed/8.2.0/rv32imac/ilp32\libgcc.a(mulsf3.o)
 .debug_frame   0x00000000000017b0       0x3c e:/mounriver_studio2/resources/app/resources/win32/components/wch/toolchain/risc-v embedded gcc/bin/../lib/gcc/riscv-none-embed/8.2.0/rv32imac/ilp32\libgcc.a(subsf3.o)
 .debug_frame   0x00000000000017ec       0x38 e:/mounriver_studio2/resources/app/resources/win32/components/wch/toolchain/risc-v embedded gcc/bin/../lib/gcc/riscv-none-embed/8.2.0/rv32imac/ilp32\libgcc.a(floatsisf.o)
 .debug_frame   0x0000000000001824       0x38 e:/mounriver_studio2/resources/app/resources/win32/components/wch/toolchain/risc-v embedded gcc/bin/../lib/gcc/riscv-none-embed/8.2.0/rv32imac/ilp32\libgcc.a(extendsfdf2.o)
 .debug_frame   0x000000000000185c       0x20 e:/mounriver_studio2/resources/app/resources/win32/components/wch/toolchain/risc-v embedded gcc/bin/../lib/gcc/riscv-none-embed/8.2.0/rv32imac/ilp32\libgcc.a(_clzsi2.o)
 .debug_frame   0x000000000000187c       0x20 e:/mounriver_studio2/resources/app/resources/win32/components/wch/toolchain/risc-v embedded gcc/bin/../lib/gcc/riscv-none-embed/8.2.0/../../../../riscv-none-embed/lib/rv32imac/ilp32\libg_nano.a(lib_a-memcmp.o)
 .debug_frame   0x000000000000189c       0x20 e:/mounriver_studio2/resources/app/resources/win32/components/wch/toolchain/risc-v embedded gcc/bin/../lib/gcc/riscv-none-embed/8.2.0/../../../../riscv-none-embed/lib/rv32imac/ilp32\libg_nano.a(lib_a-memcpy.o)
 .debug_frame   0x00000000000018bc       0x20 e:/mounriver_studio2/resources/app/resources/win32/components/wch/toolchain/risc-v embedded gcc/bin/../lib/gcc/riscv-none-embed/8.2.0/../../../../riscv-none-embed/lib/rv32imac/ilp32\libg_nano.a(lib_a-memmove.o)
 .debug_frame   0x00000000000018dc       0x54 e:/mounriver_studio2/resources/app/resources/win32/components/wch/toolchain/risc-v embedded gcc/bin/../lib/gcc/riscv-none-embed/8.2.0/../../../../riscv-none-embed/lib/rv32imac/ilp32\libg_nano.a(lib_a-printf.o)
 .debug_frame   0x0000000000001930       0x54 e:/mounriver_studio2/resources/app/resources/win32/components/wch/toolchain/risc-v embedded gcc/bin/../lib/gcc/riscv-none-embed/8.2.0/../../../../riscv-none-embed/lib/rv32imac/ilp32\libg_nano.a(lib_a-puts.o)
 .debug_frame   0x0000000000001984       0x60 e:/mounriver_studio2/resources/app/resources/win32/components/wch/toolchain/risc-v embedded gcc/bin/../lib/gcc/riscv-none-embed/8.2.0/../../../../riscv-none-embed/lib/rv32imac/ilp32\libg_nano.a(lib_a-snprintf.o)
 .debug_frame   0x00000000000019e4       0x50 e:/mounriver_studio2/resources/app/resources/win32/components/wch/toolchain/risc-v embedded gcc/bin/../lib/gcc/riscv-none-embed/8.2.0/../../../../riscv-none-embed/lib/rv32imac/ilp32\libg_nano.a(lib_a-wbuf.o)
 .debug_frame   0x0000000000001a34       0x3c e:/mounriver_studio2/resources/app/resources/win32/components/wch/toolchain/risc-v embedded gcc/bin/../lib/gcc/riscv-none-embed/8.2.0/../../../../riscv-none-embed/lib/rv32imac/ilp32\libg_nano.a(lib_a-wsetup.o)
 .debug_frame   0x0000000000001a70       0x7c e:/mounriver_studio2/resources/app/resources/win32/components/wch/toolchain/risc-v embedded gcc/bin/../lib/gcc/riscv-none-embed/8.2.0/../../../../riscv-none-embed/lib/rv32imac/ilp32\libg_nano.a(lib_a-fflush.o)
 .debug_frame   0x0000000000001aec      0x148 e:/mounriver_studio2/resources/app/resources/win32/components/wch/toolchain/risc-v embedded gcc/bin/../lib/gcc/riscv-none-embed/8.2.0/../../../../riscv-none-embed/lib/rv32imac/ilp32\libg_nano.a(lib_a-findfp.o)
 .debug_frame   0x0000000000001c34       0x88 e:/mounriver_studio2/resources/app/resources/win32/components/wch/toolchain/risc-v embedded gcc/bin/../lib/gcc/riscv-none-embed/8.2.0/../../../../riscv-none-embed/lib/rv32imac/ilp32\libg_nano.a(lib_a-fwalk.o)
 .debug_frame   0x0000000000001cbc       0x64 e:/mounriver_studio2/resources/app/resources/win32/components/wch/toolchain/risc-v embedded gcc/bin/../lib/gcc/riscv-none-embed/8.2.0/../../../../riscv-none-embed/lib/rv32imac/ilp32\libg_nano.a(lib_a-makebuf.o)
 .debug_frame   0x0000000000001d20       0x40 e:/mounriver_studio2/resources/app/resources/win32/components/wch/toolchain/risc-v embedded gcc/bin/../lib/gcc/riscv-none-embed/8.2.0/../../../../riscv-none-embed/lib/rv32imac/ilp32\libg_nano.a(lib_a-nano-freer.o)
 .debug_frame   0x0000000000001d60       0x40 e:/mounriver_studio2/resources/app/resources/win32/components/wch/toolchain/risc-v embedded gcc/bin/../lib/gcc/riscv-none-embed/8.2.0/../../../../riscv-none-embed/lib/rv32imac/ilp32\libg_nano.a(lib_a-nano-mallocr.o)
 .debug_frame   0x0000000000001da0       0xe0 e:/mounriver_studio2/resources/app/resources/win32/components/wch/toolchain/risc-v embedded gcc/bin/../lib/gcc/riscv-none-embed/8.2.0/../../../../riscv-none-embed/lib/rv32imac/ilp32\libg_nano.a(lib_a-nano-svfprintf.o)
 .debug_frame   0x0000000000001e80       0xd0 e:/mounriver_studio2/resources/app/resources/win32/components/wch/toolchain/risc-v embedded gcc/bin/../lib/gcc/riscv-none-embed/8.2.0/../../../../riscv-none-embed/lib/rv32imac/ilp32\libg_nano.a(lib_a-nano-vfprintf.o)
 .debug_frame   0x0000000000001f50       0x8c e:/mounriver_studio2/resources/app/resources/win32/components/wch/toolchain/risc-v embedded gcc/bin/../lib/gcc/riscv-none-embed/8.2.0/../../../../riscv-none-embed/lib/rv32imac/ilp32\libg_nano.a(lib_a-nano-vfprintf_i.o)
 .debug_frame   0x0000000000001fdc       0x30 e:/mounriver_studio2/resources/app/resources/win32/components/wch/toolchain/risc-v embedded gcc/bin/../lib/gcc/riscv-none-embed/8.2.0/../../../../riscv-none-embed/lib/rv32imac/ilp32\libg_nano.a(lib_a-sbrkr.o)
 .debug_frame   0x000000000000200c       0xa4 e:/mounriver_studio2/resources/app/resources/win32/components/wch/toolchain/risc-v embedded gcc/bin/../lib/gcc/riscv-none-embed/8.2.0/../../../../riscv-none-embed/lib/rv32imac/ilp32\libg_nano.a(lib_a-stdio.o)
 .debug_frame   0x00000000000020b0       0x30 e:/mounriver_studio2/resources/app/resources/win32/components/wch/toolchain/risc-v embedded gcc/bin/../lib/gcc/riscv-none-embed/8.2.0/../../../../riscv-none-embed/lib/rv32imac/ilp32\libg_nano.a(lib_a-writer.o)
 .debug_frame   0x00000000000020e0       0x30 e:/mounriver_studio2/resources/app/resources/win32/components/wch/toolchain/risc-v embedded gcc/bin/../lib/gcc/riscv-none-embed/8.2.0/../../../../riscv-none-embed/lib/rv32imac/ilp32\libg_nano.a(lib_a-closer.o)
 .debug_frame   0x0000000000002110       0x30 e:/mounriver_studio2/resources/app/resources/win32/components/wch/toolchain/risc-v embedded gcc/bin/../lib/gcc/riscv-none-embed/8.2.0/../../../../riscv-none-embed/lib/rv32imac/ilp32\libg_nano.a(lib_a-fstatr.o)
 .debug_frame   0x0000000000002140       0x30 e:/mounriver_studio2/resources/app/resources/win32/components/wch/toolchain/risc-v embedded gcc/bin/../lib/gcc/riscv-none-embed/8.2.0/../../../../riscv-none-embed/lib/rv32imac/ilp32\libg_nano.a(lib_a-isattyr.o)
 .debug_frame   0x0000000000002170       0x30 e:/mounriver_studio2/resources/app/resources/win32/components/wch/toolchain/risc-v embedded gcc/bin/../lib/gcc/riscv-none-embed/8.2.0/../../../../riscv-none-embed/lib/rv32imac/ilp32\libg_nano.a(lib_a-lseekr.o)
 .debug_frame   0x00000000000021a0       0x20 e:/mounriver_studio2/resources/app/resources/win32/components/wch/toolchain/risc-v embedded gcc/bin/../lib/gcc/riscv-none-embed/8.2.0/../../../../riscv-none-embed/lib/rv32imac/ilp32\libg_nano.a(lib_a-memchr.o)
 .debug_frame   0x00000000000021c0       0x30 e:/mounriver_studio2/resources/app/resources/win32/components/wch/toolchain/risc-v embedded gcc/bin/../lib/gcc/riscv-none-embed/8.2.0/../../../../riscv-none-embed/lib/rv32imac/ilp32\libg_nano.a(lib_a-mlock.o)
 .debug_frame   0x00000000000021f0       0x40 e:/mounriver_studio2/resources/app/resources/win32/components/wch/toolchain/risc-v embedded gcc/bin/../lib/gcc/riscv-none-embed/8.2.0/../../../../riscv-none-embed/lib/rv32imac/ilp32\libg_nano.a(lib_a-nano-reallocr.o)
 .debug_frame   0x0000000000002230       0x30 e:/mounriver_studio2/resources/app/resources/win32/components/wch/toolchain/risc-v embedded gcc/bin/../lib/gcc/riscv-none-embed/8.2.0/../../../../riscv-none-embed/lib/rv32imac/ilp32\libg_nano.a(lib_a-readr.o)
 .debug_frame   0x0000000000002260       0x70 e:/mounriver_studio2/resources/app/resources/win32/components/wch/toolchain/risc-v embedded gcc/bin/../lib/gcc/riscv-none-embed/8.2.0/../../../../riscv-none-embed/lib/rv32imac/ilp32\libg_nano.a(lib_a-reent.o)
 .debug_frame   0x00000000000022d0       0x20 e:/mounriver_studio2/resources/app/resources/win32/components/wch/toolchain/risc-v embedded gcc/bin/../lib/gcc/riscv-none-embed/8.2.0/../../../../riscv-none-embed/lib/rv32imac/ilp32\libg_nano.a(lib_a-nano-msizer.o)
 .debug_frame   0x00000000000022f0       0x20 e:/mounriver_studio2/resources/app/resources/win32/components/wch/toolchain/risc-v embedded gcc/bin/../lib/gcc/riscv-none-embed/8.2.0/../../../../riscv-none-embed/lib/rv32imac/ilp32\libnosys.a(close.o)
 .debug_frame   0x0000000000002310       0x20 e:/mounriver_studio2/resources/app/resources/win32/components/wch/toolchain/risc-v embedded gcc/bin/../lib/gcc/riscv-none-embed/8.2.0/../../../../riscv-none-embed/lib/rv32imac/ilp32\libnosys.a(fstat.o)
 .debug_frame   0x0000000000002330       0x20 e:/mounriver_studio2/resources/app/resources/win32/components/wch/toolchain/risc-v embedded gcc/bin/../lib/gcc/riscv-none-embed/8.2.0/../../../../riscv-none-embed/lib/rv32imac/ilp32\libnosys.a(isatty.o)
 .debug_frame   0x0000000000002350       0x20 e:/mounriver_studio2/resources/app/resources/win32/components/wch/toolchain/risc-v embedded gcc/bin/../lib/gcc/riscv-none-embed/8.2.0/../../../../riscv-none-embed/lib/rv32imac/ilp32\libnosys.a(lseek.o)
 .debug_frame   0x0000000000002370       0x20 e:/mounriver_studio2/resources/app/resources/win32/components/wch/toolchain/risc-v embedded gcc/bin/../lib/gcc/riscv-none-embed/8.2.0/../../../../riscv-none-embed/lib/rv32imac/ilp32\libnosys.a(read.o)

.stab           0x0000000000000000       0x84
 .stab          0x0000000000000000       0x24 e:/mounriver_studio2/resources/app/resources/win32/components/wch/toolchain/risc-v embedded gcc/bin/../lib/gcc/riscv-none-embed/8.2.0/../../../../riscv-none-embed/lib/rv32imac/ilp32\libnosys.a(close.o)
 .stab          0x0000000000000024       0x18 e:/mounriver_studio2/resources/app/resources/win32/components/wch/toolchain/risc-v embedded gcc/bin/../lib/gcc/riscv-none-embed/8.2.0/../../../../riscv-none-embed/lib/rv32imac/ilp32\libnosys.a(fstat.o)
                                         0x24 (size before relaxing)
 .stab          0x000000000000003c       0x18 e:/mounriver_studio2/resources/app/resources/win32/components/wch/toolchain/risc-v embedded gcc/bin/../lib/gcc/riscv-none-embed/8.2.0/../../../../riscv-none-embed/lib/rv32imac/ilp32\libnosys.a(isatty.o)
                                         0x24 (size before relaxing)
 .stab          0x0000000000000054       0x18 e:/mounriver_studio2/resources/app/resources/win32/components/wch/toolchain/risc-v embedded gcc/bin/../lib/gcc/riscv-none-embed/8.2.0/../../../../riscv-none-embed/lib/rv32imac/ilp32\libnosys.a(lseek.o)
                                         0x24 (size before relaxing)
 .stab          0x000000000000006c       0x18 e:/mounriver_studio2/resources/app/resources/win32/components/wch/toolchain/risc-v embedded gcc/bin/../lib/gcc/riscv-none-embed/8.2.0/../../../../riscv-none-embed/lib/rv32imac/ilp32\libnosys.a(read.o)
                                         0x24 (size before relaxing)

.stabstr        0x0000000000000000      0x117
 .stabstr       0x0000000000000000      0x117 e:/mounriver_studio2/resources/app/resources/win32/components/wch/toolchain/risc-v embedded gcc/bin/../lib/gcc/riscv-none-embed/8.2.0/../../../../riscv-none-embed/lib/rv32imac/ilp32\libnosys.a(close.o)
