Archive member included to satisfy reference by file (symbol)

c:/mounriver/mounriver_studio2/resources/app/resources/win32/components/wch/toolchain/risc-v embedded gcc/bin/../lib/gcc/riscv-none-embed/8.2.0/../../../../riscv-none-embed/lib/rv32imac/ilp32\libm.a(lib_a-sf_cos.o)
                              ./User/cone_detect.o (cosf)
c:/mounriver/mounriver_studio2/resources/app/resources/win32/components/wch/toolchain/risc-v embedded gcc/bin/../lib/gcc/riscv-none-embed/8.2.0/../../../../riscv-none-embed/lib/rv32imac/ilp32\libm.a(lib_a-sf_sin.o)
                              ./User/cone_detect.o (sinf)
c:/mounriver/mounriver_studio2/resources/app/resources/win32/components/wch/toolchain/risc-v embedded gcc/bin/../lib/gcc/riscv-none-embed/8.2.0/../../../../riscv-none-embed/lib/rv32imac/ilp32\libm.a(lib_a-wf_atan2.o)
                              ./User/cone_detect.o (atan2f)
c:/mounriver/mounriver_studio2/resources/app/resources/win32/components/wch/toolchain/risc-v embedded gcc/bin/../lib/gcc/riscv-none-embed/8.2.0/../../../../riscv-none-embed/lib/rv32imac/ilp32\libm.a(lib_a-wf_sqrt.o)
                              ./User/cone_detect.o (sqrtf)
c:/mounriver/mounriver_studio2/resources/app/resources/win32/components/wch/toolchain/risc-v embedded gcc/bin/../lib/gcc/riscv-none-embed/8.2.0/../../../../riscv-none-embed/lib/rv32imac/ilp32\libm.a(lib_a-ef_atan2.o)
                              c:/mounriver/mounriver_studio2/resources/app/resources/win32/components/wch/toolchain/risc-v embedded gcc/bin/../lib/gcc/riscv-none-embed/8.2.0/../../../../riscv-none-embed/lib/rv32imac/ilp32\libm.a(lib_a-wf_atan2.o) (__ieee754_atan2f)
c:/mounriver/mounriver_studio2/resources/app/resources/win32/components/wch/toolchain/risc-v embedded gcc/bin/../lib/gcc/riscv-none-embed/8.2.0/../../../../riscv-none-embed/lib/rv32imac/ilp32\libm.a(lib_a-ef_rem_pio2.o)
                              c:/mounriver/mounriver_studio2/resources/app/resources/win32/components/wch/toolchain/risc-v embedded gcc/bin/../lib/gcc/riscv-none-embed/8.2.0/../../../../riscv-none-embed/lib/rv32imac/ilp32\libm.a(lib_a-sf_cos.o) (__ieee754_rem_pio2f)
c:/mounriver/mounriver_studio2/resources/app/resources/win32/components/wch/toolchain/risc-v embedded gcc/bin/../lib/gcc/riscv-none-embed/8.2.0/../../../../riscv-none-embed/lib/rv32imac/ilp32\libm.a(lib_a-ef_sqrt.o)
                              c:/mounriver/mounriver_studio2/resources/app/resources/win32/components/wch/toolchain/risc-v embedded gcc/bin/../lib/gcc/riscv-none-embed/8.2.0/../../../../riscv-none-embed/lib/rv32imac/ilp32\libm.a(lib_a-wf_sqrt.o) (__ieee754_sqrtf)
c:/mounriver/mounriver_studio2/resources/app/resources/win32/components/wch/toolchain/risc-v embedded gcc/bin/../lib/gcc/riscv-none-embed/8.2.0/../../../../riscv-none-embed/lib/rv32imac/ilp32\libm.a(lib_a-kf_cos.o)
                              c:/mounriver/mounriver_studio2/resources/app/resources/win32/components/wch/toolchain/risc-v embedded gcc/bin/../lib/gcc/riscv-none-embed/8.2.0/../../../../riscv-none-embed/lib/rv32imac/ilp32\libm.a(lib_a-sf_cos.o) (__kernel_cosf)
c:/mounriver/mounriver_studio2/resources/app/resources/win32/components/wch/toolchain/risc-v embedded gcc/bin/../lib/gcc/riscv-none-embed/8.2.0/../../../../riscv-none-embed/lib/rv32imac/ilp32\libm.a(lib_a-kf_rem_pio2.o)
                              c:/mounriver/mounriver_studio2/resources/app/resources/win32/components/wch/toolchain/risc-v embedded gcc/bin/../lib/gcc/riscv-none-embed/8.2.0/../../../../riscv-none-embed/lib/rv32imac/ilp32\libm.a(lib_a-ef_rem_pio2.o) (__kernel_rem_pio2f)
c:/mounriver/mounriver_studio2/resources/app/resources/win32/components/wch/toolchain/risc-v embedded gcc/bin/../lib/gcc/riscv-none-embed/8.2.0/../../../../riscv-none-embed/lib/rv32imac/ilp32\libm.a(lib_a-kf_sin.o)
                              c:/mounriver/mounriver_studio2/resources/app/resources/win32/components/wch/toolchain/risc-v embedded gcc/bin/../lib/gcc/riscv-none-embed/8.2.0/../../../../riscv-none-embed/lib/rv32imac/ilp32\libm.a(lib_a-sf_cos.o) (__kernel_sinf)
c:/mounriver/mounriver_studio2/resources/app/resources/win32/components/wch/toolchain/risc-v embedded gcc/bin/../lib/gcc/riscv-none-embed/8.2.0/../../../../riscv-none-embed/lib/rv32imac/ilp32\libm.a(lib_a-s_lib_ver.o)
                              c:/mounriver/mounriver_studio2/resources/app/resources/win32/components/wch/toolchain/risc-v embedded gcc/bin/../lib/gcc/riscv-none-embed/8.2.0/../../../../riscv-none-embed/lib/rv32imac/ilp32\libm.a(lib_a-wf_sqrt.o) (__fdlib_version)
c:/mounriver/mounriver_studio2/resources/app/resources/win32/components/wch/toolchain/risc-v embedded gcc/bin/../lib/gcc/riscv-none-embed/8.2.0/../../../../riscv-none-embed/lib/rv32imac/ilp32\libm.a(lib_a-s_matherr.o)
[...]
Memory Configuration

Name             Origin             Length             Attributes
FLASH            0x0000000000000000 0x0000000000010000 xr
RAM              0x0000000020000000 0x0000000000005000 xrw
*default*        0x0000000000000000 0xffffffffffffffff

Linker script and memory map

LOAD ./User/GPS.o
LOAD ./User/JY901.o
LOAD ./User/Laser.o
LOAD ./User/Motor.o
LOAD ./User/Oled.o
LOAD ./User/SR04.o
LOAD ./User/Servo.o
LOAD ./User/ch32v10x_it.o
LOAD ./User/cone_detect.o
LOAD ./User/main.o
LOAD ./User/rplidar_360.o
LOAD ./User/system_ch32v10x.o
LOAD ./Startup/startup_ch32v10x.o
LOAD ./Peripheral/src/ch32v10x_adc.o
LOAD ./Peripheral/src/ch32v10x_bkp.o
LOAD ./Peripheral/src/ch32v10x_crc.o
LOAD ./Peripheral/src/ch32v10x_dbgmcu.o
LOAD ./Peripheral/src/ch32v10x_dma.o
LOAD ./Peripheral/src/ch32v10x_exti.o
LOAD ./Peripheral/src/ch32v10x_flash.o
LOAD ./Peripheral/src/ch32v10x_gpio.o
LOAD ./Peripheral/src/ch32v10x_i2c.o
LOAD ./Peripheral/src/ch32v10x_iwdg.o
LOAD ./Peripheral/src/ch32v10x_misc.o
LOAD ./Peripheral/src/ch32v10x_pwr.o
LOAD ./Peripheral/src/ch32v10x_rcc.o
LOAD ./Peripheral/src/ch32v10x_rtc.o
LOAD ./Peripheral/src/ch32v10x_spi.o
LOAD ./Peripheral/src/ch32v10x_tim.o
LOAD ./Peripheral/src/ch32v10x_usart.o
LOAD ./Peripheral/src/ch32v10x_usb.o
LOAD ./Peripheral/src/ch32v10x_usb_host.o
LOAD ./Peripheral/src/ch32v10x_wwdg.o
LOAD ./Debug/debug.o
LOAD ./Core/core_riscv.o
LOAD c:/mounriver/mounriver_studio2/resources/app/resources/win32/components/wch/toolchain/risc-v embedded gcc/bin/../lib/gcc/riscv-none-embed/8.2.0/../../../../riscv-none-embed/lib/rv32imac/ilp32\libm.a
LOAD c:/mounriver/mounriver_studio2/resources/app/resources/win32/components/wch/toolchain/risc-v embedded gcc/bin/../lib/gcc/riscv-none-embed/8.2.0/../../../../riscv-none-embed/lib/rv32imac/ilp32\libIQmath_RV32.a
LOAD c:/mounriver/mounriver_studio2/resources/app/resources/win32/components/wch/toolchain/risc-v embedded gcc/bin/../lib/gcc/riscv-none-embed/8.2.0/../../../../riscv-none-embed/lib/rv32imac/ilp32\libprintfloat.a
LOAD c:/mounriver/mounriver_studio2/resources/app/resources/win32/components/wch/toolchain/risc-v embedded gcc/bin/../lib/gcc/riscv-none-embed/8.2.0/rv32imac/ilp32\libgcc.a
LOAD c:/mounriver/mounriver_studio2/resources/app/resources/win32/components/wch/toolchain/risc-v embedded gcc/bin/../lib/gcc/riscv-none-embed/8.2.0/../../../../riscv-none-embed/lib/rv32imac/ilp32\libg_nano.a
LOAD c:/mounriver/mounriver_studio2/resources/app/resources/win32/components/wch/toolchain/risc-v embedded gcc/bin/../lib/gcc/riscv-none-embed/8.2.0/../../../../riscv-none-embed/lib/rv32imac/ilp32\libc_nano.a
LOAD c:/mounriver/mounriver_studio2/resources/app/resources/win32/components/wch/toolchain/risc-v embedded gcc/bin/../lib/gcc/riscv-none-embed/8.2.0/rv32imac/ilp32\libgcc.a
START GROUP
LOAD c:/mounriver/mounriver_studio2/resources/app/resources/win32/components/wch/toolchain/risc-v embedded gcc/bin/../lib/gcc/riscv-none-embed/8.2.0/rv32imac/ilp32\libgcc.a
LOAD c:/mounriver/mounriver_studio2/resources/app/resources/win32/components/wch/toolchain/risc-v embedded gcc/bin/../lib/gcc/riscv-none-embed/8.2.0/../../../../riscv-none-embed/lib/rv32imac/ilp32\libc_nano.a
LOAD c:/mounriver/mounriver_studio2/resources/app/resources/win32/components/wch/toolchain/risc-v embedded gcc/bin/../lib/gcc/riscv-none-embed/8.2.0/../../../../riscv-none-embed/lib/rv32imac/ilp32\libnosys.a
END GROUP
START GROUP
LOAD c:/mounriver/mounriver_studio2/resources/app/resources/win32/components/wch/toolchain/risc-v embedded gcc/bin/../lib/gcc/riscv-none-embed/8.2.0/rv32imac/ilp32\libgcc.a
LOAD c:/mounriver/mounriver_studio2/resources/app/resources/win32/components/wch/toolchain/risc-v embedded gcc/bin/../lib/gcc/riscv-none-embed/8.2.0/../../../../riscv-none-embed/lib/rv32imac/ilp32\libc_nano.a
LOAD c:/mounriver/mounriver_studio2/resources/app/resources/win32/components/wch/toolchain/risc-v embedded gcc/bin/../lib/gcc/riscv-none-embed/8.2.0/../../../../riscv-none-embed/lib/rv32imac/ilp32\libnosys.a
END GROUP
                0x0000000000000800                __stack_size = 0x800
                [!provide]                        PROVIDE (_stack_size = __stack_size)

.init           0x0000000000000000       0x38
                0x0000000000000000                _sinit = .
                0x0000000000000000                . = ALIGN (0x4)
 *(SORT_NONE(.init))
 .init          0x0000000000000000       0x38 ./Startup/startup_ch32v10x.o
                0x0000000000000000                _start
                0x0000000000000038                . = ALIGN (0x4)
                0x0000000000000038                _einit = .

.vector         0x0000000000000038      0x108
 *(.vector)
 .vector        0x0000000000000038       0xf0 ./Startup/startup_ch32v10x.o
                0x0000000000000140                . = ALIGN (0x40)
 *fill*         0x0000000000000128       0x18 

.text           0x0000000000000140     0xbd40
                0x0000000000000140                . = ALIGN (0x4)
 *(.text)
 .text          0x0000000000000140       0x60 c:/mounriver/mounriver_studio2/resources/app/resources/win32/components/wch/toolchain/risc-v embedded gcc/bin/../lib/gcc/riscv-none-embed/8.2.0/rv32imac/ilp32\libgcc.a(save-restore.o)
                0x0000000000000140                __riscv_save_12
                0x0000000000000148                __riscv_save_9
                0x0000000000000148                __riscv_save_11
                0x0000000000000148                __riscv_save_10
                0x0000000000000148                __riscv_save_8
                0x0000000000000156                __riscv_save_4
                0x0000000000000156                __riscv_save_6
                0x0000000000000156                __riscv_save_5
                0x0000000000000156                __riscv_save_7
                0x0000000000000170                __riscv_save_3
                0x0000000000000170                __riscv_save_2
                0x0000000000000170                __riscv_save_1
                0x0000000000000170                __riscv_save_0
                0x000000000000017c                __riscv_restore_12
                0x0000000000000180                __riscv_restore_11
                0x0000000000000180                __riscv_restore_9
                0x0000000000000180                __riscv_restore_10
                0x0000000000000180                __riscv_restore_8
                0x000000000000018a                __riscv_restore_5
                0x000000000000018a                __riscv_restore_7
                0x000000000000018a                __riscv_restore_6
                0x000000000000018a                __riscv_restore_4
                0x0000000000000194                __riscv_restore_3
                0x0000000000000194                __riscv_restore_0
                0x0000000000000194                __riscv_restore_2
                0x0000000000000194                __riscv_restore_1
 .text          0x00000000000001a0       0xa8 c:/mounriver/mounriver_studio2/resources/app/resources/win32/components/wch/toolchain/risc-v embedded gcc/bin/../lib/gcc/riscv-none-embed/8.2.0/../../../../riscv-none-embed/lib/rv32imac/ilp32\libg_nano.a(lib_a-memset.o)
                0x00000000000001a0                memset
 *(.text.*)
 .text.JY901_NormalizeAngle180
                0x0000000000000248       0x5a ./User/JY901.o
 .text.JY901_DMA_Restart
                0x00000000000002a2       0x2a ./User/JY901.o
 .text.MA_Init  0x00000000000002cc       0x1e ./User/JY901.o
                0x00000000000002cc                MA_Init
 .text.MA_Update
                0x00000000000002ea       0x82 ./User/JY901.o
                0x00000000000002ea                MA_Update
 .text.JY901_ParseBuffer
                0x000000000000036c      0x22c ./User/JY901.o
 .text.JY901_YawFilterReset
                0x0000000000000598       0x3e ./User/JY901.o
                0x0000000000000598                JY901_YawFilterReset
 .text.JY901_SetYawZero
                0x00000000000005d6       0x10 ./User/JY901.o
                0x00000000000005d6                JY901_SetYawZero
 .text.JY901_GetStableHeading
                0x00000000000005e6       0x78 ./User/JY901.o
                0x00000000000005e6                JY901_GetStableHeading
 .text.JY901_IsYawValid
                0x000000000000065e        0x6 ./User/JY901.o
                0x000000000000065e                JY901_IsYawValid
 .text.JY901_SetDisplayEnabled
                0x0000000000000664        0xe ./User/JY901.o
                0x0000000000000664                JY901_SetDisplayEnabled
 .text.USART2_CFG
                0x0000000000000672       0xac ./User/JY901.o
                0x0000000000000672                USART2_CFG
 .text.USART2_DMA1_CH6_INIT
                0x000000000000071e       0x9e ./User/JY901.o
                0x000000000000071e                USART2_DMA1_CH6_INIT
 .text.JY901_Init
                0x00000000000007bc       0x26 ./User/JY901.o
                0x00000000000007bc                JY901_Init
 .text.JY901_Task
                0x00000000000007e2      0x160 ./User/JY901.o
                0x00000000000007e2                JY901_Task
 .text.USART2_IRQHandler
                0x0000000000000942       0x78 ./User/JY901.o
                0x0000000000000942                USART2_IRQHandler
 .text.DMA1_Channel6_IRQHandler
                0x00000000000009ba       0x36 ./User/JY901.o
                0x00000000000009ba                DMA1_Channel6_IRQHandler
 .text.USART3_CFG
                0x00000000000009f0       0xb4 ./User/Laser.o
                0x00000000000009f0                USART3_CFG
 .text.USART3_DMA1_CH3_INIT
                0x0000000000000aa4       0xa2 ./User/Laser.o
                0x0000000000000aa4                USART3_DMA1_CH3_INIT
 .text.Laser_Init
                0x0000000000000b46       0x3a ./User/Laser.o
                0x0000000000000b46                Laser_Init
 .text.Laser_Task
                0x0000000000000b80      0x284 ./User/Laser.o
                0x0000000000000b80                Laser_Task
 .text.USART3_IRQHandler
                0x0000000000000e04       0x7c ./User/Laser.o
                0x0000000000000e04                USART3_IRQHandler
 .text.DMA1_Channel3_IRQHandler
                0x0000000000000e80       0x3a ./User/Laser.o
                0x0000000000000e80                DMA1_Channel3_IRQHandler
 .text.TIM1_Motor_Init
                0x0000000000000eba       0xb0 ./User/Motor.o
                0x0000000000000eba                TIM1_Motor_Init
 .text.Car_SetRearSpeed
                0x0000000000000f6a       0x26 ./User/Motor.o
                0x0000000000000f6a                Car_SetRearSpeed
 .text.OLED_I2C_Init
                0x0000000000000f90       0x60 ./User/Oled.o
                0x0000000000000f90                OLED_I2C_Init
 .text.OLED_I2C_Start
                0x0000000000000ff0       0x44 ./User/Oled.o
                0x0000000000000ff0                OLED_I2C_Start
 .text.OLED_I2C_Stop
                0x0000000000001034       0x36 ./User/Oled.o
                0x0000000000001034                OLED_I2C_Stop
 .text.OLED_I2C_SendByte
                0x000000000000106a       0x66 ./User/Oled.o
                0x000000000000106a                OLED_I2C_SendByte
 .text.OLED_WriteCommand
                0x00000000000010d0       0x1c ./User/Oled.o
                0x00000000000010d0                OLED_WriteCommand
 .text.OLED_WriteData
                0x00000000000010ec       0x1e ./User/Oled.o
                0x00000000000010ec                OLED_WriteData
 .text.OLED_SetCursor
                0x000000000000110a       0x20 ./User/Oled.o
                0x000000000000110a                OLED_SetCursor
 .text.OLED_Clear
                0x000000000000112a       0x28 ./User/Oled.o
                0x000000000000112a                OLED_Clear
 .text.OLED_ShowChar
                0x0000000000001152       0x6a ./User/Oled.o
                0x0000000000001152                OLED_ShowChar
 .text.OLED_ShowString
                0x00000000000011bc       0x2e ./User/Oled.o
                0x00000000000011bc                OLED_ShowString
 .text.OLED_Init
                0x00000000000011ea       0x98 ./User/Oled.o
                0x00000000000011ea                OLED_Init
 .text.TIM2_IRQHandler
                0x0000000000001282       0x80 ./User/SR04.o
                0x0000000000001282                TIM2_IRQHandler
 .text.TIM3_PWMOut_Init
                0x0000000000001302       0xba ./User/Servo.o
                0x0000000000001302                TIM3_PWMOut_Init
 .text.turnAngle
                0x00000000000013bc       0x52 ./User/Servo.o
                0x00000000000013bc                turnAngle
 .text.NMI_Handler
                0x000000000000140e        0x2 ./User/ch32v10x_it.o
                0x000000000000140e                NMI_Handler
 .text.HardFault_Handler
                0x0000000000001410       0x10 ./User/ch32v10x_it.o
                0x0000000000001410                HardFault_Handler
 .text.FloatToS16
                0x0000000000001420       0x34 ./User/cone_detect.o
 .text.SetSpeed
                0x0000000000001454       0x2e ./User/cone_detect.o
 .text.SetSteerRaw
                0x0000000000001482       0x66 ./User/cone_detect.o
 .text.GetGateCarSideTarget
                0x00000000000014e8       0xba ./User/cone_detect.o
 .text.GetGateCarSideTargetDist
                0x00000000000015a2       0x38 ./User/cone_detect.o
 .text.ConeDetect_UpdateWithSide.constprop.10
                0x00000000000015da      0x5a8 ./User/cone_detect.o
 .text.CalcLineSteer.isra.1
                0x0000000000001b82       0x74 ./User/cone_detect.o
 .text.CalcCenteringSteerSafe.isra.2
                0x0000000000001bf6       0xc2 ./User/cone_detect.o
 .text.IsGateSideUnsafe.part.0
                0x0000000000001cb8       0x98 ./User/cone_detect.o
 .text.IsGateReadyToPass
                0x0000000000001d50       0x84 ./User/cone_detect.o
 .text.CalcTargetSteer.isra.8
                0x0000000000001dd4       0x62 ./User/cone_detect.o
 .text.ConeDetect_Init
                0x0000000000001e36       0x3c ./User/cone_detect.o
                0x0000000000001e36                ConeDetect_Init
 .text.ConeDrive_ConfigDefault
                0x0000000000001e72       0xa4 ./User/cone_detect.o
                0x0000000000001e72                ConeDrive_ConfigDefault
 .text.ConeDrive_Init
                0x0000000000001f16       0x1e ./User/cone_detect.o
                0x0000000000001f16                ConeDrive_Init
 .text.ConeDrive_Update
                0x0000000000001f34      0x450 ./User/cone_detect.o
                0x0000000000001f34                ConeDrive_Update
 .text.SYSTICK_ClearCounter
                0x0000000000002384       0x26 ./User/main.o
 .text.APP_ShowFixedLocation
                0x00000000000023aa       0xc2 ./User/main.o
 .text.SYSTICK_Init_Config
                0x000000000000246c       0x80 ./User/main.o
                0x000000000000246c                SYSTICK_Init_Config
 .text.SysTick_Handler
                0x00000000000024ec       0x12 ./User/main.o
                0x00000000000024ec                SysTick_Handler
 .text.startup.main
                0x00000000000024fe      0x168 ./User/main.o
                0x00000000000024fe                main
 .text.LIDAR_DMA_RX_Reset
                0x0000000000002666       0x46 ./User/rplidar_360.o
 .text.RPLIDAR_PortDelayMs
                0x00000000000026ac        0xc ./User/rplidar_360.o
 .text.RPLIDAR_PortSend
                0x00000000000026b8       0x56 ./User/rplidar_360.o
 .text.RPLIDAR360_Stop.constprop.7
                0x000000000000270e       0x2a ./User/rplidar_360.o
 .text.RPLIDAR360_InputBytesFromISR.part.0.constprop.21
                0x0000000000002738       0x62 ./User/rplidar_360.o
 .text.RPLIDAR360_StartScan.constprop.5
                0x000000000000279a       0x4a ./User/rplidar_360.o
 .text.USART1_IRQHandler
                0x00000000000027e4       0xaa ./User/rplidar_360.o
                0x00000000000027e4                USART1_IRQHandler
 .text.DMA1_Channel5_IRQHandler
                0x000000000000288e       0x7a ./User/rplidar_360.o
                0x000000000000288e                DMA1_Channel5_IRQHandler
 .text.APP_RPLIDAR_Init
                0x0000000000002908      0x1aa ./User/rplidar_360.o
                0x0000000000002908                APP_RPLIDAR_Init
 .text.APP_RPLIDAR_Task
                0x0000000000002ab2      0x19c ./User/rplidar_360.o
                0x0000000000002ab2                APP_RPLIDAR_Task
 .text.APP_RPLIDAR_CopyCurrentFrame
                0x0000000000002c4e       0x20 ./User/rplidar_360.o
                0x0000000000002c4e                APP_RPLIDAR_CopyCurrentFrame
 .text.APP_RPLIDAR_CopyUsableFrame
                0x0000000000002c6e       0x96 ./User/rplidar_360.o
                0x0000000000002c6e                APP_RPLIDAR_CopyUsableFrame
 .text.SystemInit
                0x0000000000002d04      0x106 ./User/system_ch32v10x.o
                0x0000000000002d04                SystemInit
 .text.SystemCoreClockUpdate
                0x0000000000002e0a       0x86 ./User/system_ch32v10x.o
                0x0000000000002e0a                SystemCoreClockUpdate
 .text.vector_handler
                0x0000000000002e90        0x2 ./Startup/startup_ch32v10x.o
                0x0000000000002e90                EXTI2_IRQHandler
                0x0000000000002e90                TIM1_CC_IRQHandler
                0x0000000000002e90                PVD_IRQHandler
                0x0000000000002e90                EXTI3_IRQHandler
                0x0000000000002e90                USBFS_IRQHandler
                0x0000000000002e90                EXTI0_IRQHandler
                0x0000000000002e90                I2C2_EV_IRQHandler
                0x0000000000002e90                ADC1_2_IRQHandler
                0x0000000000002e90                SPI1_IRQHandler
                0x0000000000002e90                TAMPER_IRQHandler
                0x0000000000002e90                DMA1_Channel4_IRQHandler
                0x0000000000002e90                RTC_IRQHandler
                0x0000000000002e90                DMA1_Channel7_IRQHandler
                0x0000000000002e90                TIM4_IRQHandler
                0x0000000000002e90                I2C1_EV_IRQHandler
                0x0000000000002e90                TIM3_IRQHandler
                0x0000000000002e90                RCC_IRQHandler
                0x0000000000002e90                TIM1_TRG_COM_IRQHandler
                0x0000000000002e90                DMA1_Channel1_IRQHandler
                0x0000000000002e90                EXTI15_10_IRQHandler
                0x0000000000002e90                EXTI9_5_IRQHandler
                0x0000000000002e90                SPI2_IRQHandler
                0x0000000000002e90                EXTI4_IRQHandler
                0x0000000000002e90                TIM1_UP_IRQHandler
                0x0000000000002e90                WWDG_IRQHandler
                0x0000000000002e90                SW_Handler
                0x0000000000002e90                TIM1_BRK_IRQHandler
                0x0000000000002e90                EXTI1_IRQHandler
                0x0000000000002e90                RTCAlarm_IRQHandler
                0x0000000000002e90                I2C2_ER_IRQHandler
                0x0000000000002e90                DMA1_Channel2_IRQHandler
                0x0000000000002e90                FLASH_IRQHandler
                0x0000000000002e90                I2C1_ER_IRQHandler
                0x0000000000002e90                USBWakeUp_IRQHandler
 .text.handle_reset
                0x0000000000002e92       0x7e ./Startup/startup_ch32v10x.o
                0x0000000000002e92                handle_reset
 .text.DMA_DeInit
                0x0000000000002f10       0xfa ./Peripheral/src/ch32v10x_dma.o
                0x0000000000002f10                DMA_DeInit
 .text.DMA_Init
                0x000000000000300a       0x38 ./Peripheral/src/ch32v10x_dma.o
                0x000000000000300a                DMA_Init
 .text.DMA_Cmd  0x0000000000003042       0x14 ./Peripheral/src/ch32v10x_dma.o
                0x0000000000003042                DMA_Cmd
 .text.DMA_ITConfig
                0x0000000000003056       0x12 ./Peripheral/src/ch32v10x_dma.o
                0x0000000000003056                DMA_ITConfig
 .text.DMA_SetCurrDataCounter
                0x0000000000003068        0x4 ./Peripheral/src/ch32v10x_dma.o
                0x0000000000003068                DMA_SetCurrDataCounter
 .text.DMA_GetCurrDataCounter
                0x000000000000306c        0x8 ./Peripheral/src/ch32v10x_dma.o
                0x000000000000306c                DMA_GetCurrDataCounter
 .text.DMA_GetFlagStatus
                0x0000000000003074       0x20 ./Peripheral/src/ch32v10x_dma.o
                0x0000000000003074                DMA_GetFlagStatus
 .text.DMA_ClearFlag
                0x0000000000003094       0x1a ./Peripheral/src/ch32v10x_dma.o
                0x0000000000003094                DMA_ClearFlag
 .text.DMA_GetITStatus
                0x00000000000030ae        0xc ./Peripheral/src/ch32v10x_dma.o
                0x00000000000030ae                DMA_GetITStatus
 .text.DMA_ClearITPendingBit
                0x00000000000030ba        0xc ./Peripheral/src/ch32v10x_dma.o
                0x00000000000030ba                DMA_ClearITPendingBit
 .text.GPIO_Init
                0x00000000000030c6       0xc2 ./Peripheral/src/ch32v10x_gpio.o
                0x00000000000030c6                GPIO_Init
 .text.GPIO_WriteBit
                0x0000000000003188        0xa ./Peripheral/src/ch32v10x_gpio.o
                0x0000000000003188                GPIO_WriteBit
 .text.NVIC_PriorityGroupConfig
                0x0000000000003192       0x10 ./Peripheral/src/ch32v10x_misc.o
                0x0000000000003192                NVIC_PriorityGroupConfig
 .text.NVIC_Init
                0x00000000000031a2       0x6e ./Peripheral/src/ch32v10x_misc.o
                0x00000000000031a2                NVIC_Init
 .text.RCC_GetClocksFreq
                0x0000000000003210       0xbc ./Peripheral/src/ch32v10x_rcc.o
                0x0000000000003210                RCC_GetClocksFreq
 .text.RCC_AHBPeriphClockCmd
                0x00000000000032cc       0x1e ./Peripheral/src/ch32v10x_rcc.o
                0x00000000000032cc                RCC_AHBPeriphClockCmd
 .text.RCC_APB2PeriphClockCmd
                0x00000000000032ea       0x1e ./Peripheral/src/ch32v10x_rcc.o
                0x00000000000032ea                RCC_APB2PeriphClockCmd
 .text.RCC_APB1PeriphClockCmd
                0x0000000000003308       0x1e ./Peripheral/src/ch32v10x_rcc.o
                0x0000000000003308                RCC_APB1PeriphClockCmd
 .text.TIM_TimeBaseInit
                0x0000000000003326       0x78 ./Peripheral/src/ch32v10x_tim.o
                0x0000000000003326                TIM_TimeBaseInit
 .text.TIM_OC1Init
                0x000000000000339e       0x88 ./Peripheral/src/ch32v10x_tim.o
                0x000000000000339e                TIM_OC1Init
 .text.TIM_Cmd  0x0000000000003426       0x1c ./Peripheral/src/ch32v10x_tim.o
                0x0000000000003426                TIM_Cmd
 .text.TIM_CtrlPWMOutputs
                0x0000000000003442       0x16 ./Peripheral/src/ch32v10x_tim.o
                0x0000000000003442                TIM_CtrlPWMOutputs
 .text.TIM_ARRPreloadConfig
                0x0000000000003458       0x1e ./Peripheral/src/ch32v10x_tim.o
                0x0000000000003458                TIM_ARRPreloadConfig
 .text.TIM_OC1PreloadConfig
                0x0000000000003476       0x12 ./Peripheral/src/ch32v10x_tim.o
                0x0000000000003476                TIM_OC1PreloadConfig
 .text.TIM_SetCompare1
                0x0000000000003488        0x6 ./Peripheral/src/ch32v10x_tim.o
                0x0000000000003488                TIM_SetCompare1
 .text.TIM_GetCapture1
                0x000000000000348e        0x6 ./Peripheral/src/ch32v10x_tim.o
                0x000000000000348e                TIM_GetCapture1
 .text.TIM_GetCapture2
                0x0000000000003494        0x6 ./Peripheral/src/ch32v10x_tim.o
                0x0000000000003494                TIM_GetCapture2
 .text.TIM_GetITStatus
                0x000000000000349a       0x1c ./Peripheral/src/ch32v10x_tim.o
                0x000000000000349a                TIM_GetITStatus
 .text.TIM_ClearITPendingBit
                0x00000000000034b6        0xe ./Peripheral/src/ch32v10x_tim.o
                0x00000000000034b6                TIM_ClearITPendingBit
 .text.USART_Init
                0x00000000000034c4       0xa8 ./Peripheral/src/ch32v10x_usart.o
                0x00000000000034c4                USART_Init
 .text.USART_Cmd
                0x000000000000356c       0x1c ./Peripheral/src/ch32v10x_usart.o
                0x000000000000356c                USART_Cmd
 .text.USART_ITConfig
                0x0000000000003588       0x36 ./Peripheral/src/ch32v10x_usart.o
                0x0000000000003588                USART_ITConfig
 .text.USART_DMACmd
                0x00000000000035be       0x16 ./Peripheral/src/ch32v10x_usart.o
                0x00000000000035be                USART_DMACmd
 .text.USART_SendData
                0x00000000000035d4        0xa ./Peripheral/src/ch32v10x_usart.o
                0x00000000000035d4                USART_SendData
 .text.USART_GetFlagStatus
                0x00000000000035de        0xc ./Peripheral/src/ch32v10x_usart.o
                0x00000000000035de                USART_GetFlagStatus
 .text.USART_GetITStatus
                0x00000000000035ea       0x44 ./Peripheral/src/ch32v10x_usart.o
                0x00000000000035ea                USART_GetITStatus
 .text.Delay_Init
                0x000000000000362e       0x26 ./Debug/debug.o
                0x000000000000362e                Delay_Init
 .text.Delay_Ms
                0x0000000000003654       0x30 ./Debug/debug.o
                0x0000000000003654                Delay_Ms
 .text._write   0x0000000000003684       0x3e ./Debug/debug.o
                0x0000000000003684                _write
 .text._sbrk    0x00000000000036c2       0x2a ./Debug/debug.o
                0x00000000000036c2                _sbrk
 .text.cosf     0x00000000000036ec       0x82 c:/mounriver/mounriver_studio2/resources/app/resources/win32/components/wch/toolchain/risc-v embedded gcc/bin/../lib/gcc/riscv-none-embed/8.2.0/../../../../riscv-none-embed/lib/rv32imac/ilp32\libm.a(lib_a-sf_cos.o)
                0x00000000000036ec                cosf
 .text.sinf     0x000000000000376e       0x82 c:/mounriver/mounriver_studio2/resources/app/resources/win32/components/wch/toolchain/risc-v embedded gcc/bin/../lib/gcc/riscv-none-embed/8.2.0/../../../../riscv-none-embed/lib/rv32imac/ilp32\libm.a(lib_a-sf_sin.o)
                0x000000000000376e                sinf
 .text.atan2f   0x00000000000037f0        0x2 c:/mounriver/mounriver_studio2/resources/app/resources/win32/components/wch/toolchain/risc-v embedded gcc/bin/../lib/gcc/riscv-none-embed/8.2.0/../../../../riscv-none-embed/lib/rv32imac/ilp32\libm.a(lib_a-wf_atan2.o)
                0x00000000000037f0                atan2f
 .text.sqrtf    0x00000000000037f2       0xb8 c:/mounriver/mounriver_studio2/resources/app/resources/win32/components/wch/toolchain/risc-v embedded gcc/bin/../lib/gcc/riscv-none-embed/8.2.0/../../../../riscv-none-embed/lib/rv32imac/ilp32\libm.a(lib_a-wf_sqrt.o)
                0x00000000000037f2                sqrtf
 .text.__ieee754_atan2f
                0x00000000000038aa      0x198 c:/mounriver/mounriver_studio2/resources/app/resources/win32/components/wch/toolchain/risc-v embedded gcc/bin/../lib/gcc/riscv-none-embed/8.2.0/../../../../riscv-none-embed/lib/rv32imac/ilp32\libm.a(lib_a-ef_atan2.o)
                0x00000000000038aa                __ieee754_atan2f
 .text.__ieee754_rem_pio2f
                0x0000000000003a42      0x354 c:/mounriver/mounriver_studio2/resources/app/resources/win32/components/wch/toolchain/risc-v embedded gcc/bin/../lib/gcc/riscv-none-embed/8.2.0/../../../../riscv-none-embed/lib/rv32imac/ilp32\libm.a(lib_a-ef_rem_pio2.o)
                0x0000000000003a42                __ieee754_rem_pio2f
 .text.__ieee754_sqrtf
                0x0000000000003d96       0xdc c:/mounriver/mounriver_studio2/resources/app/resources/win32/components/wch/toolchain/risc-v embedded gcc/bin/../lib/gcc/riscv-none-embed/8.2.0/../../../../riscv-none-embed/lib/rv32imac/ilp32\libm.a(lib_a-ef_sqrt.o)
                0x0000000000003d96                __ieee754_sqrtf
 .text.__kernel_cosf
                0x0000000000003e72      0x20e c:/mounriver/mounriver_studio2/resources/app/resources/win32/components/wch/toolchain/risc-v embedded gcc/bin/../lib/gcc/riscv-none-embed/8.2.0/../../../../riscv-none-embed/lib/rv32imac/ilp32\libm.a(lib_a-kf_cos.o)
                0x0000000000003e72                __kernel_cosf
 .text.__kernel_rem_pio2f
                0x0000000000004080      0x7e4 c:/mounriver/mounriver_studio2/resources/app/resources/win32/components/wch/toolchain/risc-v embedded gcc/bin/../lib/gcc/riscv-none-embed/8.2.0/../../../../riscv-none-embed/lib/rv32imac/ilp32\libm.a(lib_a-kf_rem_pio2.o)
                0x0000000000004080                __kernel_rem_pio2f
 .text.__kernel_sinf
                0x0000000000004864      0x12c c:/mounriver/mounriver_studio2/resources/app/resources/win32/components/wch/toolchain/risc-v embedded gcc/bin/../lib/gcc/riscv-none-embed/8.2.0/../../../../riscv-none-embed/lib/rv32imac/ilp32\libm.a(lib_a-kf_sin.o)
                0x0000000000004864                __kernel_sinf
 .text.matherr  0x0000000000004990        0x4 c:/mounriver/mounriver_studio2/resources/app/resources/win32/components/wch/toolchain/risc-v embedded gcc/bin/../lib/gcc/riscv-none-embed/8.2.0/../../../../riscv-none-embed/lib/rv32imac/ilp32\libm.a(lib_a-s_matherr.o)
                0x0000000000004990                matherr
 .text.atanf    0x0000000000004994      0x288 c:/mounriver/mounriver_studio2/resources/app/resources/win32/components/wch/toolchain/risc-v embedded gcc/bin/../lib/gcc/riscv-none-embed/8.2.0/../../../../riscv-none-embed/lib/rv32imac/ilp32\libm.a(lib_a-sf_atan.o)
                0x0000000000004994                atanf
 .text.fabsf    0x0000000000004c1c        0x6 c:/mounriver/mounriver_studio2/resources/app/resources/win32/components/wch/toolchain/risc-v embedded gcc/bin/../lib/gcc/riscv-none-embed/8.2.0/../../../../riscv-none-embed/lib/rv32imac/ilp32\libm.a(lib_a-sf_fabs.o)
                0x0000000000004c1c                fabsf
 .text.floorf   0x0000000000004c22       0xcc c:/mounriver/mounriver_studio2/resources/app/resources/win32/components/wch/toolchain/risc-v embedded gcc/bin/../lib/gcc/riscv-none-embed/8.2.0/../../../../riscv-none-embed/lib/rv32imac/ilp32\libm.a(lib_a-sf_floor.o)
                0x0000000000004c22                floorf
 .text.scalbnf  0x0000000000004cee       0xe0 c:/mounriver/mounriver_studio2/resources/app/resources/win32/components/wch/toolchain/risc-v embedded gcc/bin/../lib/gcc/riscv-none-embed/8.2.0/../../../../riscv-none-embed/lib/rv32imac/ilp32\libm.a(lib_a-sf_scalbn.o)
                0x0000000000004cee                scalbnf
 .text.copysignf
                0x0000000000004dce       0x10 c:/mounriver/mounriver_studio2/resources/app/resources/win32/components/wch/toolchain/risc-v embedded gcc/bin/../lib/gcc/riscv-none-embed/8.2.0/../../../../riscv-none-embed/lib/rv32imac/ilp32\libm.a(lib_a-sf_copysign.o)
                0x0000000000004dce                copysignf
 .text.printchar
                0x0000000000004dde       0x4c c:/mounriver/mounriver_studio2/resources/app/resources/win32/components/wch/toolchain/risc-v embedded gcc/bin/../lib/gcc/riscv-none-embed/8.2.0/../../../../riscv-none-embed/lib/rv32imac/ilp32\libprintfloat.a(printfloat.o)
                0x0000000000004dde                printchar
 .text.prints   0x0000000000004e2a       0xe0 c:/mounriver/mounriver_studio2/resources/app/resources/win32/components/wch/toolchain/risc-v embedded gcc/bin/../lib/gcc/riscv-none-embed/8.2.0/../../../../riscv-none-embed/lib/rv32imac/ilp32\libprintfloat.a(printfloat.o)
                0x0000000000004e2a                prints
 .text.printInt
                0x0000000000004f0a       0xf4 c:/mounriver/mounriver_studio2/resources/app/resources/win32/components/wch/toolchain/risc-v embedded gcc/bin/../lib/gcc/riscv-none-embed/8.2.0/../../../../riscv-none-embed/lib/rv32imac/ilp32\libprintfloat.a(printfloat.o)
                0x0000000000004f0a                printInt
 .text.printLongLongInt
                0x0000000000004ffe      0x124 c:/mounriver/mounriver_studio2/resources/app/resources/win32/components/wch/toolchain/risc-v embedded gcc/bin/../lib/gcc/riscv-none-embed/8.2.0/../../../../riscv-none-embed/lib/rv32imac/ilp32\libprintfloat.a(printfloat.o)
                0x0000000000004ffe                printLongLongInt
 .text.printDouble
                0x0000000000005122      0x100 c:/mounriver/mounriver_studio2/resources/app/resources/win32/components/wch/toolchain/risc-v embedded gcc/bin/../lib/gcc/riscv-none-embed/8.2.0/../../../../riscv-none-embed/lib/rv32imac/ilp32\libprintfloat.a(printfloat.o)
                0x0000000000005122                printDouble
 .text.print    0x0000000000005222      0x358 c:/mounriver/mounriver_studio2/resources/app/resources/win32/components/wch/toolchain/risc-v embedded gcc/bin/../lib/gcc/riscv-none-embed/8.2.0/../../../../riscv-none-embed/lib/rv32imac/ilp32\libprintfloat.a(printfloat.o)
                0x0000000000005222                print
 .text.snprintf
                0x000000000000557a       0x2a c:/mounriver/mounriver_studio2/resources/app/resources/win32/components/wch/toolchain/risc-v embedded gcc/bin/../lib/gcc/riscv-none-embed/8.2.0/../../../../riscv-none-embed/lib/rv32imac/ilp32\libprintfloat.a(printfloat.o)
                0x000000000000557a                snprintf
 .text.__udivdi3
                0x00000000000055a4      0x398 c:/mounriver/mounriver_studio2/resources/app/resources/win32/components/wch/toolchain/risc-v embedded gcc/bin/../lib/gcc/riscv-none-embed/8.2.0/rv32imac/ilp32\libgcc.a(_udivdi3.o)
                0x00000000000055a4                __udivdi3
 .text.__umoddi3
                0x000000000000593c      0x38e c:/mounriver/mounriver_studio2/resources/app/resources/win32/components/wch/toolchain/risc-v embedded gcc/bin/../lib/gcc/riscv-none-embed/8.2.0/rv32imac/ilp32\libgcc.a(_umoddi3.o)
                0x000000000000593c                __umoddi3
 .text.__divdf3
                0x0000000000005cca      0x5b4 c:/mounriver/mounriver_studio2/resources/app/resources/win32/components/wch/toolchain/risc-v embedded gcc/bin/../lib/gcc/riscv-none-embed/8.2.0/rv32imac/ilp32\libgcc.a(divdf3.o)
                0x0000000000005cca                __divdf3
 .text.__ledf2  0x000000000000627e       0xb6 c:/mounriver/mounriver_studio2/resources/app/resources/win32/components/wch/toolchain/risc-v embedded gcc/bin/../lib/gcc/riscv-none-embed/8.2.0/rv32imac/ilp32\libgcc.a(ledf2.o)
                0x000000000000627e                __ledf2
                0x000000000000627e                __ltdf2
 .text.__muldf3
                0x0000000000006334      0x4b8 c:/mounriver/mounriver_studio2/resources/app/resources/win32/components/wch/toolchain/risc-v embedded gcc/bin/../lib/gcc/riscv-none-embed/8.2.0/rv32imac/ilp32\libgcc.a(muldf3.o)
                0x0000000000006334                __muldf3
 .text.__subdf3
                0x00000000000067ec      0x73e c:/mounriver/mounriver_studio2/resources/app/resources/win32/components/wch/toolchain/risc-v embedded gcc/bin/../lib/gcc/riscv-none-embed/8.2.0/rv32imac/ilp32\libgcc.a(subdf3.o)
                0x00000000000067ec                __subdf3
 .text.__floatsidf
                0x0000000000006f2a       0x72 c:/mounriver/mounriver_studio2/resources/app/resources/win32/components/wch/toolchain/risc-v embedded gcc/bin/../lib/gcc/riscv-none-embed/8.2.0/rv32imac/ilp32\libgcc.a(floatsidf.o)
                0x0000000000006f2a                __floatsidf
 .text.__floatunsidf
                0x0000000000006f9c       0x68 c:/mounriver/mounriver_studio2/resources/app/resources/win32/components/wch/toolchain/risc-v embedded gcc/bin/../lib/gcc/riscv-none-embed/8.2.0/rv32imac/ilp32\libgcc.a(floatunsidf.o)
                0x0000000000006f9c                __floatunsidf
 .text.__fixdfdi
                0x0000000000007004       0xbc c:/mounriver/mounriver_studio2/resources/app/resources/win32/components/wch/toolchain/risc-v embedded gcc/bin/../lib/gcc/riscv-none-embed/8.2.0/rv32imac/ilp32\libgcc.a(fixdfdi.o)
                0x0000000000007004                __fixdfdi
 .text.__floatdidf
                0x00000000000070c0      0x1b6 c:/mounriver/mounriver_studio2/resources/app/resources/win32/components/wch/toolchain/risc-v embedded gcc/bin/../lib/gcc/riscv-none-embed/8.2.0/rv32imac/ilp32\libgcc.a(floatdidf.o)
                0x00000000000070c0                __floatdidf
 .text.__addsf3
                0x0000000000007276      0x36a c:/mounriver/mounriver_studio2/resources/app/resources/win32/components/wch/toolchain/risc-v embedded gcc/bin/../lib/gcc/riscv-none-embed/8.2.0/rv32imac/ilp32\libgcc.a(addsf3.o)
                0x0000000000007276                __addsf3
 .text.__divsf3
                0x00000000000075e0      0x2b2 c:/mounriver/mounriver_studio2/resources/app/resources/win32/components/wch/toolchain/risc-v embedded gcc/bin/../lib/gcc/riscv-none-embed/8.2.0/rv32imac/ilp32\libgcc.a(divsf3.o)
                0x00000000000075e0                __divsf3
 .text.__eqsf2  0x0000000000007892       0x5c c:/mounriver/mounriver_studio2/resources/app/resources/win32/components/wch/toolchain/risc-v embedded gcc/bin/../lib/gcc/riscv-none-embed/8.2.0/rv32imac/ilp32\libgcc.a(eqsf2.o)
                0x0000000000007892                __eqsf2
                0x0000000000007892                __nesf2
 .text.__gesf2  0x00000000000078ee       0x86 c:/mounriver/mounriver_studio2/resources/app/resources/win32/components/wch/toolchain/risc-v embedded gcc/bin/../lib/gcc/riscv-none-embed/8.2.0/rv32imac/ilp32\libgcc.a(gesf2.o)
                0x00000000000078ee                __gesf2
                0x00000000000078ee                __gtsf2
 .text.__lesf2  0x0000000000007974       0x8c c:/mounriver/mounriver_studio2/resources/app/resources/win32/components/wch/toolchain/risc-v embedded gcc/bin/../lib/gcc/riscv-none-embed/8.2.0/rv32imac/ilp32\libgcc.a(lesf2.o)
                0x0000000000007974                __ltsf2
                0x0000000000007974                __lesf2
 .text.__mulsf3
                0x0000000000007a00      0x294 c:/mounriver/mounriver_studio2/resources/app/resources/win32/components/wch/toolchain/risc-v embedded gcc/bin/../lib/gcc/riscv-none-embed/8.2.0/rv32imac/ilp32\libgcc.a(mulsf3.o)
                0x0000000000007a00                __mulsf3
 .text.__subsf3
                0x0000000000007c94      0x388 c:/mounriver/mounriver_studio2/resources/app/resources/win32/components/wch/toolchain/risc-v embedded gcc/bin/../lib/gcc/riscv-none-embed/8.2.0/rv32imac/ilp32\libgcc.a(subsf3.o)
                0x0000000000007c94                __subsf3
 .text.__unordsf2
                0x000000000000801c       0x3c c:/mounriver/mounriver_studio2/resources/app/resources/win32/components/wch/toolchain/risc-v embedded gcc/bin/../lib/gcc/riscv-none-embed/8.2.0/rv32imac/ilp32\libgcc.a(unordsf2.o)
                0x000000000000801c                __unordsf2
 .text.__fixsfsi
                0x0000000000008058       0x62 c:/mounriver/mounriver_studio2/resources/app/resources/win32/components/wch/toolchain/risc-v embedded gcc/bin/../lib/gcc/riscv-none-embed/8.2.0/rv32imac/ilp32\libgcc.a(fixsfsi.o)
                0x0000000000008058                __fixsfsi
 .text.__floatsisf
                0x00000000000080ba       0xc6 c:/mounriver/mounriver_studio2/resources/app/resources/win32/components/wch/toolchain/risc-v embedded gcc/bin/../lib/gcc/riscv-none-embed/8.2.0/rv32imac/ilp32\libgcc.a(floatsisf.o)
                0x00000000000080ba                __floatsisf
 .text.__floatunsisf
                0x0000000000008180       0xce c:/mounriver/mounriver_studio2/resources/app/resources/win32/components/wch/toolchain/risc-v embedded gcc/bin/../lib/gcc/riscv-none-embed/8.2.0/rv32imac/ilp32\libgcc.a(floatunsisf.o)
                0x0000000000008180                __floatunsisf
 .text.__extendsfdf2
                0x000000000000824e       0xac c:/mounriver/mounriver_studio2/resources/app/resources/win32/components/wch/toolchain/risc-v embedded gcc/bin/../lib/gcc/riscv-none-embed/8.2.0/rv32imac/ilp32\libgcc.a(extendsfdf2.o)
                0x000000000000824e                __extendsfdf2
 .text.__truncdfsf2
                0x00000000000082fa      0x16a c:/mounriver/mounriver_studio2/resources/app/resources/win32/components/wch/toolchain/risc-v embedded gcc/bin/../lib/gcc/riscv-none-embed/8.2.0/rv32imac/ilp32\libgcc.a(truncdfsf2.o)
                0x00000000000082fa                __truncdfsf2
 .text.__clzsi2
                0x0000000000008464       0x76 c:/mounriver/mounriver_studio2/resources/app/resources/win32/components/wch/toolchain/risc-v embedded gcc/bin/../lib/gcc/riscv-none-embed/8.2.0/rv32imac/ilp32\libgcc.a(_clzsi2.o)
                0x0000000000008464                __clzsi2
 .text.__errno  0x00000000000084da        0x8 c:/mounriver/mounriver_studio2/resources/app/resources/win32/components/wch/toolchain/risc-v embedded gcc/bin/../lib/gcc/riscv-none-embed/8.2.0/../../../../riscv-none-embed/lib/rv32imac/ilp32\libg_nano.a(lib_a-errno.o)
                0x00000000000084da                __errno
 .text.memcpy   0x00000000000084e2       0xb6 c:/mounriver/mounriver_studio2/resources/app/resources/win32/components/wch/toolchain/risc-v embedded gcc/bin/../lib/gcc/riscv-none-embed/8.2.0/../../../../riscv-none-embed/lib/rv32imac/ilp32\libg_nano.a(lib_a-memcpy.o)
                0x00000000000084e2                memcpy
 .text.__cvt    0x0000000000008598       0xee c:/mounriver/mounriver_studio2/resources/app/resources/win32/components/wch/toolchain/risc-v embedded gcc/bin/../lib/gcc/riscv-none-embed/8.2.0/../../../../riscv-none-embed/lib/rv32imac/ilp32\libg_nano.a(lib_a-nano-vfprintf_float.o)
                0x0000000000008598                __cvt
 .text.__exponent
                0x0000000000008686       0x8c c:/mounriver/mounriver_studio2/resources/app/resources/win32/components/wch/toolchain/risc-v embedded gcc/bin/../lib/gcc/riscv-none-embed/8.2.0/../../../../riscv-none-embed/lib/rv32imac/ilp32\libg_nano.a(lib_a-nano-vfprintf_float.o)
                0x0000000000008686                __exponent
 .text._printf_float
                0x0000000000008712      0x4c2 c:/mounriver/mounriver_studio2/resources/app/resources/win32/components/wch/toolchain/risc-v embedded gcc/bin/../lib/gcc/riscv-none-embed/8.2.0/../../../../riscv-none-embed/lib/rv32imac/ilp32\libg_nano.a(lib_a-nano-vfprintf_float.o)
                0x0000000000008712                _printf_float
 .text._printf_common
                0x0000000000008bd4      0x10c c:/mounriver/mounriver_studio2/resources/app/resources/win32/components/wch/toolchain/risc-v embedded gcc/bin/../lib/gcc/riscv-none-embed/8.2.0/../../../../riscv-none-embed/lib/rv32imac/ilp32\libg_nano.a(lib_a-nano-vfprintf_i.o)
                0x0000000000008bd4                _printf_common
 .text.strcpy   0x0000000000008ce0       0x12 c:/mounriver/mounriver_studio2/resources/app/resources/win32/components/wch/toolchain/risc-v embedded gcc/bin/../lib/gcc/riscv-none-embed/8.2.0/../../../../riscv-none-embed/lib/rv32imac/ilp32\libg_nano.a(lib_a-strcpy.o)
                0x0000000000008ce0                strcpy
 .text.strlen   0x0000000000008cf2       0x12 c:/mounriver/mounriver_studio2/resources/app/resources/win32/components/wch/toolchain/risc-v embedded gcc/bin/../lib/gcc/riscv-none-embed/8.2.0/../../../../riscv-none-embed/lib/rv32imac/ilp32\libg_nano.a(lib_a-strlen.o)
                0x0000000000008cf2                strlen
 .text.quorem   0x0000000000008d04      0x13a c:/mounriver/mounriver_studio2/resources/app/resources/win32/components/wch/toolchain/risc-v embedded gcc/bin/../lib/gcc/riscv-none-embed/8.2.0/../../../../riscv-none-embed/lib/rv32imac/ilp32\libg_nano.a(lib_a-dtoa.o)
 .text._dtoa_r  0x0000000000008e3e      0xbf6 c:/mounriver/mounriver_studio2/resources/app/resources/win32/components/wch/toolchain/risc-v embedded gcc/bin/../lib/gcc/riscv-none-embed/8.2.0/../../../../riscv-none-embed/lib/rv32imac/ilp32\libg_nano.a(lib_a-dtoa.o)
                0x0000000000008e3e                _dtoa_r
 .text._localeconv_r
                0x0000000000009a34       0x18 c:/mounriver/mounriver_studio2/resources/app/resources/win32/components/wch/toolchain/risc-v embedded gcc/bin/../lib/gcc/riscv-none-embed/8.2.0/../../../../riscv-none-embed/lib/rv32imac/ilp32\libg_nano.a(lib_a-localeconv.o)
                0x0000000000009a34                _localeconv_r
 .text.malloc   0x0000000000009a4c        0xa c:/mounriver/mounriver_studio2/resources/app/resources/win32/components/wch/toolchain/risc-v embedded gcc/bin/../lib/gcc/riscv-none-embed/8.2.0/../../../../riscv-none-embed/lib/rv32imac/ilp32\libg_nano.a(lib_a-malloc.o)
                0x0000000000009a4c                malloc
 .text._Balloc  0x0000000000009a56       0x88 c:/mounriver/mounriver_studio2/resources/app/resources/win32/components/wch/toolchain/risc-v embedded gcc/bin/../lib/gcc/riscv-none-embed/8.2.0/../../../../riscv-none-embed/lib/rv32imac/ilp32\libg_nano.a(lib_a-mprec.o)
                0x0000000000009a56                _Balloc
 .text._Bfree   0x0000000000009ade       0x44 c:/mounriver/mounriver_studio2/resources/app/resources/win32/components/wch/toolchain/risc-v embedded gcc/bin/../lib/gcc/riscv-none-embed/8.2.0/../../../../riscv-none-embed/lib/rv32imac/ilp32\libg_nano.a(lib_a-mprec.o)
                0x0000000000009ade                _Bfree
 .text.__multadd
                0x0000000000009b22       0x98 c:/mounriver/mounriver_studio2/resources/app/resources/win32/components/wch/toolchain/risc-v embedded gcc/bin/../lib/gcc/riscv-none-embed/8.2.0/../../../../riscv-none-embed/lib/rv32imac/ilp32\libg_nano.a(lib_a-mprec.o)
                0x0000000000009b22                __multadd
 .text.__hi0bits
                0x0000000000009bba       0x46 c:/mounriver/mounriver_studio2/resources/app/resources/win32/components/wch/toolchain/risc-v embedded gcc/bin/../lib/gcc/riscv-none-embed/8.2.0/../../../../riscv-none-embed/lib/rv32imac/ilp32\libg_nano.a(lib_a-mprec.o)
                0x0000000000009bba                __hi0bits
 .text.__lo0bits
                0x0000000000009c00       0x6a c:/mounriver/mounriver_studio2/resources/app/resources/win32/components/wch/toolchain/risc-v embedded gcc/bin/../lib/gcc/riscv-none-embed/8.2.0/../../../../riscv-none-embed/lib/rv32imac/ilp32\libg_nano.a(lib_a-mprec.o)
                0x0000000000009c00                __lo0bits
 .text.__i2b    0x0000000000009c6a       0x1c c:/mounriver/mounriver_studio2/resources/app/resources/win32/components/wch/toolchain/risc-v embedded gcc/bin/../lib/gcc/riscv-none-embed/8.2.0/../../../../riscv-none-embed/lib/rv32imac/ilp32\libg_nano.a(lib_a-mprec.o)
                0x0000000000009c6a                __i2b
 .text.__multiply
                0x0000000000009c86      0x144 c:/mounriver/mounriver_studio2/resources/app/resources/win32/components/wch/toolchain/risc-v embedded gcc/bin/../lib/gcc/riscv-none-embed/8.2.0/../../../../riscv-none-embed/lib/rv32imac/ilp32\libg_nano.a(lib_a-mprec.o)
                0x0000000000009c86                __multiply
 .text.__pow5mult
                0x0000000000009dca       0xbe c:/mounriver/mounriver_studio2/resources/app/resources/win32/components/wch/toolchain/risc-v embedded gcc/bin/../lib/gcc/riscv-none-embed/8.2.0/../../../../riscv-none-embed/lib/rv32imac/ilp32\libg_nano.a(lib_a-mprec.o)
                0x0000000000009dca                __pow5mult
 .text.__lshift
                0x0000000000009e88       0xce c:/mounriver/mounriver_studio2/resources/app/resources/win32/components/wch/toolchain/risc-v embedded gcc/bin/../lib/gcc/riscv-none-embed/8.2.0/../../../../riscv-none-embed/lib/rv32imac/ilp32\libg_nano.a(lib_a-mprec.o)
                0x0000000000009e88                __lshift
 .text.__mcmp   0x0000000000009f56       0x32 c:/mounriver/mounriver_studio2/resources/app/resources/win32/components/wch/toolchain/risc-v embedded gcc/bin/../lib/gcc/riscv-none-embed/8.2.0/../../../../riscv-none-embed/lib/rv32imac/ilp32\libg_nano.a(lib_a-mprec.o)
                0x0000000000009f56                __mcmp
 .text.__mdiff  0x0000000000009f88       0xf2 c:/mounriver/mounriver_studio2/resources/app/resources/win32/components/wch/toolchain/risc-v embedded gcc/bin/../lib/gcc/riscv-none-embed/8.2.0/../../../../riscv-none-embed/lib/rv32imac/ilp32\libg_nano.a(lib_a-mprec.o)
                0x0000000000009f88                __mdiff
 .text.__d2b    0x000000000000a07a       0xd4 c:/mounriver/mounriver_studio2/resources/app/resources/win32/components/wch/toolchain/risc-v embedded gcc/bin/../lib/gcc/riscv-none-embed/8.2.0/../../../../riscv-none-embed/lib/rv32imac/ilp32\libg_nano.a(lib_a-mprec.o)
                0x000000000000a07a                __d2b
 .text._calloc_r
                0x000000000000a14e       0x26 c:/mounriver/mounriver_studio2/resources/app/resources/win32/components/wch/toolchain/risc-v embedded gcc/bin/../lib/gcc/riscv-none-embed/8.2.0/../../../../riscv-none-embed/lib/rv32imac/ilp32\libg_nano.a(lib_a-nano-callocr.o)
                0x000000000000a14e                _calloc_r
 .text._malloc_r
                0x000000000000a174       0xce c:/mounriver/mounriver_studio2/resources/app/resources/win32/components/wch/toolchain/risc-v embedded gcc/bin/../lib/gcc/riscv-none-embed/8.2.0/../../../../riscv-none-embed/lib/rv32imac/ilp32\libg_nano.a(lib_a-nano-mallocr.o)
                0x000000000000a174                _malloc_r
 .text._sbrk_r  0x000000000000a242       0x32 c:/mounriver/mounriver_studio2/resources/app/resources/win32/components/wch/toolchain/risc-v embedded gcc/bin/../lib/gcc/riscv-none-embed/8.2.0/../../../../riscv-none-embed/lib/rv32imac/ilp32\libg_nano.a(lib_a-sbrkr.o)
                0x000000000000a242                _sbrk_r
 .text.__ascii_mbtowc
                0x000000000000a274       0x3a c:/mounriver/mounriver_studio2/resources/app/resources/win32/components/wch/toolchain/risc-v embedded gcc/bin/../lib/gcc/riscv-none-embed/8.2.0/../../../../riscv-none-embed/lib/rv32imac/ilp32\libg_nano.a(lib_a-mbtowc_r.o)
                0x000000000000a274                __ascii_mbtowc
 .text.__malloc_lock
                0x000000000000a2ae        0x2 c:/mounriver/mounriver_studio2/resources/app/resources/win32/components/wch/toolchain/risc-v embedded gcc/bin/../lib/gcc/riscv-none-embed/8.2.0/../../../../riscv-none-embed/lib/rv32imac/ilp32\libg_nano.a(lib_a-mlock.o)
                0x000000000000a2ae                __malloc_lock
 .text.__malloc_unlock
                0x000000000000a2b0        0x2 c:/mounriver/mounriver_studio2/resources/app/resources/win32/components/wch/toolchain/risc-v embedded gcc/bin/../lib/gcc/riscv-none-embed/8.2.0/../../../../riscv-none-embed/lib/rv32imac/ilp32\libg_nano.a(lib_a-mlock.o)
                0x000000000000a2b0                __malloc_unlock
 .text.__ascii_wctomb
                0x000000000000a2b2       0x20 c:/mounriver/mounriver_studio2/resources/app/resources/win32/components/wch/toolchain/risc-v embedded gcc/bin/../lib/gcc/riscv-none-embed/8.2.0/../../../../riscv-none-embed/lib/rv32imac/ilp32\libg_nano.a(lib_a-wctomb_r.o)
                0x000000000000a2b2                __ascii_wctomb
 .text.__adddf3
                0x000000000000a2d2      0x730 c:/mounriver/mounriver_studio2/resources/app/resources/win32/components/wch/toolchain/risc-v embedded gcc/bin/../lib/gcc/riscv-none-embed/8.2.0/rv32imac/ilp32\libgcc.a(adddf3.o)
                0x000000000000a2d2                __adddf3
 .text.__eqdf2  0x000000000000aa02       0x6a c:/mounriver/mounriver_studio2/resources/app/resources/win32/components/wch/toolchain/risc-v embedded gcc/bin/../lib/gcc/riscv-none-embed/8.2.0/rv32imac/ilp32\libgcc.a(eqdf2.o)
                0x000000000000aa02                __nedf2
                0x000000000000aa02                __eqdf2
 .text.__gedf2  0x000000000000aa6c       0xae c:/mounriver/mounriver_studio2/resources/app/resources/win32/components/wch/toolchain/risc-v embedded gcc/bin/../lib/gcc/riscv-none-embed/8.2.0/rv32imac/ilp32\libgcc.a(gedf2.o)
                0x000000000000aa6c                __gedf2
                0x000000000000aa6c                __gtdf2
 .text.__unorddf2
                0x000000000000ab1a       0x3c c:/mounriver/mounriver_studio2/resources/app/resources/win32/components/wch/toolchain/risc-v embedded gcc/bin/../lib/gcc/riscv-none-embed/8.2.0/rv32imac/ilp32\libgcc.a(unorddf2.o)
                0x000000000000ab1a                __unorddf2
 .text.__fixdfsi
                0x000000000000ab56       0x68 c:/mounriver/mounriver_studio2/resources/app/resources/win32/components/wch/toolchain/risc-v embedded gcc/bin/../lib/gcc/riscv-none-embed/8.2.0/rv32imac/ilp32\libgcc.a(fixdfsi.o)
                0x000000000000ab56                __fixdfsi
 .text.__trunctfdf2
                0x000000000000abbe      0x21e c:/mounriver/mounriver_studio2/resources/app/resources/win32/components/wch/toolchain/risc-v embedded gcc/bin/../lib/gcc/riscv-none-embed/8.2.0/rv32imac/ilp32\libgcc.a(trunctfdf2.o)
                0x000000000000abbe                __trunctfdf2
 *(.rodata)
 *(.rodata*)
 *fill*         0x000000000000addc        0x0 
 .rodata.JY901_GetStableHeading.cst4
                0x000000000000addc        0xc ./User/JY901.o
 .rodata.JY901_NormalizeAngle180.cst4
                0x000000000000ade8        0xc ./User/JY901.o
 .rodata.JY901_ParseBuffer.cst4
                0x000000000000adf4        0xc ./User/JY901.o
 .rodata.JY901_Task.str1.4
                0x000000000000ae00       0x48 ./User/JY901.o
 .rodata.Laser_Task.str1.4
                0x000000000000ae48       0x3e ./User/Laser.o
 *fill*         0x000000000000ae86        0x2 
 .rodata.OLED_F8x16
                0x000000000000ae88      0x5f0 ./User/Oled.o
                0x000000000000ae88                OLED_F8x16
 .rodata.ConeDrive_Update
                0x000000000000b478       0x14 ./User/cone_detect.o
 .rodata.CalcCenteringSteerSafe.isra.2.cst4
                0x000000000000b48c        0xc ./User/cone_detect.o
 .rodata.ConeDetect_UpdateWithSide.constprop.10.cst4
                0x000000000000b498       0x1c ./User/cone_detect.o
                                         0x20 (size before relaxing)
 .rodata.FloatToS16.cst4
                0x000000000000b4b4        0x4 ./User/cone_detect.o
 .rodata.GetGateCarSideTarget.cst4
                0x000000000000b4b4        0x4 ./User/cone_detect.o
 .rodata.IsGateReadyToPass.cst4
                0x000000000000b4b8        0x8 ./User/cone_detect.o
 .rodata.APP_ShowFixedLocation.str1.4
                0x000000000000b4c0       0x21 ./User/main.o
 *fill*         0x000000000000b4e1        0x3 
 .rodata.sqrtf.str1.4
                0x000000000000b4e4        0x6 c:/mounriver/mounriver_studio2/resources/app/resources/win32/components/wch/toolchain/risc-v embedded gcc/bin/../lib/gcc/riscv-none-embed/8.2.0/../../../../riscv-none-embed/lib/rv32imac/ilp32\libm.a(lib_a-wf_sqrt.o)
 *fill*         0x000000000000b4ea        0x2 
 .rodata.__ieee754_atan2f.cst4
                0x000000000000b4ec       0x28 c:/mounriver/mounriver_studio2/resources/app/resources/win32/components/wch/toolchain/risc-v embedded gcc/bin/../lib/gcc/riscv-none-embed/8.2.0/../../../../riscv-none-embed/lib/rv32imac/ilp32\libm.a(lib_a-ef_atan2.o)
 .rodata.__ieee754_rem_pio2f.cst4
                0x000000000000b514       0x20 c:/mounriver/mounriver_studio2/resources/app/resources/win32/components/wch/toolchain/risc-v embedded gcc/bin/../lib/gcc/riscv-none-embed/8.2.0/../../../../riscv-none-embed/lib/rv32imac/ilp32\libm.a(lib_a-ef_rem_pio2.o)
                                         0x24 (size before relaxing)
 .rodata.npio2_hw
                0x000000000000b534       0x80 c:/mounriver/mounriver_studio2/resources/app/resources/win32/components/wch/toolchain/risc-v embedded gcc/bin/../lib/gcc/riscv-none-embed/8.2.0/../../../../riscv-none-embed/lib/rv32imac/ilp32\libm.a(lib_a-ef_rem_pio2.o)
 .rodata.two_over_pi
                0x000000000000b5b4      0x318 c:/mounriver/mounriver_studio2/resources/app/resources/win32/components/wch/toolchain/risc-v embedded gcc/bin/../lib/gcc/riscv-none-embed/8.2.0/../../../../riscv-none-embed/lib/rv32imac/ilp32\libm.a(lib_a-ef_rem_pio2.o)
 .rodata.__kernel_cosf.cst4
                0x000000000000b8cc       0x20 c:/mounriver/mounriver_studio2/resources/app/resources/win32/components/wch/toolchain/risc-v embedded gcc/bin/../lib/gcc/riscv-none-embed/8.2.0/../../../../riscv-none-embed/lib/rv32imac/ilp32\libm.a(lib_a-kf_cos.o)
                                         0x28 (size before relaxing)
 .rodata.PIo2   0x000000000000b8ec       0x2c c:/mounriver/mounriver_studio2/resources/app/resources/win32/components/wch/toolchain/risc-v embedded gcc/bin/../lib/gcc/riscv-none-embed/8.2.0/../../../../riscv-none-embed/lib/rv32imac/ilp32\libm.a(lib_a-kf_rem_pio2.o)
 .rodata.__kernel_rem_pio2f.cst4
                0x000000000000b918       0x10 c:/mounriver/mounriver_studio2/resources/app/resources/win32/components/wch/toolchain/risc-v embedded gcc/bin/../lib/gcc/riscv-none-embed/8.2.0/../../../../riscv-none-embed/lib/rv32imac/ilp32\libm.a(lib_a-kf_rem_pio2.o)
                                         0x1c (size before relaxing)
 .rodata.init_jk
                0x000000000000b928        0xc c:/mounriver/mounriver_studio2/resources/app/resources/win32/components/wch/toolchain/risc-v embedded gcc/bin/../lib/gcc/riscv-none-embed/8.2.0/../../../../riscv-none-embed/lib/rv32imac/ilp32\libm.a(lib_a-kf_rem_pio2.o)
 .rodata.__kernel_sinf.cst4
                0x000000000000b934       0x18 c:/mounriver/mounriver_studio2/resources/app/resources/win32/components/wch/toolchain/risc-v embedded gcc/bin/../lib/gcc/riscv-none-embed/8.2.0/../../../../riscv-none-embed/lib/rv32imac/ilp32\libm.a(lib_a-kf_sin.o)
                                         0x1c (size before relaxing)
 .rodata.atanf.cst4
                0x000000000000b94c       0x38 c:/mounriver/mounriver_studio2/resources/app/resources/win32/components/wch/toolchain/risc-v embedded gcc/bin/../lib/gcc/riscv-none-embed/8.2.0/../../../../riscv-none-embed/lib/rv32imac/ilp32\libm.a(lib_a-sf_atan.o)
                                         0x48 (size before relaxing)
 .rodata.atanhi
                0x000000000000b984       0x10 c:/mounriver/mounriver_studio2/resources/app/resources/win32/components/wch/toolchain/risc-v embedded gcc/bin/../lib/gcc/riscv-none-embed/8.2.0/../../../../riscv-none-embed/lib/rv32imac/ilp32\libm.a(lib_a-sf_atan.o)
 .rodata.atanlo
                0x000000000000b994       0x10 c:/mounriver/mounriver_studio2/resources/app/resources/win32/components/wch/toolchain/risc-v embedded gcc/bin/../lib/gcc/riscv-none-embed/8.2.0/../../../../riscv-none-embed/lib/rv32imac/ilp32\libm.a(lib_a-sf_atan.o)
 .rodata.floorf.cst4
                0x000000000000b9a4        0x8 c:/mounriver/mounriver_studio2/resources/app/resources/win32/components/wch/toolchain/risc-v embedded gcc/bin/../lib/gcc/riscv-none-embed/8.2.0/../../../../riscv-none-embed/lib/rv32imac/ilp32\libm.a(lib_a-sf_floor.o)
 .rodata.scalbnf.cst4
                0x000000000000b9a4        0xc c:/mounriver/mounriver_studio2/resources/app/resources/win32/components/wch/toolchain/risc-v embedded gcc/bin/../lib/gcc/riscv-none-embed/8.2.0/../../../../riscv-none-embed/lib/rv32imac/ilp32\libm.a(lib_a-sf_scalbn.o)
                                         0x10 (size before relaxing)
 .rodata.print.str1.4
                0x000000000000b9b0        0x7 c:/mounriver/mounriver_studio2/resources/app/resources/win32/components/wch/toolchain/risc-v embedded gcc/bin/../lib/gcc/riscv-none-embed/8.2.0/../../../../riscv-none-embed/lib/rv32imac/ilp32\libprintfloat.a(printfloat.o)
 *fill*         0x000000000000b9b7        0x1 
 .rodata.__divdf3
                0x000000000000b9b8       0x40 c:/mounriver/mounriver_studio2/resources/app/resources/win32/components/wch/toolchain/risc-v embedded gcc/bin/../lib/gcc/riscv-none-embed/8.2.0/rv32imac/ilp32\libgcc.a(divdf3.o)
 .rodata.__muldf3
                0x000000000000b9f8       0x40 c:/mounriver/mounriver_studio2/resources/app/resources/win32/components/wch/toolchain/risc-v embedded gcc/bin/../lib/gcc/riscv-none-embed/8.2.0/rv32imac/ilp32\libgcc.a(muldf3.o)
 .rodata.__divsf3
                0x000000000000ba38       0x80 c:/mounriver/mounriver_studio2/resources/app/resources/win32/components/wch/toolchain/risc-v embedded gcc/bin/../lib/gcc/riscv-none-embed/8.2.0/rv32imac/ilp32\libgcc.a(divsf3.o)
 .rodata.__mulsf3
                0x000000000000bab8       0x40 c:/mounriver/mounriver_studio2/resources/app/resources/win32/components/wch/toolchain/risc-v embedded gcc/bin/../lib/gcc/riscv-none-embed/8.2.0/rv32imac/ilp32\libgcc.a(mulsf3.o)
 .rodata.__clz_tab
                0x000000000000baf8      0x100 c:/mounriver/mounriver_studio2/resources/app/resources/win32/components/wch/toolchain/risc-v embedded gcc/bin/../lib/gcc/riscv-none-embed/8.2.0/rv32imac/ilp32\libgcc.a(_clz.o)
                0x000000000000baf8                __clz_tab
 *fill*         0x000000000000bbf8        0x0 
 .rodata._printf_float.cst8
                0x000000000000bbf8        0x8 c:/mounriver/mounriver_studio2/resources/app/resources/win32/components/wch/toolchain/risc-v embedded gcc/bin/../lib/gcc/riscv-none-embed/8.2.0/../../../../riscv-none-embed/lib/rv32imac/ilp32\libg_nano.a(lib_a-nano-vfprintf_float.o)
 .rodata._printf_float.str1.4
                0x000000000000bc00       0x12 c:/mounriver/mounriver_studio2/resources/app/resources/win32/components/wch/toolchain/risc-v embedded gcc/bin/../lib/gcc/riscv-none-embed/8.2.0/../../../../riscv-none-embed/lib/rv32imac/ilp32\libg_nano.a(lib_a-nano-vfprintf_float.o)
 *fill*         0x000000000000bc12        0x6 
 .rodata._dtoa_r.cst8
                0x000000000000bc18       0x48 c:/mounriver/mounriver_studio2/resources/app/resources/win32/components/wch/toolchain/risc-v embedded gcc/bin/../lib/gcc/riscv-none-embed/8.2.0/../../../../riscv-none-embed/lib/rv32imac/ilp32\libg_nano.a(lib_a-dtoa.o)
 .rodata._dtoa_r.str1.4
                0x000000000000bc60       0x10 c:/mounriver/mounriver_studio2/resources/app/resources/win32/components/wch/toolchain/risc-v embedded gcc/bin/../lib/gcc/riscv-none-embed/8.2.0/../../../../riscv-none-embed/lib/rv32imac/ilp32\libg_nano.a(lib_a-dtoa.o)
                                         0x12 (size before relaxing)
 .rodata.__mprec_bigtens
                0x000000000000bc70       0x28 c:/mounriver/mounriver_studio2/resources/app/resources/win32/components/wch/toolchain/risc-v embedded gcc/bin/../lib/gcc/riscv-none-embed/8.2.0/../../../../riscv-none-embed/lib/rv32imac/ilp32\libg_nano.a(lib_a-mprec.o)
                0x000000000000bc70                __mprec_bigtens
 .rodata.__mprec_tens
                0x000000000000bc98       0xc8 c:/mounriver/mounriver_studio2/resources/app/resources/win32/components/wch/toolchain/risc-v embedded gcc/bin/../lib/gcc/riscv-none-embed/8.2.0/../../../../riscv-none-embed/lib/rv32imac/ilp32\libg_nano.a(lib_a-mprec.o)
                0x000000000000bc98                __mprec_tens
 .rodata.p05.3319
                0x000000000000bd60        0xc c:/mounriver/mounriver_studio2/resources/app/resources/win32/components/wch/toolchain/risc-v embedded gcc/bin/../lib/gcc/riscv-none-embed/8.2.0/../../../../riscv-none-embed/lib/rv32imac/ilp32\libg_nano.a(lib_a-mprec.o)
 .rodata._setlocale_r.str1.4
                0x000000000000bd6c        0xa c:/mounriver/mounriver_studio2/resources/app/resources/win32/components/wch/toolchain/risc-v embedded gcc/bin/../lib/gcc/riscv-none-embed/8.2.0/../../../../riscv-none-embed/lib/rv32imac/ilp32\libg_nano.a(lib_a-locale.o)
                                          0xd (size before relaxing)
 *fill*         0x000000000000bd76        0x2 
 .rodata.str1.4
                0x000000000000bd78        0x4 c:/mounriver/mounriver_studio2/resources/app/resources/win32/components/wch/toolchain/risc-v embedded gcc/bin/../lib/gcc/riscv-none-embed/8.2.0/../../../../riscv-none-embed/lib/rv32imac/ilp32\libg_nano.a(lib_a-locale.o)
                                          0x2 (size before relaxing)
 .rodata._ctype_
                0x000000000000bd7c      0x101 c:/mounriver/mounriver_studio2/resources/app/resources/win32/components/wch/toolchain/risc-v embedded gcc/bin/../lib/gcc/riscv-none-embed/8.2.0/../../../../riscv-none-embed/lib/rv32imac/ilp32\libg_nano.a(lib_a-ctype_.o)
                0x000000000000bd7c                _ctype_
 *(.gnu.linkonce.t.*)
                0x000000000000be80                . = ALIGN (0x4)
 *fill*         0x000000000000be7d        0x3 

.rela.dyn       0x000000000000be80        0x0
 .rela.init     0x000000000000be80        0x0 ./User/JY901.o
 .rela.vector   0x000000000000be80        0x0 ./User/JY901.o
 .rela.text.handle_reset
                0x000000000000be80        0x0 ./User/JY901.o
 .rela.text._sbrk
                0x000000000000be80        0x0 ./User/JY901.o
 .rela.sdata.curbrk.4779
                0x000000000000be80        0x0 ./User/JY901.o
 .rela.text.prints
                0x000000000000be80        0x0 ./User/JY901.o
 .rela.text.printInt
                0x000000000000be80        0x0 ./User/JY901.o
 .rela.text.printLongLongInt
                0x000000000000be80        0x0 ./User/JY901.o
 .rela.text.printDouble
                0x000000000000be80        0x0 ./User/JY901.o
 .rela.text.print
                0x000000000000be80        0x0 ./User/JY901.o
 .rela.text.snprintf
                0x000000000000be80        0x0 ./User/JY901.o
 .rela.data.impure_data
                0x000000000000be80        0x0 ./User/JY901.o
 .rela.text._sbrk_r
                0x000000000000be80        0x0 ./User/JY901.o

.fini           0x000000000000be80        0x0
 *(SORT_NONE(.fini))
                0x000000000000be80                . = ALIGN (0x4)
                [!provide]                        PROVIDE (_etext = .)
                [!provide]                        PROVIDE (_eitcm = .)

.preinit_array  0x000000000000be80        0x0
                [!provide]                        PROVIDE (__preinit_array_start = .)
 *(.preinit_array)
                [!provide]                        PROVIDE (__preinit_array_end = .)

.init_array     0x000000000000be80        0x0
                [!provide]                        PROVIDE (__init_array_start = .)
 *(SORT_BY_INIT_PRIORITY(.init_array.*) SORT_BY_INIT_PRIORITY(.ctors.*))
 *(.init_array EXCLUDE_FILE(*crtend?.o *crtend.o *crtbegin?.o *crtbegin.o) .ctors)
                [!provide]                        PROVIDE (__init_array_end = .)

.fini_array     0x000000000000be80        0x0
                [!provide]                        PROVIDE (__fini_array_start = .)
 *(SORT_BY_INIT_PRIORITY(.fini_array.*) SORT_BY_INIT_PRIORITY(.dtors.*))
 *(.fini_array EXCLUDE_FILE(*crtend?.o *crtend.o *crtbegin?.o *crtbegin.o) .dtors)
                [!provide]                        PROVIDE (__fini_array_end = .)

.ctors
 *crtbegin.o(.ctors)
 *crtbegin?.o(.ctors)
 *(EXCLUDE_FILE(*crtend?.o *crtend.o) .ctors)
 *(SORT_BY_NAME(.ctors.*))
 *(.ctors)

.dtors
 *crtbegin.o(.dtors)
 *crtbegin?.o(.dtors)
 *(EXCLUDE_FILE(*crtend?.o *crtend.o) .dtors)
 *(SORT_BY_NAME(.dtors.*))
 *(.dtors)

.dalign         0x0000000020000000        0x0 load address 0x000000000000be80
                0x0000000020000000                . = ALIGN (0x4)
                0x0000000020000000                PROVIDE (_data_vma = .)

.dlalign        0x000000000000be80        0x0
                0x000000000000be80                . = ALIGN (0x4)
                0x000000000000be80                PROVIDE (_data_lma = .)

.data           0x0000000020000000      0x220 load address 0x000000000000be80
 *(.gnu.linkonce.r.*)
 *(.data .data.*)
 .data.AHBPrescTable
                0x0000000020000000       0x10 ./User/system_ch32v10x.o
                0x0000000020000000                AHBPrescTable
 .data.APBAHBPrescTable
                0x0000000020000010       0x10 ./Peripheral/src/ch32v10x_rcc.o
 .data.impure_data
                0x0000000020000020       0x60 c:/mounriver/mounriver_studio2/resources/app/resources/win32/components/wch/toolchain/risc-v embedded gcc/bin/../lib/gcc/riscv-none-embed/8.2.0/../../../../riscv-none-embed/lib/rv32imac/ilp32\libg_nano.a(lib_a-impure.o)
 .data.__global_locale
                0x0000000020000080      0x16c c:/mounriver/mounriver_studio2/resources/app/resources/win32/components/wch/toolchain/risc-v embedded gcc/bin/../lib/gcc/riscv-none-embed/8.2.0/../../../../riscv-none-embed/lib/rv32imac/ilp32\libg_nano.a(lib_a-locale.o)
                0x0000000020000080                __global_locale
 *(.gnu.linkonce.d.*)
                0x00000000200001f0                . = ALIGN (0x8)
 *fill*         0x00000000200001ec        0x4 
                0x00000000200009f0                PROVIDE (__global_pointer$ = (. + 0x800))
 *(.sdata .sdata.*)
 .sdata.jy901_display_enabled
                0x00000000200001f0        0x1 ./User/JY901.o
 *fill*         0x00000000200001f1        0x3 
 .sdata.gps_seed.5022
                0x00000000200001f4        0x4 ./User/main.o
 .sdata.SystemCoreClock
                0x00000000200001f8        0x4 ./User/system_ch32v10x.o
                0x00000000200001f8                SystemCoreClock
 .sdata.ADCPrescTable
                0x00000000200001fc        0x4 ./Peripheral/src/ch32v10x_rcc.o
 .sdata.curbrk.4779
                0x0000000020000200        0x4 ./Debug/debug.o
 .sdata.__fdlib_version
                0x0000000020000204        0x4 c:/mounriver/mounriver_studio2/resources/app/resources/win32/components/wch/toolchain/risc-v embedded gcc/bin/../lib/gcc/riscv-none-embed/8.2.0/../../../../riscv-none-embed/lib/rv32imac/ilp32\libm.a(lib_a-s_lib_ver.o)
                0x0000000020000204                __fdlib_version
 .sdata._impure_ptr
                0x0000000020000208        0x4 c:/mounriver/mounriver_studio2/resources/app/resources/win32/components/wch/toolchain/risc-v embedded gcc/bin/../lib/gcc/riscv-none-embed/8.2.0/../../../../riscv-none-embed/lib/rv32imac/ilp32\libg_nano.a(lib_a-impure.o)
                0x0000000020000208                _impure_ptr
 *(.sdata2.*)
 .sdata2.cmd_scan.4911
                0x000000002000020c        0x2 ./User/rplidar_360.o
 *fill*         0x000000002000020e        0x2 
 .sdata2.cmd_stop.4903
                0x0000000020000210        0x2 ./User/rplidar_360.o
 *fill*         0x0000000020000212        0x2 
 .sdata2.s_rplidar_scan_desc
                0x0000000020000214        0x7 ./User/rplidar_360.o
 *(.gnu.linkonce.s.*)
                0x0000000020000220                . = ALIGN (0x8)
 *fill*         0x000000002000021b        0x5 
 *(.srodata.cst16)
 *(.srodata.cst8)
 *(.srodata.cst4)
 *(.srodata.cst2)
 *(.srodata .srodata.*)
                0x0000000020000220                . = ALIGN (0x4)
                0x0000000020000220                PROVIDE (_edata = .)

.bss            0x0000000020000220     0x268c load address 0x000000000000c0a0
                0x0000000020000220                . = ALIGN (0x4)
                0x0000000020000220                PROVIDE (_sbss = .)
 *(.sbss*)
 .sbss.jy901_last_display_ms
                0x0000000020000220        0x4 ./User/JY901.o
 .sbss.jy901_state
                0x0000000020000224        0x4 ./User/JY901.o
 .sbss.jy901_yaw_filter_init
                0x0000000020000228        0x1 ./User/JY901.o
 *fill*         0x0000000020000229        0x3 
 .sbss.jy901_yaw_last_raw
                0x000000002000022c        0x4 ./User/JY901.o
 .sbss.jy901_yaw_unwrap
                0x0000000020000230        0x4 ./User/JY901.o
 .sbss.s_laser_ever_frame
                0x0000000020000234        0x1 ./User/Laser.o
 .sbss.s_laser_parse_error
                0x0000000020000235        0x1 ./User/Laser.o
 .sbss.count    0x0000000020000236        0x2 ./User/SR04.o
                0x0000000020000236                count
 .sbss.falling_cnt
                0x0000000020000238        0x2 ./User/SR04.o
                0x0000000020000238                falling_cnt
 .sbss.rising_cnt
                0x000000002000023a        0x2 ./User/SR04.o
                0x000000002000023a                rising_cnt
 .sbss.startFlag
                0x000000002000023c        0x2 ./User/SR04.o
                0x000000002000023c                startFlag
 .sbss.last_angle.5456
                0x000000002000023e        0x2 ./User/cone_detect.o
 .sbss.g_system_ms
                0x0000000020000240        0x4 ./User/main.o
                0x0000000020000240                g_system_ms
 .sbss.NVIC_Priority_Group
                0x0000000020000244        0x4 ./Peripheral/src/ch32v10x_misc.o
                0x0000000020000244                NVIC_Priority_Group
 .sbss.p_ms     0x0000000020000248        0x2 ./Debug/debug.o
 .sbss.p_us     0x000000002000024a        0x1 ./Debug/debug.o
 *fill*         0x000000002000024b        0x1 
 .sbss.__malloc_free_list
                0x000000002000024c        0x4 c:/mounriver/mounriver_studio2/resources/app/resources/win32/components/wch/toolchain/risc-v embedded gcc/bin/../lib/gcc/riscv-none-embed/8.2.0/../../../../riscv-none-embed/lib/rv32imac/ilp32\libg_nano.a(lib_a-nano-mallocr.o)
                0x000000002000024c                __malloc_free_list
 .sbss.__malloc_sbrk_start
                0x0000000020000250        0x4 c:/mounriver/mounriver_studio2/resources/app/resources/win32/components/wch/toolchain/risc-v embedded gcc/bin/../lib/gcc/riscv-none-embed/8.2.0/../../../../riscv-none-embed/lib/rv32imac/ilp32\libg_nano.a(lib_a-nano-mallocr.o)
                0x0000000020000250                __malloc_sbrk_start
 *(.gnu.linkonce.sb.*)
 *(.bss*)
 .bss.JY901_data
                0x0000000020000254       0x74 ./User/JY901.o
                0x0000000020000254                JY901_data
 .bss.jy901_yaw_ma
                0x00000000200002c8       0xd0 ./User/JY901.o
 .bss.Laser_Data
                0x0000000020000398       0x10 ./User/Laser.o
                0x0000000020000398                Laser_Data
 .bss.RX3_Buffer
                0x00000000200003a8       0x40 ./User/Laser.o
                0x00000000200003a8                RX3_Buffer
 .bss.detect_clusters
                0x00000000200003e8      0x600 ./User/cone_detect.o
 .bss.detect_points
                0x00000000200009e8      0xdc0 ./User/cone_detect.o
 .bss.drive_frame
                0x00000000200017a8      0x5a8 ./User/cone_detect.o
 .bss.drive_cfg
                0x0000000020001d50       0x32 ./User/main.o
 *fill*         0x0000000020001d82        0x2 
 .bss.drive_ctx
                0x0000000020001d84       0x54 ./User/main.o
 .bss.g_lidar_dma
                0x0000000020001dd8      0x101 ./User/rplidar_360.o
 *fill*         0x0000000020001ed9        0x3 
 .bss.g_rplidar
                0x0000000020001edc      0x5cc ./User/rplidar_360.o
 .bss.g_rplidar_ring_buf
                0x00000000200024a8      0x400 ./User/rplidar_360.o
 *(.gnu.linkonce.b.*)
 *(COMMON*)
 COMMON         0x00000000200028a8        0x4 c:/mounriver/mounriver_studio2/resources/app/resources/win32/components/wch/toolchain/risc-v embedded gcc/bin/../lib/gcc/riscv-none-embed/8.2.0/../../../../riscv-none-embed/lib/rv32imac/ilp32\libg_nano.a(lib_a-reent.o)
                0x00000000200028a8                errno
                0x00000000200028ac                . = ALIGN (0x4)
                0x00000000200028ac                PROVIDE (_ebss = .)
                0x00000000200028ac                PROVIDE (_end = _ebss)
                [!provide]                        PROVIDE (end = .)

.stack          0x0000000020004800      0x800
                0x0000000020004800                PROVIDE (_heap_end = .)
                0x0000000020004800                . = ALIGN (0x4)
                [!provide]                        PROVIDE (_susrstack = .)
                0x0000000020005000                . = (. + __stack_size)
 *fill*         0x0000000020004800      0x800 
                0x0000000020005000                PROVIDE (_eusrstack = .)
OUTPUT(CH32V103C8T6.elf elf32-littleriscv)

.debug_info     0x0000000000000000    0x1ba81
 .debug_info    0x0000000000000000     0x1ed8 ./User/JY901.o
 .debug_info    0x0000000000001ed8     0x1858 ./User/Laser.o
 .debug_info    0x0000000000003730     0x116c ./User/Motor.o
 .debug_info    0x000000000000489c     0x1fd8 ./User/Oled.o
 .debug_info    0x0000000000006874     0x1944 ./User/SR04.o
 .debug_info    0x00000000000081b8     0x11b6 ./User/Servo.o
 .debug_info    0x000000000000936e      0xd51 ./User/ch32v10x_it.o
 .debug_info    0x000000000000a0bf     0x3143 ./User/cone_detect.o
 .debug_info    0x000000000000d202     0x1cc1 ./User/main.o
 .debug_info    0x000000000000eec3     0x26a9 ./User/rplidar_360.o
 .debug_info    0x000000000001156c      0xdb7 ./User/system_ch32v10x.o
 .debug_info    0x0000000000012323       0x22 ./Startup/startup_ch32v10x.o
 .debug_info    0x0000000000012345      0xec4 ./Peripheral/src/ch32v10x_dma.o
 .debug_info    0x0000000000013209     0x12e7 ./Peripheral/src/ch32v10x_gpio.o
 .debug_info    0x00000000000144f0     0x100d ./Peripheral/src/ch32v10x_misc.o
 .debug_info    0x00000000000154fd     0x139e ./Peripheral/src/ch32v10x_rcc.o
 .debug_info    0x000000000001689b     0x2b3b ./Peripheral/src/ch32v10x_tim.o
 .debug_info    0x00000000000193d6     0x1515 ./Peripheral/src/ch32v10x_usart.o
 .debug_info    0x000000000001a8eb     0x1196 ./Debug/debug.o

.debug_abbrev   0x0000000000000000     0x405e
 .debug_abbrev  0x0000000000000000      0x585 ./User/JY901.o
 .debug_abbrev  0x0000000000000585      0x3de ./User/Laser.o
 .debug_abbrev  0x0000000000000963      0x290 ./User/Motor.o
 .debug_abbrev  0x0000000000000bf3      0x3eb ./User/Oled.o
 .debug_abbrev  0x0000000000000fde      0x339 ./User/SR04.o
 .debug_abbrev  0x0000000000001317      0x2a1 ./User/Servo.o
 .debug_abbrev  0x00000000000015b8      0x231 ./User/ch32v10x_it.o
 .debug_abbrev  0x00000000000017e9      0x5c0 ./User/cone_detect.o
 .debug_abbrev  0x0000000000001da9      0x43e ./User/main.o
 .debug_abbrev  0x00000000000021e7      0x4e0 ./User/rplidar_360.o
 .debug_abbrev  0x00000000000026c7      0x2c5 ./User/system_ch32v10x.o
 .debug_abbrev  0x000000000000298c       0x12 ./Startup/startup_ch32v10x.o
 .debug_abbrev  0x000000000000299e      0x320 ./Peripheral/src/ch32v10x_dma.o
 .debug_abbrev  0x0000000000002cbe      0x33d ./Peripheral/src/ch32v10x_gpio.o
 .debug_abbrev  0x0000000000002ffb      0x307 ./Peripheral/src/ch32v10x_misc.o
 .debug_abbrev  0x0000000000003302      0x356 ./Peripheral/src/ch32v10x_rcc.o
 .debug_abbrev  0x0000000000003658      0x40d ./Peripheral/src/ch32v10x_tim.o
 .debug_abbrev  0x0000000000003a65      0x317 ./Peripheral/src/ch32v10x_usart.o
 .debug_abbrev  0x0000000000003d7c      0x2e2 ./Debug/debug.o

.debug_loc      0x0000000000000000     0x66e4
 .debug_loc     0x0000000000000000      0x3f4 ./User/JY901.o
 .debug_loc     0x00000000000003f4      0x3ee ./User/Laser.o
 .debug_loc     0x00000000000007e2       0x54 ./User/Motor.o
 .debug_loc     0x0000000000000836      0x92e ./User/Oled.o
 .debug_loc     0x0000000000001164       0xfc ./User/SR04.o
 .debug_loc     0x0000000000001260       0x61 ./User/Servo.o
 .debug_loc     0x00000000000012c1     0x169a ./User/cone_detect.o
 .debug_loc     0x000000000000295b      0x37b ./User/main.o
 .debug_loc     0x0000000000002cd6      0x87b ./User/rplidar_360.o
 .debug_loc     0x0000000000003551       0xb8 ./User/system_ch32v10x.o
 .debug_loc     0x0000000000003609      0x183 ./Peripheral/src/ch32v10x_dma.o
 .debug_loc     0x000000000000378c      0x643 ./Peripheral/src/ch32v10x_gpio.o
 .debug_loc     0x0000000000003dcf       0x5b ./Peripheral/src/ch32v10x_misc.o
 .debug_loc     0x0000000000003e2a      0x761 ./Peripheral/src/ch32v10x_rcc.o
 .debug_loc     0x000000000000458b     0x18c9 ./Peripheral/src/ch32v10x_tim.o
 .debug_loc     0x0000000000005e54      0x72e ./Peripheral/src/ch32v10x_usart.o
 .debug_loc     0x0000000000006582      0x162 ./Debug/debug.o

.debug_aranges  0x0000000000000000      0xad0
 .debug_aranges
                0x0000000000000000       0xb8 ./User/JY901.o
 .debug_aranges
                0x00000000000000b8       0x50 ./User/Laser.o
 .debug_aranges
                0x0000000000000108       0x28 ./User/Motor.o
 .debug_aranges
                0x0000000000000130       0xb8 ./User/Oled.o
 .debug_aranges
                0x00000000000001e8       0x60 ./User/SR04.o
 .debug_aranges
                0x0000000000000248       0x28 ./User/Servo.o
 .debug_aranges
                0x0000000000000270       0x28 ./User/ch32v10x_it.o
 .debug_aranges
                0x0000000000000298       0xa0 ./User/cone_detect.o
 .debug_aranges
                0x0000000000000338       0x40 ./User/main.o
 .debug_aranges
                0x0000000000000378       0xa0 ./User/rplidar_360.o
 .debug_aranges
                0x0000000000000418       0x28 ./User/system_ch32v10x.o
 .debug_aranges
                0x0000000000000440       0x38 ./Startup/startup_ch32v10x.o
 .debug_aranges
                0x0000000000000478       0x60 ./Peripheral/src/ch32v10x_dma.o
 .debug_aranges
                0x00000000000004d8       0xa8 ./Peripheral/src/ch32v10x_gpio.o
 .debug_aranges
                0x0000000000000580       0x28 ./Peripheral/src/ch32v10x_misc.o
 .debug_aranges
                0x00000000000005a8      0x118 ./Peripheral/src/ch32v10x_rcc.o
 .debug_aranges
                0x00000000000006c0      0x2d0 ./Peripheral/src/ch32v10x_tim.o
 .debug_aranges
                0x0000000000000990       0xf0 ./Peripheral/src/ch32v10x_usart.o
 .debug_aranges
                0x0000000000000a80       0x50 ./Debug/debug.o

.debug_ranges   0x0000000000000000     0x1170
 .debug_ranges  0x0000000000000000      0x170 ./User/JY901.o
 .debug_ranges  0x0000000000000170       0xd0 ./User/Laser.o
 .debug_ranges  0x0000000000000240       0x18 ./User/Motor.o
 .debug_ranges  0x0000000000000258      0x130 ./User/Oled.o
 .debug_ranges  0x0000000000000388       0x50 ./User/SR04.o
 .debug_ranges  0x00000000000003d8       0x18 ./User/Servo.o
 .debug_ranges  0x00000000000003f0       0x18 ./User/ch32v10x_it.o
 .debug_ranges  0x0000000000000408      0x2b8 ./User/cone_detect.o
 .debug_ranges  0x00000000000006c0      0x138 ./User/main.o
 .debug_ranges  0x00000000000007f8      0x2e0 ./User/rplidar_360.o
 .debug_ranges  0x0000000000000ad8       0x38 ./User/system_ch32v10x.o
 .debug_ranges  0x0000000000000b10       0x30 ./Startup/startup_ch32v10x.o
 .debug_ranges  0x0000000000000b40       0x50 ./Peripheral/src/ch32v10x_dma.o
 .debug_ranges  0x0000000000000b90       0x98 ./Peripheral/src/ch32v10x_gpio.o
 .debug_ranges  0x0000000000000c28       0x30 ./Peripheral/src/ch32v10x_misc.o
 .debug_ranges  0x0000000000000c58      0x108 ./Peripheral/src/ch32v10x_rcc.o
 .debug_ranges  0x0000000000000d60      0x2f0 ./Peripheral/src/ch32v10x_tim.o
 .debug_ranges  0x0000000000001050       0xe0 ./Peripheral/src/ch32v10x_usart.o
 .debug_ranges  0x0000000000001130       0x40 ./Debug/debug.o

.debug_line     0x0000000000000000    0x1326f
 .debug_line    0x0000000000000000     0x1721 ./User/JY901.o
 .debug_line    0x0000000000001721     0x10e5 ./User/Laser.o
 .debug_line    0x0000000000002806      0x5f7 ./User/Motor.o
 .debug_line    0x0000000000002dfd     0x136b ./User/Oled.o
 .debug_line    0x0000000000004168      0xe07 ./User/SR04.o
 .debug_line    0x0000000000004f6f      0x635 ./User/Servo.o
 .debug_line    0x00000000000055a4      0x478 ./User/ch32v10x_it.o
 .debug_line    0x0000000000005a1c     0x2aab ./User/cone_detect.o
 .debug_line    0x00000000000084c7      0xd0e ./User/main.o
 .debug_line    0x00000000000091d5     0x190d ./User/rplidar_360.o
 .debug_line    0x000000000000aae2      0x854 ./User/system_ch32v10x.o
 .debug_line    0x000000000000b336      0x21e ./Startup/startup_ch32v10x.o
 .debug_line    0x000000000000b554      0xa38 ./Peripheral/src/ch32v10x_dma.o
 .debug_line    0x000000000000bf8c      0xf31 ./Peripheral/src/ch32v10x_gpio.o
 .debug_line    0x000000000000cebd      0x5ed ./Peripheral/src/ch32v10x_misc.o
 .debug_line    0x000000000000d4aa     0x1233 ./Peripheral/src/ch32v10x_rcc.o
 .debug_line    0x000000000000e6dd     0x32ab ./Peripheral/src/ch32v10x_tim.o
 .debug_line    0x0000000000011988     0x1025 ./Peripheral/src/ch32v10x_usart.o
 .debug_line    0x00000000000129ad      0x8c2 ./Debug/debug.o

.debug_str      0x0000000000000000     0x3ef4
 .debug_str     0x0000000000000000     0x11fb ./User/JY901.o
                                       0x12f1 (size before relaxing)
 .debug_str     0x00000000000011fb      0x1a8 ./User/Laser.o
                                       0x110e (size before relaxing)
 .debug_str     0x00000000000013a3      0x2ce ./User/Motor.o
                                        0xc32 (size before relaxing)
 .debug_str     0x0000000000001671      0x265 ./User/Oled.o
                                       0x1076 (size before relaxing)
 .debug_str     0x00000000000018d6      0x225 ./User/SR04.o
                                       0x1062 (size before relaxing)
 .debug_str     0x0000000000001afb       0x2b ./User/Servo.o
                                        0xc56 (size before relaxing)
 .debug_str     0x0000000000001b26       0x97 ./User/ch32v10x_it.o
                                        0x873 (size before relaxing)
 .debug_str     0x0000000000001bbd      0x921 ./User/cone_detect.o
                                       0x125a (size before relaxing)
 .debug_str     0x00000000000024de      0x25a ./User/main.o
                                       0x1359 (size before relaxing)
 .debug_str     0x0000000000002738      0x490 ./User/rplidar_360.o
                                       0x148d (size before relaxing)
 .debug_str     0x0000000000002bc8      0x10c ./User/system_ch32v10x.o
                                        0x8e6 (size before relaxing)
 .debug_str     0x0000000000002cd4       0x2a ./Startup/startup_ch32v10x.o
                                         0xac (size before relaxing)
 .debug_str     0x0000000000002cfe       0xbe ./Peripheral/src/ch32v10x_dma.o
                                        0x9e6 (size before relaxing)
 .debug_str     0x0000000000002dbc      0x1b7 ./Peripheral/src/ch32v10x_gpio.o
                                        0xb6d (size before relaxing)
 .debug_str     0x0000000000002f73       0x79 ./Peripheral/src/ch32v10x_misc.o
                                        0xbdc (size before relaxing)
 .debug_str     0x0000000000002fec      0x367 ./Peripheral/src/ch32v10x_rcc.o
                                        0xc70 (size before relaxing)
 .debug_str     0x0000000000003353      0x846 ./Peripheral/src/ch32v10x_tim.o
                                       0x146e (size before relaxing)
 .debug_str     0x0000000000003b99      0x2f6 ./Peripheral/src/ch32v10x_usart.o
                                        0xcdd (size before relaxing)
 .debug_str     0x0000000000003e8f       0x65 ./Debug/debug.o
                                        0xb6f (size before relaxing)

.comment        0x0000000000000000       0x33
 .comment       0x0000000000000000       0x33 ./User/JY901.o
                                         0x34 (size before relaxing)
 .comment       0x0000000000000033       0x34 ./User/Laser.o
 .comment       0x0000000000000033       0x34 ./User/Motor.o
 .comment       0x0000000000000033       0x34 ./User/Oled.o
 .comment       0x0000000000000033       0x34 ./User/SR04.o
 .comment       0x0000000000000033       0x34 ./User/Servo.o
 .comment       0x0000000000000033       0x34 ./User/ch32v10x_it.o
 .comment       0x0000000000000033       0x34 ./User/cone_detect.o
 .comment       0x0000000000000033       0x34 ./User/main.o
 .comment       0x0000000000000033       0x34 ./User/rplidar_360.o
 .comment       0x0000000000000033       0x34 ./User/system_ch32v10x.o
 .comment       0x0000000000000033       0x34 ./Peripheral/src/ch32v10x_dma.o
 .comment       0x0000000000000033       0x34 ./Peripheral/src/ch32v10x_gpio.o
 .comment       0x0000000000000033       0x34 ./Peripheral/src/ch32v10x_misc.o
 .comment       0x0000000000000033       0x34 ./Peripheral/src/ch32v10x_rcc.o
 .comment       0x0000000000000033       0x34 ./Peripheral/src/ch32v10x_tim.o
 .comment       0x0000000000000033       0x34 ./Peripheral/src/ch32v10x_usart.o
 .comment       0x0000000000000033       0x34 ./Debug/debug.o
 .comment       0x0000000000000033       0x34 c:/mounriver/mounriver_studio2/resources/app/resources/win32/components/wch/toolchain/risc-v embedded gcc/bin/../lib/gcc/riscv-none-embed/8.2.0/../../../../riscv-none-embed/lib/rv32imac/ilp32\libprintfloat.a(printfloat.o)

.debug_frame    0x0000000000000000     0x2ccc
 .debug_frame   0x0000000000000000      0x24c ./User/JY901.o
 .debug_frame   0x000000000000024c       0xe4 ./User/Laser.o
 .debug_frame   0x0000000000000330       0x50 ./User/Motor.o
 .debug_frame   0x0000000000000380      0x310 ./User/Oled.o
 .debug_frame   0x0000000000000690      0x130 ./User/SR04.o
 .debug_frame   0x00000000000007c0       0x50 ./User/Servo.o
 .debug_frame   0x0000000000000810       0x30 ./User/ch32v10x_it.o
 .debug_frame   0x0000000000000840      0x2b4 ./User/cone_detect.o
 .debug_frame   0x0000000000000af4       0xb0 ./User/main.o
 .debug_frame   0x0000000000000ba4      0x268 ./User/rplidar_360.o
 .debug_frame   0x0000000000000e0c       0x3c ./User/system_ch32v10x.o
 .debug_frame   0x0000000000000e48       0xd8 ./Peripheral/src/ch32v10x_dma.o
 .debug_frame   0x0000000000000f20      0x15c ./Peripheral/src/ch32v10x_gpio.o
 .debug_frame   0x000000000000107c       0x30 ./Peripheral/src/ch32v10x_misc.o
 .debug_frame   0x00000000000010ac      0x224 ./Peripheral/src/ch32v10x_rcc.o
 .debug_frame   0x00000000000012d0      0x614 ./Peripheral/src/ch32v10x_tim.o
 .debug_frame   0x00000000000018e4      0x1e4 ./Peripheral/src/ch32v10x_usart.o
 .debug_frame   0x0000000000001ac8       0xb8 ./Debug/debug.o
 .debug_frame   0x0000000000001b80       0x40 c:/mounriver/mounriver_studio2/resources/app/resources/win32/components/wch/toolchain/risc-v embedded gcc/bin/../lib/gcc/riscv-none-embed/8.2.0/../../../../riscv-none-embed/lib/rv32imac/ilp32\libm.a(lib_a-sf_cos.o)
 .debug_frame   0x0000000000001bc0       0x40 c:/mounriver/mounriver_studio2/resources/app/resources/win32/components/wch/toolchain/risc-v embedded gcc/bin/../lib/gcc/riscv-none-embed/8.2.0/../../../../riscv-none-embed/lib/rv32imac/ilp32\libm.a(lib_a-sf_sin.o)
 .debug_frame   0x0000000000001c00       0x20 c:/mounriver/mounriver_studio2/resources/app/resources/win32/components/wch/toolchain/risc-v embedded gcc/bin/../lib/gcc/riscv-none-embed/8.2.0/../../../../riscv-none-embed/lib/rv32imac/ilp32\libm.a(lib_a-wf_atan2.o)
 .debug_frame   0x0000000000001c20       0x4c c:/mounriver/mounriver_studio2/resources/app/resources/win32/components/wch/toolchain/risc-v embedded gcc/bin/../lib/gcc/riscv-none-embed/8.2.0/../../../../riscv-none-embed/lib/rv32imac/ilp32\libm.a(lib_a-wf_sqrt.o)
 .debug_frame   0x0000000000001c6c       0x48 c:/mounriver/mounriver_studio2/resources/app/resources/win32/components/wch/toolchain/risc-v embedded gcc/bin/../lib/gcc/riscv-none-embed/8.2.0/../../../../riscv-none-embed/lib/rv32imac/ilp32\libm.a(lib_a-ef_atan2.o)
 .debug_frame   0x0000000000001cb4       0x54 c:/mounriver/mounriver_studio2/resources/app/resources/win32/components/wch/toolchain/risc-v embedded gcc/bin/../lib/gcc/riscv-none-embed/8.2.0/../../../../riscv-none-embed/lib/rv32imac/ilp32\libm.a(lib_a-ef_rem_pio2.o)
 .debug_frame   0x0000000000001d08       0x48 c:/mounriver/mounriver_studio2/resources/app/resources/win32/components/wch/toolchain/risc-v embedded gcc/bin/../lib/gcc/riscv-none-embed/8.2.0/../../../../riscv-none-embed/lib/rv32imac/ilp32\libm.a(lib_a-ef_sqrt.o)
 .debug_frame   0x0000000000001d50       0x4c c:/mounriver/mounriver_studio2/resources/app/resources/win32/components/wch/toolchain/risc-v embedded gcc/bin/../lib/gcc/riscv-none-embed/8.2.0/../../../../riscv-none-embed/lib/rv32imac/ilp32\libm.a(lib_a-kf_cos.o)
 .debug_frame   0x0000000000001d9c       0x64 c:/mounriver/mounriver_studio2/resources/app/resources/win32/components/wch/toolchain/risc-v embedded gcc/bin/../lib/gcc/riscv-none-embed/8.2.0/../../../../riscv-none-embed/lib/rv32imac/ilp32\libm.a(lib_a-kf_rem_pio2.o)
 .debug_frame   0x0000000000001e00       0x48 c:/mounriver/mounriver_studio2/resources/app/resources/win32/components/wch/toolchain/risc-v embedded gcc/bin/../lib/gcc/riscv-none-embed/8.2.0/../../../../riscv-none-embed/lib/rv32imac/ilp32\libm.a(lib_a-kf_sin.o)
 .debug_frame   0x0000000000001e48       0x20 c:/mounriver/mounriver_studio2/resources/app/resources/win32/components/wch/toolchain/risc-v embedded gcc/bin/../lib/gcc/riscv-none-embed/8.2.0/../../../../riscv-none-embed/lib/rv32imac/ilp32\libm.a(lib_a-s_matherr.o)
 .debug_frame   0x0000000000001e68       0x44 c:/mounriver/mounriver_studio2/resources/app/resources/win32/components/wch/toolchain/risc-v embedded gcc/bin/../lib/gcc/riscv-none-embed/8.2.0/../../../../riscv-none-embed/lib/rv32imac/ilp32\libm.a(lib_a-sf_atan.o)
 .debug_frame   0x0000000000001eac       0x20 c:/mounriver/mounriver_studio2/resources/app/resources/win32/components/wch/toolchain/risc-v embedded gcc/bin/../lib/gcc/riscv-none-embed/8.2.0/../../../../riscv-none-embed/lib/rv32imac/ilp32\libm.a(lib_a-sf_fabs.o)
 .debug_frame   0x0000000000001ecc       0x4c c:/mounriver/mounriver_studio2/resources/app/resources/win32/components/wch/toolchain/risc-v embedded gcc/bin/../lib/gcc/riscv-none-embed/8.2.0/../../../../riscv-none-embed/lib/rv32imac/ilp32\libm.a(lib_a-sf_floor.o)
 .debug_frame   0x0000000000001f18       0x4c c:/mounriver/mounriver_studio2/resources/app/resources/win32/components/wch/toolchain/risc-v embedded gcc/bin/../lib/gcc/riscv-none-embed/8.2.0/../../../../riscv-none-embed/lib/rv32imac/ilp32\libm.a(lib_a-sf_scalbn.o)
 .debug_frame   0x0000000000001f64       0x20 c:/mounriver/mounriver_studio2/resources/app/resources/win32/components/wch/toolchain/risc-v embedded gcc/bin/../lib/gcc/riscv-none-embed/8.2.0/../../../../riscv-none-embed/lib/rv32imac/ilp32\libm.a(lib_a-sf_copysign.o)