Archive member included to satisfy reference by file (symbol)

c:/mounriver/mounriver_studio2/resources/app/resources/win32/components/wch/toolchain/risc-v embedded gcc/bin/../lib/gcc/riscv-none-embed/8.2.0/../../../../riscv-none-embed/lib/rv32imac/ilp32\libm.a(lib_a-sf_cos.o)
                              ./User/cone_detect.o (cosf)
c:/mounriver/mounriver_studio2/resources/app/resources/win32/components/wch/toolchain/risc-v embedded gcc/bin/../lib/gcc/riscv-none-embed/8.2.0/../../../../riscv-none-embed/lib/rv32imac/ilp32\libm.a(lib_a-sf_sin.o)
                              ./User/cone_detect.o (sinf)
c:/mounriver/mounriver_studio2/resources/app/resources/win32/components/wch/toolchain/risc-v embedded gcc/bin/../lib/gcc/riscv-none-embed/8.2.0/../../../../riscv-none-embed/lib/rv32imac/ilp32\libm.a(lib_a-wf_atan2.o)
                              ./User/cone_detect.o (atan2f)
c:/mounriver/mounriver_studio2/resources/app/resources/win32/components/wch/toolchain/risc-v embedded gcc/bin/../lib/gcc/riscv-none-embed/8.2.0/../../../../riscv-none-embed/lib/rv32imac/ilp32\libm.a(lib_a-wf_sqrt.o)
                              ./User/cone_detect.o (sqrtf)
c:/mounriver/mounriver_studio2/resources/app/resources/win32/components/wch/toolchain/risc-v embedded gcc/bin/../lib/gcc/riscv-none-embed/8.2.0/../../../../riscv-none-embed/lib/rv32imac/ilp32\libm.a(lib_a-ef_atan2.o)
                              c:/mounriver/mounriver_studio2/resources/app/resources/win32/components/wch/toolchain/risc-v embedded gcc/bin/../lib/gcc/riscv-none-embed/8.2.0/../../../../riscv-none-embed/lib/rv32imac/ilp32\libm.a(lib_a-wf_atan2.o) (__ieee754_atan2f)
c:/mounriver/mounriver_studio2/resources/app/resources/win32/components/wch/toolchain/risc-v embedded gcc/bin/../lib/gcc/riscv-none-embed/8.2.0/../../../../riscv-none-embed/lib/rv32imac/ilp32\libm.a(lib_a-ef_rem_pio2.o)
                              c:/mounriver/mounriver_studio2/resources/app/resources/win32/components/wch/toolchain/risc-v embedded gcc/bin/../lib/gcc/riscv-none-embed/8.2.0/../../../../riscv-none-embed/lib/rv32imac/ilp32\libm.a(lib_a-sf_cos.o) (__ieee754_rem_pio2f)
c:/mounriver/mounriver_studio2/resources/app/resources/win32/components/wch/toolchain/risc-v embedded gcc/bin/../lib/gcc/riscv-none-embed/8.2.0/../../../../riscv-none-embed/lib/rv32imac/ilp32\libm.a(lib_a-ef_sqrt.o)
                              c:/mounriver/mounriver_studio2/resources/app/resources/win32/components/wch/toolchain/risc-v embedded gcc/bin/../lib/gcc/riscv-none-embed/8.2.0/../../../../riscv-none-embed/lib/rv32imac/ilp32\libm.a(lib_a-wf_sqrt.o) (__ieee754_sqrtf)
c:/mounriver/mounriver_studio2/resources/app/resources/win32/components/wch/toolchain/risc-v embedded gcc/bin/../lib/gcc/riscv-none-embed/8.2.0/../../../../riscv-none-embed/lib/rv32imac/ilp32\libm.a(lib_a-kf_cos.o)
                              c:/mounriver/mounriver_studio2/resources/app/resources/win32/components/wch/toolchain/risc-v embedded gcc/bin/../lib/gcc/riscv-none-embed/8.2.0/../../../../riscv-none-embed/lib/rv32imac/ilp32\libm.a(lib_a-sf_cos.o) (__kernel_cosf)
c:/mounriver/mounriver_studio2/resources/app/resources/win32/components/wch/toolchain/risc-v embedded gcc/bin/../lib/gcc/riscv-none-embed/8.2.0/../../../../riscv-none-embed/lib/rv32imac/ilp32\libm.a(lib_a-kf_rem_pio2.o)
                              c:/mounriver/mounriver_studio2/resources/app/resources/win32/components/wch/toolchain/risc-v embedded gcc/bin/../lib/gcc/riscv-none-embed/8.2.0/../../../../riscv-none-embed/lib/rv32imac/ilp32\libm.a(lib_a-ef_rem_pio2.o) (__kernel_rem_pio2f)
c:/mounriver/mounriver_studio2/resources/app/resources/win32/components/wch/toolchain/risc-v embedded gcc/bin/../lib/gcc/riscv-none-embed/8.2.0/../../../../riscv-none-embed/lib/rv32imac/ilp32\libm.a(lib_a-kf_sin.o)
                              c:/mounriver/mounriver_studio2/resources/app/resources/win32/components/wch/toolchain/risc-v embedded gcc/bin/../lib/gcc/riscv-none-embed/8.2.0/../../../../riscv-none-embed/lib/rv32imac/ilp32\libm.a(lib_a-sf_cos.o) (__kernel_sinf)
c:/mounriver/mounriver_studio2/resources/app/resources/win32/components/wch/toolchain/risc-v embedded gcc/bin/../lib/gcc/riscv-none-embed/8.2.0/../../../../riscv-none-embed/lib/rv32imac/ilp32\libm.a(lib_a-s_lib_ver.o)
                              c:/mounriver/mounriver_studio2/resources/app/resources/win32/components/wch/toolchain/risc-v embedded gcc/bin/../lib/gcc/riscv-none-embed/8.2.0/../../../../riscv-none-embed/lib/rv32imac/ilp32\libm.a(lib_a-wf_sqrt.o) (__fdlib_version)
c:/mounriver/mounriver_studio2/resources/app/resources/win32/components/wch/toolchain/risc-v embedded gcc/bin/../lib/gcc/riscv-none-embed/8.2.0/../../../../riscv-none-embed/lib/rv32imac/ilp32\libm.a(lib_a-s_matherr.o)
[...]
Memory Configuration

Name             Origin             Length             Attributes
FLASH            0x0000000000000000 0x0000000000010000 xr
RAM              0x0000000020000000 0x0000000000005000 xrw
*default*        0x0000000000000000 0xffffffffffffffff

Linker script and memory map

LOAD ./User/GPS.o
LOAD ./User/JY901.o
LOAD ./User/Laser.o
LOAD ./User/Motor.o
LOAD ./User/Oled.o
LOAD ./User/SR04.o
LOAD ./User/Servo.o
LOAD ./User/ch32v10x_it.o
LOAD ./User/cone_detect.o
LOAD ./User/main.o
LOAD ./User/rplidar_360.o
LOAD ./User/system_ch32v10x.o
LOAD ./Startup/startup_ch32v10x.o
LOAD ./Peripheral/src/ch32v10x_adc.o
LOAD ./Peripheral/src/ch32v10x_bkp.o
LOAD ./Peripheral/src/ch32v10x_crc.o
LOAD ./Peripheral/src/ch32v10x_dbgmcu.o
LOAD ./Peripheral/src/ch32v10x_dma.o
LOAD ./Peripheral/src/ch32v10x_exti.o
LOAD ./Peripheral/src/ch32v10x_flash.o
LOAD ./Peripheral/src/ch32v10x_gpio.o
LOAD ./Peripheral/src/ch32v10x_i2c.o
LOAD ./Peripheral/src/ch32v10x_iwdg.o
LOAD ./Peripheral/src/ch32v10x_misc.o
LOAD ./Peripheral/src/ch32v10x_pwr.o
LOAD ./Peripheral/src/ch32v10x_rcc.o
LOAD ./Peripheral/src/ch32v10x_rtc.o
LOAD ./Peripheral/src/ch32v10x_spi.o
LOAD ./Peripheral/src/ch32v10x_tim.o
LOAD ./Peripheral/src/ch32v10x_usart.o
LOAD ./Peripheral/src/ch32v10x_usb.o
LOAD ./Peripheral/src/ch32v10x_usb_host.o
LOAD ./Peripheral/src/ch32v10x_wwdg.o
LOAD ./Debug/debug.o
LOAD ./Core/core_riscv.o
LOAD c:/mounriver/mounriver_studio2/resources/app/resources/win32/components/wch/toolchain/risc-v embedded gcc/bin/../lib/gcc/riscv-none-embed/8.2.0/../../../../riscv-none-embed/lib/rv32imac/ilp32\libm.a
LOAD c:/mounriver/mounriver_studio2/resources/app/resources/win32/components/wch/toolchain/risc-v embedded gcc/bin/../lib/gcc/riscv-none-embed/8.2.0/../../../../riscv-none-embed/lib/rv32imac/ilp32\libIQmath_RV32.a
LOAD c:/mounriver/mounriver_studio2/resources/app/resources/win32/components/wch/toolchain/risc-v embedded gcc/bin/../lib/gcc/riscv-none-embed/8.2.0/../../../../riscv-none-embed/lib/rv32imac/ilp32\libprintfloat.a
LOAD c:/mounriver/mounriver_studio2/resources/app/resources/win32/components/wch/toolchain/risc-v embedded gcc/bin/../lib/gcc/riscv-none-embed/8.2.0/rv32imac/ilp32\libgcc.a
LOAD c:/mounriver/mounriver_studio2/resources/app/resources/win32/components/wch/toolchain/risc-v embedded gcc/bin/../lib/gcc/riscv-none-embed/8.2.0/../../../../riscv-none-embed/lib/rv32imac/ilp32\libg_nano.a
LOAD c:/mounriver/mounriver_studio2/resources/app/resources/win32/components/wch/toolchain/risc-v embedded gcc/bin/../lib/gcc/riscv-none-embed/8.2.0/../../../../riscv-none-embed/lib/rv32imac/ilp32\libc_nano.a
LOAD c:/mounriver/mounriver_studio2/resources/app/resources/win32/components/wch/toolchain/risc-v embedded gcc/bin/../lib/gcc/riscv-none-embed/8.2.0/rv32imac/ilp32\libgcc.a
START GROUP
LOAD c:/mounriver/mounriver_studio2/resources/app/resources/win32/components/wch/toolchain/risc-v embedded gcc/bin/../lib/gcc/riscv-none-embed/8.2.0/rv32imac/ilp32\libgcc.a
LOAD c:/mounriver/mounriver_studio2/resources/app/resources/win32/components/wch/toolchain/risc-v embedded gcc/bin/../lib/gcc/riscv-none-embed/8.2.0/../../../../riscv-none-embed/lib/rv32imac/ilp32\libc_nano.a
LOAD c:/mounriver/mounriver_studio2/resources/app/resources/win32/components/wch/toolchain/risc-v embedded gcc/bin/../lib/gcc/riscv-none-embed/8.2.0/../../../../riscv-none-embed/lib/rv32imac/ilp32\libnosys.a
END GROUP
START GROUP
LOAD c:/mounriver/mounriver_studio2/resources/app/resources/win32/components/wch/toolchain/risc-v embedded gcc/bin/../lib/gcc/riscv-none-embed/8.2.0/rv32imac/ilp32\libgcc.a
LOAD c:/mounriver/mounriver_studio2/resources/app/resources/win32/components/wch/toolchain/risc-v embedded gcc/bin/../lib/gcc/riscv-none-embed/8.2.0/../../../../riscv-none-embed/lib/rv32imac/ilp32\libc_nano.a
LOAD c:/mounriver/mounriver_studio2/resources/app/resources/win32/components/wch/toolchain/risc-v embedded gcc/bin/../lib/gcc/riscv-none-embed/8.2.0/../../../../riscv-none-embed/lib/rv32imac/ilp32\libnosys.a
END GROUP
                0x0000000000000800                __stack_size = 0x800
                [!provide]                        PROVIDE (_stack_size = __stack_size)

.init           0x0000000000000000       0x38
                0x0000000000000000                _sinit = .
                0x0000000000000000                . = ALIGN (0x4)
 *(SORT_NONE(.init))
 .init          0x0000000000000000       0x38 ./Startup/startup_ch32v10x.o
                0x0000000000000000                _start
                0x0000000000000038                . = ALIGN (0x4)
                0x0000000000000038                _einit = .

.vector         0x0000000000000038      0x108
 *(.vector)
 .vector        0x0000000000000038       0xf0 ./Startup/startup_ch32v10x.o
                0x0000000000000140                . = ALIGN (0x40)
 *fill*         0x0000000000000128       0x18 

.text           0x0000000000000140     0xbbc8
                0x0000000000000140                . = ALIGN (0x4)
 *(.text)
 .text          0x0000000000000140       0x60 c:/mounriver/mounriver_studio2/resources/app/resources/win32/components/wch/toolchain/risc-v embedded gcc/bin/../lib/gcc/riscv-none-embed/8.2.0/rv32imac/ilp32\libgcc.a(save-restore.o)
                0x0000000000000140                __riscv_save_12
                0x0000000000000148                __riscv_save_9
                0x0000000000000148                __riscv_save_11
                0x0000000000000148                __riscv_save_10
                0x0000000000000148                __riscv_save_8
                0x0000000000000156                __riscv_save_4
                0x0000000000000156                __riscv_save_6
                0x0000000000000156                __riscv_save_5
                0x0000000000000156                __riscv_save_7
                0x0000000000000170                __riscv_save_3
                0x0000000000000170                __riscv_save_2
                0x0000000000000170                __riscv_save_1
                0x0000000000000170                __riscv_save_0
                0x000000000000017c                __riscv_restore_12
                0x0000000000000180                __riscv_restore_11
                0x0000000000000180                __riscv_restore_9
                0x0000000000000180                __riscv_restore_10
                0x0000000000000180                __riscv_restore_8
                0x000000000000018a                __riscv_restore_5
                0x000000000000018a                __riscv_restore_7
                0x000000000000018a                __riscv_restore_6
                0x000000000000018a                __riscv_restore_4
                0x0000000000000194                __riscv_restore_3
                0x0000000000000194                __riscv_restore_0
                0x0000000000000194                __riscv_restore_2
                0x0000000000000194                __riscv_restore_1
 .text          0x00000000000001a0       0xa8 c:/mounriver/mounriver_studio2/resources/app/resources/win32/components/wch/toolchain/risc-v embedded gcc/bin/../lib/gcc/riscv-none-embed/8.2.0/../../../../riscv-none-embed/lib/rv32imac/ilp32\libg_nano.a(lib_a-memset.o)
                0x00000000000001a0                memset
 *(.text.*)
 .text.JY901_NormalizeAngle180
                0x0000000000000248       0x5a ./User/JY901.o
 .text.JY901_DMA_Restart
                0x00000000000002a2       0x2a ./User/JY901.o
 .text.MA_Init  0x00000000000002cc       0x1e ./User/JY901.o
                0x00000000000002cc                MA_Init
 .text.MA_Update
                0x00000000000002ea       0x82 ./User/JY901.o
                0x00000000000002ea                MA_Update
 .text.JY901_ParseBuffer
                0x000000000000036c      0x22c ./User/JY901.o
 .text.JY901_YawFilterReset
                0x0000000000000598       0x3e ./User/JY901.o
                0x0000000000000598                JY901_YawFilterReset
 .text.JY901_SetYawZero
                0x00000000000005d6       0x10 ./User/JY901.o
                0x00000000000005d6                JY901_SetYawZero
 .text.JY901_GetStableHeading
                0x00000000000005e6       0x78 ./User/JY901.o
                0x00000000000005e6                JY901_GetStableHeading
 .text.JY901_IsYawValid
                0x000000000000065e        0x6 ./User/JY901.o
                0x000000000000065e                JY901_IsYawValid
 .text.JY901_SetDisplayEnabled
                0x0000000000000664        0xe ./User/JY901.o
                0x0000000000000664                JY901_SetDisplayEnabled
 .text.USART2_CFG
                0x0000000000000672       0xac ./User/JY901.o
                0x0000000000000672                USART2_CFG
 .text.USART2_DMA1_CH6_INIT
                0x000000000000071e       0x9e ./User/JY901.o
                0x000000000000071e                USART2_DMA1_CH6_INIT
 .text.JY901_Init
                0x00000000000007bc       0x26 ./User/JY901.o
                0x00000000000007bc                JY901_Init
 .text.JY901_Task
                0x00000000000007e2      0x160 ./User/JY901.o
                0x00000000000007e2                JY901_Task
 .text.USART2_IRQHandler
                0x0000000000000942       0x78 ./User/JY901.o
                0x0000000000000942                USART2_IRQHandler
 .text.DMA1_Channel6_IRQHandler
                0x00000000000009ba       0x36 ./User/JY901.o
                0x00000000000009ba                DMA1_Channel6_IRQHandler
 .text.USART3_CFG
                0x00000000000009f0       0xb4 ./User/Laser.o
                0x00000000000009f0                USART3_CFG
 .text.USART3_DMA1_CH3_INIT
                0x0000000000000aa4       0xa2 ./User/Laser.o
                0x0000000000000aa4                USART3_DMA1_CH3_INIT
 .text.Laser_Init
                0x0000000000000b46       0x3a ./User/Laser.o
                0x0000000000000b46                Laser_Init
 .text.Laser_Task
                0x0000000000000b80      0x284 ./User/Laser.o
                0x0000000000000b80                Laser_Task
 .text.USART3_IRQHandler
                0x0000000000000e04       0x7c ./User/Laser.o
                0x0000000000000e04                USART3_IRQHandler
 .text.DMA1_Channel3_IRQHandler
                0x0000000000000e80       0x3a ./User/Laser.o
                0x0000000000000e80                DMA1_Channel3_IRQHandler
 .text.TIM1_Motor_Init
                0x0000000000000eba       0xb0 ./User/Motor.o
                0x0000000000000eba                TIM1_Motor_Init
 .text.Car_SetRearSpeed
                0x0000000000000f6a       0x26 ./User/Motor.o
                0x0000000000000f6a                Car_SetRearSpeed
 .text.OLED_I2C_Init
                0x0000000000000f90       0x60 ./User/Oled.o
                0x0000000000000f90                OLED_I2C_Init
 .text.OLED_I2C_Start
                0x0000000000000ff0       0x44 ./User/Oled.o
                0x0000000000000ff0                OLED_I2C_Start
 .text.OLED_I2C_Stop
                0x0000000000001034       0x36 ./User/Oled.o
                0x0000000000001034                OLED_I2C_Stop
 .text.OLED_I2C_SendByte
                0x000000000000106a       0x66 ./User/Oled.o
                0x000000000000106a                OLED_I2C_SendByte
 .text.OLED_WriteCommand
                0x00000000000010d0       0x1c ./User/Oled.o
                0x00000000000010d0                OLED_WriteCommand
 .text.OLED_WriteData
                0x00000000000010ec       0x1e ./User/Oled.o
                0x00000000000010ec                OLED_WriteData
 .text.OLED_SetCursor
                0x000000000000110a       0x20 ./User/Oled.o
                0x000000000000110a                OLED_SetCursor
 .text.OLED_Clear
                0x000000000000112a       0x28 ./User/Oled.o
                0x000000000000112a                OLED_Clear
 .text.OLED_ShowChar
                0x0000000000001152       0x6a ./User/Oled.o
                0x0000000000001152                OLED_ShowChar
 .text.OLED_ShowString
                0x00000000000011bc       0x2e ./User/Oled.o
                0x00000000000011bc                OLED_ShowString
 .text.OLED_Init
                0x00000000000011ea       0x98 ./User/Oled.o
                0x00000000000011ea                OLED_Init
 .text.TIM2_IRQHandler
                0x0000000000001282       0x80 ./User/SR04.o
                0x0000000000001282                TIM2_IRQHandler
 .text.TIM3_PWMOut_Init
                0x0000000000001302       0xba ./User/Servo.o
                0x0000000000001302                TIM3_PWMOut_Init
 .text.turnAngle
                0x00000000000013bc       0x52 ./User/Servo.o
                0x00000000000013bc                turnAngle
 .text.NMI_Handler
                0x000000000000140e        0x2 ./User/ch32v10x_it.o
                0x000000000000140e                NMI_Handler
 .text.HardFault_Handler
                0x0000000000001410       0x10 ./User/ch32v10x_it.o
                0x0000000000001410                HardFault_Handler
 .text.FloatToS16
                0x0000000000001420       0x34 ./User/cone_detect.o
 .text.SetSpeed
                0x0000000000001454       0x2e ./User/cone_detect.o
 .text.SetSteerRaw
                0x0000000000001482       0x66 ./User/cone_detect.o
 .text.GetGateCarSideTarget
                0x00000000000014e8       0xba ./User/cone_detect.o
 .text.GetGateCarSideTargetDist
                0x00000000000015a2       0x38 ./User/cone_detect.o
 .text.IsGateReadyToPass
                0x00000000000015da       0x56 ./User/cone_detect.o
 .text.ConeDetect_UpdateWithSide
                0x0000000000001630      0x604 ./User/cone_detect.o
 .text.CalcLineSteer.isra.4
                0x0000000000001c34       0x74 ./User/cone_detect.o
 .text.CalcTargetSteer.isra.6
                0x0000000000001ca8       0x62 ./User/cone_detect.o
 .text.ConeDetect_Init
                0x0000000000001d0a       0x3c ./User/cone_detect.o
                0x0000000000001d0a                ConeDetect_Init
 .text.ConeDrive_ConfigDefault
                0x0000000000001d46       0xa4 ./User/cone_detect.o
                0x0000000000001d46                ConeDrive_ConfigDefault
 .text.ConeDrive_Init
                0x0000000000001dea       0x1e ./User/cone_detect.o
                0x0000000000001dea                ConeDrive_Init
 .text.ConeDrive_Update
                0x0000000000001e08      0x40a ./User/cone_detect.o
                0x0000000000001e08                ConeDrive_Update
 .text.SYSTICK_ClearCounter
                0x0000000000002212       0x26 ./User/main.o
 .text.APP_ShowFixedLocation
                0x0000000000002238       0xc2 ./User/main.o
 .text.SYSTICK_Init_Config
                0x00000000000022fa       0x80 ./User/main.o
                0x00000000000022fa                SYSTICK_Init_Config
 .text.SysTick_Handler
                0x000000000000237a       0x12 ./User/main.o
                0x000000000000237a                SysTick_Handler
 .text.startup.main
                0x000000000000238c      0x168 ./User/main.o
                0x000000000000238c                main
 .text.LIDAR_DMA_RX_Reset
                0x00000000000024f4       0x46 ./User/rplidar_360.o
 .text.RPLIDAR_PortDelayMs
                0x000000000000253a        0xc ./User/rplidar_360.o
 .text.RPLIDAR_PortSend
                0x0000000000002546       0x56 ./User/rplidar_360.o
 .text.RPLIDAR360_Stop.constprop.7
                0x000000000000259c       0x2a ./User/rplidar_360.o
 .text.RPLIDAR360_InputBytesFromISR.part.0.constprop.21
                0x00000000000025c6       0x62 ./User/rplidar_360.o
 .text.RPLIDAR360_StartScan.constprop.5
                0x0000000000002628       0x4a ./User/rplidar_360.o
 .text.USART1_IRQHandler
                0x0000000000002672       0xaa ./User/rplidar_360.o
                0x0000000000002672                USART1_IRQHandler
 .text.DMA1_Channel5_IRQHandler
                0x000000000000271c       0x7a ./User/rplidar_360.o
                0x000000000000271c                DMA1_Channel5_IRQHandler
 .text.APP_RPLIDAR_Init
                0x0000000000002796      0x1aa ./User/rplidar_360.o
                0x0000000000002796                APP_RPLIDAR_Init
 .text.APP_RPLIDAR_Task
                0x0000000000002940      0x19c ./User/rplidar_360.o
                0x0000000000002940                APP_RPLIDAR_Task
 .text.APP_RPLIDAR_CopyCurrentFrame
                0x0000000000002adc       0x20 ./User/rplidar_360.o
                0x0000000000002adc                APP_RPLIDAR_CopyCurrentFrame
 .text.APP_RPLIDAR_CopyUsableFrame
                0x0000000000002afc       0x96 ./User/rplidar_360.o
                0x0000000000002afc                APP_RPLIDAR_CopyUsableFrame
 .text.SystemInit
                0x0000000000002b92      0x106 ./User/system_ch32v10x.o
                0x0000000000002b92                SystemInit
 .text.SystemCoreClockUpdate
                0x0000000000002c98       0x86 ./User/system_ch32v10x.o
                0x0000000000002c98                SystemCoreClockUpdate
 .text.vector_handler
                0x0000000000002d1e        0x2 ./Startup/startup_ch32v10x.o
                0x0000000000002d1e                EXTI2_IRQHandler
                0x0000000000002d1e                TIM1_CC_IRQHandler
                0x0000000000002d1e                PVD_IRQHandler
                0x0000000000002d1e                EXTI3_IRQHandler
                0x0000000000002d1e                USBFS_IRQHandler
                0x0000000000002d1e                EXTI0_IRQHandler
                0x0000000000002d1e                I2C2_EV_IRQHandler
                0x0000000000002d1e                ADC1_2_IRQHandler
                0x0000000000002d1e                SPI1_IRQHandler
                0x0000000000002d1e                TAMPER_IRQHandler
                0x0000000000002d1e                DMA1_Channel4_IRQHandler
                0x0000000000002d1e                RTC_IRQHandler
                0x0000000000002d1e                DMA1_Channel7_IRQHandler
                0x0000000000002d1e                TIM4_IRQHandler
                0x0000000000002d1e                I2C1_EV_IRQHandler
                0x0000000000002d1e                TIM3_IRQHandler
                0x0000000000002d1e                RCC_IRQHandler
                0x0000000000002d1e                TIM1_TRG_COM_IRQHandler
                0x0000000000002d1e                DMA1_Channel1_IRQHandler
                0x0000000000002d1e                EXTI15_10_IRQHandler
                0x0000000000002d1e                EXTI9_5_IRQHandler
                0x0000000000002d1e                SPI2_IRQHandler
                0x0000000000002d1e                EXTI4_IRQHandler
                0x0000000000002d1e                TIM1_UP_IRQHandler
                0x0000000000002d1e                WWDG_IRQHandler
                0x0000000000002d1e                SW_Handler
                0x0000000000002d1e                TIM1_BRK_IRQHandler
                0x0000000000002d1e                EXTI1_IRQHandler
                0x0000000000002d1e                RTCAlarm_IRQHandler
                0x0000000000002d1e                I2C2_ER_IRQHandler
                0x0000000000002d1e                DMA1_Channel2_IRQHandler
                0x0000000000002d1e                FLASH_IRQHandler
                0x0000000000002d1e                I2C1_ER_IRQHandler
                0x0000000000002d1e                USBWakeUp_IRQHandler
 .text.handle_reset
                0x0000000000002d20       0x7e ./Startup/startup_ch32v10x.o
                0x0000000000002d20                handle_reset
 .text.DMA_DeInit
                0x0000000000002d9e       0xfa ./Peripheral/src/ch32v10x_dma.o
                0x0000000000002d9e                DMA_DeInit
 .text.DMA_Init
                0x0000000000002e98       0x38 ./Peripheral/src/ch32v10x_dma.o
                0x0000000000002e98                DMA_Init
 .text.DMA_Cmd  0x0000000000002ed0       0x14 ./Peripheral/src/ch32v10x_dma.o
                0x0000000000002ed0                DMA_Cmd
 .text.DMA_ITConfig
                0x0000000000002ee4       0x12 ./Peripheral/src/ch32v10x_dma.o
                0x0000000000002ee4                DMA_ITConfig
 .text.DMA_SetCurrDataCounter
                0x0000000000002ef6        0x4 ./Peripheral/src/ch32v10x_dma.o
                0x0000000000002ef6                DMA_SetCurrDataCounter
 .text.DMA_GetCurrDataCounter
                0x0000000000002efa        0x8 ./Peripheral/src/ch32v10x_dma.o
                0x0000000000002efa                DMA_GetCurrDataCounter
 .text.DMA_GetFlagStatus
                0x0000000000002f02       0x20 ./Peripheral/src/ch32v10x_dma.o
                0x0000000000002f02                DMA_GetFlagStatus
 .text.DMA_ClearFlag
                0x0000000000002f22       0x1a ./Peripheral/src/ch32v10x_dma.o
                0x0000000000002f22                DMA_ClearFlag
 .text.DMA_GetITStatus
                0x0000000000002f3c        0xc ./Peripheral/src/ch32v10x_dma.o
                0x0000000000002f3c                DMA_GetITStatus
 .text.DMA_ClearITPendingBit
                0x0000000000002f48        0xc ./Peripheral/src/ch32v10x_dma.o
                0x0000000000002f48                DMA_ClearITPendingBit
 .text.GPIO_Init
                0x0000000000002f54       0xc2 ./Peripheral/src/ch32v10x_gpio.o
                0x0000000000002f54                GPIO_Init
 .text.GPIO_WriteBit
                0x0000000000003016        0xa ./Peripheral/src/ch32v10x_gpio.o
                0x0000000000003016                GPIO_WriteBit
 .text.NVIC_PriorityGroupConfig
                0x0000000000003020       0x10 ./Peripheral/src/ch32v10x_misc.o
                0x0000000000003020                NVIC_PriorityGroupConfig
 .text.NVIC_Init
                0x0000000000003030       0x6e ./Peripheral/src/ch32v10x_misc.o
                0x0000000000003030                NVIC_Init
 .text.RCC_GetClocksFreq
                0x000000000000309e       0xbc ./Peripheral/src/ch32v10x_rcc.o
                0x000000000000309e                RCC_GetClocksFreq
 .text.RCC_AHBPeriphClockCmd
                0x000000000000315a       0x1e ./Peripheral/src/ch32v10x_rcc.o
                0x000000000000315a                RCC_AHBPeriphClockCmd
 .text.RCC_APB2PeriphClockCmd
                0x0000000000003178       0x1e ./Peripheral/src/ch32v10x_rcc.o
                0x0000000000003178                RCC_APB2PeriphClockCmd
 .text.RCC_APB1PeriphClockCmd
                0x0000000000003196       0x1e ./Peripheral/src/ch32v10x_rcc.o
                0x0000000000003196                RCC_APB1PeriphClockCmd
 .text.TIM_TimeBaseInit
                0x00000000000031b4       0x78 ./Peripheral/src/ch32v10x_tim.o
                0x00000000000031b4                TIM_TimeBaseInit
 .text.TIM_OC1Init
                0x000000000000322c       0x88 ./Peripheral/src/ch32v10x_tim.o
                0x000000000000322c                TIM_OC1Init
 .text.TIM_Cmd  0x00000000000032b4       0x1c ./Peripheral/src/ch32v10x_tim.o
                0x00000000000032b4                TIM_Cmd
 .text.TIM_CtrlPWMOutputs
                0x00000000000032d0       0x16 ./Peripheral/src/ch32v10x_tim.o
                0x00000000000032d0                TIM_CtrlPWMOutputs
 .text.TIM_ARRPreloadConfig
                0x00000000000032e6       0x1e ./Peripheral/src/ch32v10x_tim.o
                0x00000000000032e6                TIM_ARRPreloadConfig
 .text.TIM_OC1PreloadConfig
                0x0000000000003304       0x12 ./Peripheral/src/ch32v10x_tim.o
                0x0000000000003304                TIM_OC1PreloadConfig
 .text.TIM_SetCompare1
                0x0000000000003316        0x6 ./Peripheral/src/ch32v10x_tim.o
                0x0000000000003316                TIM_SetCompare1
 .text.TIM_GetCapture1
                0x000000000000331c        0x6 ./Peripheral/src/ch32v10x_tim.o
                0x000000000000331c                TIM_GetCapture1
 .text.TIM_GetCapture2
                0x0000000000003322        0x6 ./Peripheral/src/ch32v10x_tim.o
                0x0000000000003322                TIM_GetCapture2
 .text.TIM_GetITStatus
                0x0000000000003328       0x1c ./Peripheral/src/ch32v10x_tim.o
                0x0000000000003328                TIM_GetITStatus
 .text.TIM_ClearITPendingBit
                0x0000000000003344        0xe ./Peripheral/src/ch32v10x_tim.o
                0x0000000000003344                TIM_ClearITPendingBit
 .text.USART_Init
                0x0000000000003352       0xa8 ./Peripheral/src/ch32v10x_usart.o
                0x0000000000003352                USART_Init
 .text.USART_Cmd
                0x00000000000033fa       0x1c ./Peripheral/src/ch32v10x_usart.o
                0x00000000000033fa                USART_Cmd
 .text.USART_ITConfig
                0x0000000000003416       0x36 ./Peripheral/src/ch32v10x_usart.o
                0x0000000000003416                USART_ITConfig
 .text.USART_DMACmd
                0x000000000000344c       0x16 ./Peripheral/src/ch32v10x_usart.o
                0x000000000000344c                USART_DMACmd
 .text.USART_SendData
                0x0000000000003462        0xa ./Peripheral/src/ch32v10x_usart.o
                0x0000000000003462                USART_SendData
 .text.USART_GetFlagStatus
                0x000000000000346c        0xc ./Peripheral/src/ch32v10x_usart.o
                0x000000000000346c                USART_GetFlagStatus
 .text.USART_GetITStatus
                0x0000000000003478       0x44 ./Peripheral/src/ch32v10x_usart.o
                0x0000000000003478                USART_GetITStatus
 .text.Delay_Init
                0x00000000000034bc       0x26 ./Debug/debug.o
                0x00000000000034bc                Delay_Init
 .text.Delay_Ms
                0x00000000000034e2       0x30 ./Debug/debug.o
                0x00000000000034e2                Delay_Ms
 .text._write   0x0000000000003512       0x3e ./Debug/debug.o
                0x0000000000003512                _write
 .text._sbrk    0x0000000000003550       0x2a ./Debug/debug.o
                0x0000000000003550                _sbrk
 .text.cosf     0x000000000000357a       0x82 c:/mounriver/mounriver_studio2/resources/app/resources/win32/components/wch/toolchain/risc-v embedded gcc/bin/../lib/gcc/riscv-none-embed/8.2.0/../../../../riscv-none-embed/lib/rv32imac/ilp32\libm.a(lib_a-sf_cos.o)
                0x000000000000357a                cosf
 .text.sinf     0x00000000000035fc       0x82 c:/mounriver/mounriver_studio2/resources/app/resources/win32/components/wch/toolchain/risc-v embedded gcc/bin/../lib/gcc/riscv-none-embed/8.2.0/../../../../riscv-none-embed/lib/rv32imac/ilp32\libm.a(lib_a-sf_sin.o)
                0x00000000000035fc                sinf
 .text.atan2f   0x000000000000367e        0x2 c:/mounriver/mounriver_studio2/resources/app/resources/win32/components/wch/toolchain/risc-v embedded gcc/bin/../lib/gcc/riscv-none-embed/8.2.0/../../../../riscv-none-embed/lib/rv32imac/ilp32\libm.a(lib_a-wf_atan2.o)
                0x000000000000367e                atan2f
 .text.sqrtf    0x0000000000003680       0xb8 c:/mounriver/mounriver_studio2/resources/app/resources/win32/components/wch/toolchain/risc-v embedded gcc/bin/../lib/gcc/riscv-none-embed/8.2.0/../../../../riscv-none-embed/lib/rv32imac/ilp32\libm.a(lib_a-wf_sqrt.o)
                0x0000000000003680                sqrtf
 .text.__ieee754_atan2f
                0x0000000000003738      0x198 c:/mounriver/mounriver_studio2/resources/app/resources/win32/components/wch/toolchain/risc-v embedded gcc/bin/../lib/gcc/riscv-none-embed/8.2.0/../../../../riscv-none-embed/lib/rv32imac/ilp32\libm.a(lib_a-ef_atan2.o)
                0x0000000000003738                __ieee754_atan2f
 .text.__ieee754_rem_pio2f
                0x00000000000038d0      0x354 c:/mounriver/mounriver_studio2/resources/app/resources/win32/components/wch/toolchain/risc-v embedded gcc/bin/../lib/gcc/riscv-none-embed/8.2.0/../../../../riscv-none-embed/lib/rv32imac/ilp32\libm.a(lib_a-ef_rem_pio2.o)
                0x00000000000038d0                __ieee754_rem_pio2f
 .text.__ieee754_sqrtf
                0x0000000000003c24       0xdc c:/mounriver/mounriver_studio2/resources/app/resources/win32/components/wch/toolchain/risc-v embedded gcc/bin/../lib/gcc/riscv-none-embed/8.2.0/../../../../riscv-none-embed/lib/rv32imac/ilp32\libm.a(lib_a-ef_sqrt.o)
                0x0000000000003c24                __ieee754_sqrtf
 .text.__kernel_cosf
                0x0000000000003d00      0x20e c:/mounriver/mounriver_studio2/resources/app/resources/win32/components/wch/toolchain/risc-v embedded gcc/bin/../lib/gcc/riscv-none-embed/8.2.0/../../../../riscv-none-embed/lib/rv32imac/ilp32\libm.a(lib_a-kf_cos.o)
                0x0000000000003d00                __kernel_cosf
 .text.__kernel_rem_pio2f
                0x0000000000003f0e      0x7e4 c:/mounriver/mounriver_studio2/resources/app/resources/win32/components/wch/toolchain/risc-v embedded gcc/bin/../lib/gcc/riscv-none-embed/8.2.0/../../../../riscv-none-embed/lib/rv32imac/ilp32\libm.a(lib_a-kf_rem_pio2.o)
                0x0000000000003f0e                __kernel_rem_pio2f
 .text.__kernel_sinf
                0x00000000000046f2      0x12c c:/mounriver/mounriver_studio2/resources/app/resources/win32/components/wch/toolchain/risc-v embedded gcc/bin/../lib/gcc/riscv-none-embed/8.2.0/../../../../riscv-none-embed/lib/rv32imac/ilp32\libm.a(lib_a-kf_sin.o)
                0x00000000000046f2                __kernel_sinf
 .text.matherr  0x000000000000481e        0x4 c:/mounriver/mounriver_studio2/resources/app/resources/win32/components/wch/toolchain/risc-v embedded gcc/bin/../lib/gcc/riscv-none-embed/8.2.0/../../../../riscv-none-embed/lib/rv32imac/ilp32\libm.a(lib_a-s_matherr.o)
                0x000000000000481e                matherr
 .text.atanf    0x0000000000004822      0x288 c:/mounriver/mounriver_studio2/resources/app/resources/win32/components/wch/toolchain/risc-v embedded gcc/bin/../lib/gcc/riscv-none-embed/8.2.0/../../../../riscv-none-embed/lib/rv32imac/ilp32\libm.a(lib_a-sf_atan.o)
                0x0000000000004822                atanf
 .text.fabsf    0x0000000000004aaa        0x6 c:/mounriver/mounriver_studio2/resources/app/resources/win32/components/wch/toolchain/risc-v embedded gcc/bin/../lib/gcc/riscv-none-embed/8.2.0/../../../../riscv-none-embed/lib/rv32imac/ilp32\libm.a(lib_a-sf_fabs.o)
                0x0000000000004aaa                fabsf
 .text.floorf   0x0000000000004ab0       0xcc c:/mounriver/mounriver_studio2/resources/app/resources/win32/components/wch/toolchain/risc-v embedded gcc/bin/../lib/gcc/riscv-none-embed/8.2.0/../../../../riscv-none-embed/lib/rv32imac/ilp32\libm.a(lib_a-sf_floor.o)
                0x0000000000004ab0                floorf
 .text.scalbnf  0x0000000000004b7c       0xe0 c:/mounriver/mounriver_studio2/resources/app/resources/win32/components/wch/toolchain/risc-v embedded gcc/bin/../lib/gcc/riscv-none-embed/8.2.0/../../../../riscv-none-embed/lib/rv32imac/ilp32\libm.a(lib_a-sf_scalbn.o)
                0x0000000000004b7c                scalbnf
 .text.copysignf
                0x0000000000004c5c       0x10 c:/mounriver/mounriver_studio2/resources/app/resources/win32/components/wch/toolchain/risc-v embedded gcc/bin/../lib/gcc/riscv-none-embed/8.2.0/../../../../riscv-none-embed/lib/rv32imac/ilp32\libm.a(lib_a-sf_copysign.o)
                0x0000000000004c5c                copysignf
 .text.printchar
                0x0000000000004c6c       0x4c c:/mounriver/mounriver_studio2/resources/app/resources/win32/components/wch/toolchain/risc-v embedded gcc/bin/../lib/gcc/riscv-none-embed/8.2.0/../../../../riscv-none-embed/lib/rv32imac/ilp32\libprintfloat.a(printfloat.o)
                0x0000000000004c6c                printchar
 .text.prints   0x0000000000004cb8       0xe0 c:/mounriver/mounriver_studio2/resources/app/resources/win32/components/wch/toolchain/risc-v embedded gcc/bin/../lib/gcc/riscv-none-embed/8.2.0/../../../../riscv-none-embed/lib/rv32imac/ilp32\libprintfloat.a(printfloat.o)
                0x0000000000004cb8                prints
 .text.printInt
                0x0000000000004d98       0xf4 c:/mounriver/mounriver_studio2/resources/app/resources/win32/components/wch/toolchain/risc-v embedded gcc/bin/../lib/gcc/riscv-none-embed/8.2.0/../../../../riscv-none-embed/lib/rv32imac/ilp32\libprintfloat.a(printfloat.o)
                0x0000000000004d98                printInt
 .text.printLongLongInt
                0x0000000000004e8c      0x124 c:/mounriver/mounriver_studio2/resources/app/resources/win32/components/wch/toolchain/risc-v embedded gcc/bin/../lib/gcc/riscv-none-embed/8.2.0/../../../../riscv-none-embed/lib/rv32imac/ilp32\libprintfloat.a(printfloat.o)
                0x0000000000004e8c                printLongLongInt
 .text.printDouble
                0x0000000000004fb0      0x100 c:/mounriver/mounriver_studio2/resources/app/resources/win32/components/wch/toolchain/risc-v embedded gcc/bin/../lib/gcc/riscv-none-embed/8.2.0/../../../../riscv-none-embed/lib/rv32imac/ilp32\libprintfloat.a(printfloat.o)
                0x0000000000004fb0                printDouble
 .text.print    0x00000000000050b0      0x358 c:/mounriver/mounriver_studio2/resources/app/resources/win32/components/wch/toolchain/risc-v embedded gcc/bin/../lib/gcc/riscv-none-embed/8.2.0/../../../../riscv-none-embed/lib/rv32imac/ilp32\libprintfloat.a(printfloat.o)
                0x00000000000050b0                print
 .text.snprintf
                0x0000000000005408       0x2a c:/mounriver/mounriver_studio2/resources/app/resources/win32/components/wch/toolchain/risc-v embedded gcc/bin/../lib/gcc/riscv-none-embed/8.2.0/../../../../riscv-none-embed/lib/rv32imac/ilp32\libprintfloat.a(printfloat.o)
                0x0000000000005408                snprintf
 .text.__udivdi3
                0x0000000000005432      0x398 c:/mounriver/mounriver_studio2/resources/app/resources/win32/components/wch/toolchain/risc-v embedded gcc/bin/../lib/gcc/riscv-none-embed/8.2.0/rv32imac/ilp32\libgcc.a(_udivdi3.o)
                0x0000000000005432                __udivdi3
 .text.__umoddi3
                0x00000000000057ca      0x38e c:/mounriver/mounriver_studio2/resources/app/resources/win32/components/wch/toolchain/risc-v embedded gcc/bin/../lib/gcc/riscv-none-embed/8.2.0/rv32imac/ilp32\libgcc.a(_umoddi3.o)
                0x00000000000057ca                __umoddi3
 .text.__divdf3
                0x0000000000005b58      0x5b4 c:/mounriver/mounriver_studio2/resources/app/resources/win32/components/wch/toolchain/risc-v embedded gcc/bin/../lib/gcc/riscv-none-embed/8.2.0/rv32imac/ilp32\libgcc.a(divdf3.o)
                0x0000000000005b58                __divdf3
 .text.__ledf2  0x000000000000610c       0xb6 c:/mounriver/mounriver_studio2/resources/app/resources/win32/components/wch/toolchain/risc-v embedded gcc/bin/../lib/gcc/riscv-none-embed/8.2.0/rv32imac/ilp32\libgcc.a(ledf2.o)
                0x000000000000610c                __ledf2
                0x000000000000610c                __ltdf2
 .text.__muldf3
                0x00000000000061c2      0x4b8 c:/mounriver/mounriver_studio2/resources/app/resources/win32/components/wch/toolchain/risc-v embedded gcc/bin/../lib/gcc/riscv-none-embed/8.2.0/rv32imac/ilp32\libgcc.a(muldf3.o)
                0x00000000000061c2                __muldf3
 .text.__subdf3
                0x000000000000667a      0x73e c:/mounriver/mounriver_studio2/resources/app/resources/win32/components/wch/toolchain/risc-v embedded gcc/bin/../lib/gcc/riscv-none-embed/8.2.0/rv32imac/ilp32\libgcc.a(subdf3.o)
                0x000000000000667a                __subdf3
 .text.__floatsidf
                0x0000000000006db8       0x72 c:/mounriver/mounriver_studio2/resources/app/resources/win32/components/wch/toolchain/risc-v embedded gcc/bin/../lib/gcc/riscv-none-embed/8.2.0/rv32imac/ilp32\libgcc.a(floatsidf.o)
                0x0000000000006db8                __floatsidf
 .text.__floatunsidf
                0x0000000000006e2a       0x68 c:/mounriver/mounriver_studio2/resources/app/resources/win32/components/wch/toolchain/risc-v embedded gcc/bin/../lib/gcc/riscv-none-embed/8.2.0/rv32imac/ilp32\libgcc.a(floatunsidf.o)
                0x0000000000006e2a                __floatunsidf
 .text.__fixdfdi
                0x0000000000006e92       0xbc c:/mounriver/mounriver_studio2/resources/app/resources/win32/components/wch/toolchain/risc-v embedded gcc/bin/../lib/gcc/riscv-none-embed/8.2.0/rv32imac/ilp32\libgcc.a(fixdfdi.o)
                0x0000000000006e92                __fixdfdi
 .text.__floatdidf
                0x0000000000006f4e      0x1b6 c:/mounriver/mounriver_studio2/resources/app/resources/win32/components/wch/toolchain/risc-v embedded gcc/bin/../lib/gcc/riscv-none-embed/8.2.0/rv32imac/ilp32\libgcc.a(floatdidf.o)
                0x0000000000006f4e                __floatdidf
 .text.__addsf3
                0x0000000000007104      0x36a c:/mounriver/mounriver_studio2/resources/app/resources/win32/components/wch/toolchain/risc-v embedded gcc/bin/../lib/gcc/riscv-none-embed/8.2.0/rv32imac/ilp32\libgcc.a(addsf3.o)
                0x0000000000007104                __addsf3
 .text.__divsf3
                0x000000000000746e      0x2b2 c:/mounriver/mounriver_studio2/resources/app/resources/win32/components/wch/toolchain/risc-v embedded gcc/bin/../lib/gcc/riscv-none-embed/8.2.0/rv32imac/ilp32\libgcc.a(divsf3.o)
                0x000000000000746e                __divsf3
 .text.__eqsf2  0x0000000000007720       0x5c c:/mounriver/mounriver_studio2/resources/app/resources/win32/components/wch/toolchain/risc-v embedded gcc/bin/../lib/gcc/riscv-none-embed/8.2.0/rv32imac/ilp32\libgcc.a(eqsf2.o)
                0x0000000000007720                __eqsf2
                0x0000000000007720                __nesf2
 .text.__gesf2  0x000000000000777c       0x86 c:/mounriver/mounriver_studio2/resources/app/resources/win32/components/wch/toolchain/risc-v embedded gcc/bin/../lib/gcc/riscv-none-embed/8.2.0/rv32imac/ilp32\libgcc.a(gesf2.o)
                0x000000000000777c                __gesf2
                0x000000000000777c                __gtsf2
 .text.__lesf2  0x0000000000007802       0x8c c:/mounriver/mounriver_studio2/resources/app/resources/win32/components/wch/toolchain/risc-v embedded gcc/bin/../lib/gcc/riscv-none-embed/8.2.0/rv32imac/ilp32\libgcc.a(lesf2.o)
                0x0000000000007802                __ltsf2
                0x0000000000007802                __lesf2
 .text.__mulsf3
                0x000000000000788e      0x294 c:/mounriver/mounriver_studio2/resources/app/resources/win32/components/wch/toolchain/risc-v embedded gcc/bin/../lib/gcc/riscv-none-embed/8.2.0/rv32imac/ilp32\libgcc.a(mulsf3.o)
                0x000000000000788e                __mulsf3
 .text.__subsf3
                0x0000000000007b22      0x388 c:/mounriver/mounriver_studio2/resources/app/resources/win32/components/wch/toolchain/risc-v embedded gcc/bin/../lib/gcc/riscv-none-embed/8.2.0/rv32imac/ilp32\libgcc.a(subsf3.o)
                0x0000000000007b22                __subsf3
 .text.__unordsf2
                0x0000000000007eaa       0x3c c:/mounriver/mounriver_studio2/resources/app/resources/win32/components/wch/toolchain/risc-v embedded gcc/bin/../lib/gcc/riscv-none-embed/8.2.0/rv32imac/ilp32\libgcc.a(unordsf2.o)
                0x0000000000007eaa                __unordsf2
 .text.__fixsfsi
                0x0000000000007ee6       0x62 c:/mounriver/mounriver_studio2/resources/app/resources/win32/components/wch/toolchain/risc-v embedded gcc/bin/../lib/gcc/riscv-none-embed/8.2.0/rv32imac/ilp32\libgcc.a(fixsfsi.o)
                0x0000000000007ee6                __fixsfsi
 .text.__floatsisf
                0x0000000000007f48       0xc6 c:/mounriver/mounriver_studio2/resources/app/resources/win32/components/wch/toolchain/risc-v embedded gcc/bin/../lib/gcc/riscv-none-embed/8.2.0/rv32imac/ilp32\libgcc.a(floatsisf.o)
                0x0000000000007f48                __floatsisf
 .text.__floatunsisf
                0x000000000000800e       0xce c:/mounriver/mounriver_studio2/resources/app/resources/win32/components/wch/toolchain/risc-v embedded gcc/bin/../lib/gcc/riscv-none-embed/8.2.0/rv32imac/ilp32\libgcc.a(floatunsisf.o)
                0x000000000000800e                __floatunsisf
 .text.__extendsfdf2
                0x00000000000080dc       0xac c:/mounriver/mounriver_studio2/resources/app/resources/win32/components/wch/toolchain/risc-v embedded gcc/bin/../lib/gcc/riscv-none-embed/8.2.0/rv32imac/ilp32\libgcc.a(extendsfdf2.o)
                0x00000000000080dc                __extendsfdf2
 .text.__truncdfsf2
                0x0000000000008188      0x16a c:/mounriver/mounriver_studio2/resources/app/resources/win32/components/wch/toolchain/risc-v embedded gcc/bin/../lib/gcc/riscv-none-embed/8.2.0/rv32imac/ilp32\libgcc.a(truncdfsf2.o)
                0x0000000000008188                __truncdfsf2
 .text.__clzsi2
                0x00000000000082f2       0x76 c:/mounriver/mounriver_studio2/resources/app/resources/win32/components/wch/toolchain/risc-v embedded gcc/bin/../lib/gcc/riscv-none-embed/8.2.0/rv32imac/ilp32\libgcc.a(_clzsi2.o)
                0x00000000000082f2                __clzsi2
 .text.__errno  0x0000000000008368        0x8 c:/mounriver/mounriver_studio2/resources/app/resources/win32/components/wch/toolchain/risc-v embedded gcc/bin/../lib/gcc/riscv-none-embed/8.2.0/../../../../riscv-none-embed/lib/rv32imac/ilp32\libg_nano.a(lib_a-errno.o)
                0x0000000000008368                __errno
 .text.memcpy   0x0000000000008370       0xb6 c:/mounriver/mounriver_studio2/resources/app/resources/win32/components/wch/toolchain/risc-v embedded gcc/bin/../lib/gcc/riscv-none-embed/8.2.0/../../../../riscv-none-embed/lib/rv32imac/ilp32\libg_nano.a(lib_a-memcpy.o)
                0x0000000000008370                memcpy
 .text.__cvt    0x0000000000008426       0xee c:/mounriver/mounriver_studio2/resources/app/resources/win32/components/wch/toolchain/risc-v embedded gcc/bin/../lib/gcc/riscv-none-embed/8.2.0/../../../../riscv-none-embed/lib/rv32imac/ilp32\libg_nano.a(lib_a-nano-vfprintf_float.o)
                0x0000000000008426                __cvt
 .text.__exponent
                0x0000000000008514       0x8c c:/mounriver/mounriver_studio2/resources/app/resources/win32/components/wch/toolchain/risc-v embedded gcc/bin/../lib/gcc/riscv-none-embed/8.2.0/../../../../riscv-none-embed/lib/rv32imac/ilp32\libg_nano.a(lib_a-nano-vfprintf_float.o)
                0x0000000000008514                __exponent
 .text._printf_float
                0x00000000000085a0      0x4c2 c:/mounriver/mounriver_studio2/resources/app/resources/win32/components/wch/toolchain/risc-v embedded gcc/bin/../lib/gcc/riscv-none-embed/8.2.0/../../../../riscv-none-embed/lib/rv32imac/ilp32\libg_nano.a(lib_a-nano-vfprintf_float.o)
                0x00000000000085a0                _printf_float
 .text._printf_common
                0x0000000000008a62      0x10c c:/mounriver/mounriver_studio2/resources/app/resources/win32/components/wch/toolchain/risc-v embedded gcc/bin/../lib/gcc/riscv-none-embed/8.2.0/../../../../riscv-none-embed/lib/rv32imac/ilp32\libg_nano.a(lib_a-nano-vfprintf_i.o)
                0x0000000000008a62                _printf_common
 .text.strcpy   0x0000000000008b6e       0x12 c:/mounriver/mounriver_studio2/resources/app/resources/win32/components/wch/toolchain/risc-v embedded gcc/bin/../lib/gcc/riscv-none-embed/8.2.0/../../../../riscv-none-embed/lib/rv32imac/ilp32\libg_nano.a(lib_a-strcpy.o)
                0x0000000000008b6e                strcpy
 .text.strlen   0x0000000000008b80       0x12 c:/mounriver/mounriver_studio2/resources/app/resources/win32/components/wch/toolchain/risc-v embedded gcc/bin/../lib/gcc/riscv-none-embed/8.2.0/../../../../riscv-none-embed/lib/rv32imac/ilp32\libg_nano.a(lib_a-strlen.o)
                0x0000000000008b80                strlen
 .text.quorem   0x0000000000008b92      0x13a c:/mounriver/mounriver_studio2/resources/app/resources/win32/components/wch/toolchain/risc-v embedded gcc/bin/../lib/gcc/riscv-none-embed/8.2.0/../../../../riscv-none-embed/lib/rv32imac/ilp32\libg_nano.a(lib_a-dtoa.o)
 .text._dtoa_r  0x0000000000008ccc      0xbf6 c:/mounriver/mounriver_studio2/resources/app/resources/win32/components/wch/toolchain/risc-v embedded gcc/bin/../lib/gcc/riscv-none-embed/8.2.0/../../../../riscv-none-embed/lib/rv32imac/ilp32\libg_nano.a(lib_a-dtoa.o)
                0x0000000000008ccc                _dtoa_r
 .text._localeconv_r
                0x00000000000098c2       0x18 c:/mounriver/mounriver_studio2/resources/app/resources/win32/components/wch/toolchain/risc-v embedded gcc/bin/../lib/gcc/riscv-none-embed/8.2.0/../../../../riscv-none-embed/lib/rv32imac/ilp32\libg_nano.a(lib_a-localeconv.o)
                0x00000000000098c2                _localeconv_r
 .text.malloc   0x00000000000098da        0xa c:/mounriver/mounriver_studio2/resources/app/resources/win32/components/wch/toolchain/risc-v embedded gcc/bin/../lib/gcc/riscv-none-embed/8.2.0/../../../../riscv-none-embed/lib/rv32imac/ilp32\libg_nano.a(lib_a-malloc.o)
                0x00000000000098da                malloc
 .text._Balloc  0x00000000000098e4       0x88 c:/mounriver/mounriver_studio2/resources/app/resources/win32/components/wch/toolchain/risc-v embedded gcc/bin/../lib/gcc/riscv-none-embed/8.2.0/../../../../riscv-none-embed/lib/rv32imac/ilp32\libg_nano.a(lib_a-mprec.o)
                0x00000000000098e4                _Balloc
 .text._Bfree   0x000000000000996c       0x44 c:/mounriver/mounriver_studio2/resources/app/resources/win32/components/wch/toolchain/risc-v embedded gcc/bin/../lib/gcc/riscv-none-embed/8.2.0/../../../../riscv-none-embed/lib/rv32imac/ilp32\libg_nano.a(lib_a-mprec.o)
                0x000000000000996c                _Bfree
 .text.__multadd
                0x00000000000099b0       0x98 c:/mounriver/mounriver_studio2/resources/app/resources/win32/components/wch/toolchain/risc-v embedded gcc/bin/../lib/gcc/riscv-none-embed/8.2.0/../../../../riscv-none-embed/lib/rv32imac/ilp32\libg_nano.a(lib_a-mprec.o)
                0x00000000000099b0                __multadd
 .text.__hi0bits
                0x0000000000009a48       0x46 c:/mounriver/mounriver_studio2/resources/app/resources/win32/components/wch/toolchain/risc-v embedded gcc/bin/../lib/gcc/riscv-none-embed/8.2.0/../../../../riscv-none-embed/lib/rv32imac/ilp32\libg_nano.a(lib_a-mprec.o)
                0x0000000000009a48                __hi0bits
 .text.__lo0bits
                0x0000000000009a8e       0x6a c:/mounriver/mounriver_studio2/resources/app/resources/win32/components/wch/toolchain/risc-v embedded gcc/bin/../lib/gcc/riscv-none-embed/8.2.0/../../../../riscv-none-embed/lib/rv32imac/ilp32\libg_nano.a(lib_a-mprec.o)
                0x0000000000009a8e                __lo0bits
 .text.__i2b    0x0000000000009af8       0x1c c:/mounriver/mounriver_studio2/resources/app/resources/win32/components/wch/toolchain/risc-v embedded gcc/bin/../lib/gcc/riscv-none-embed/8.2.0/../../../../riscv-none-embed/lib/rv32imac/ilp32\libg_nano.a(lib_a-mprec.o)
                0x0000000000009af8                __i2b
 .text.__multiply
                0x0000000000009b14      0x144 c:/mounriver/mounriver_studio2/resources/app/resources/win32/components/wch/toolchain/risc-v embedded gcc/bin/../lib/gcc/riscv-none-embed/8.2.0/../../../../riscv-none-embed/lib/rv32imac/ilp32\libg_nano.a(lib_a-mprec.o)
                0x0000000000009b14                __multiply
 .text.__pow5mult
                0x0000000000009c58       0xbe c:/mounriver/mounriver_studio2/resources/app/resources/win32/components/wch/toolchain/risc-v embedded gcc/bin/../lib/gcc/riscv-none-embed/8.2.0/../../../../riscv-none-embed/lib/rv32imac/ilp32\libg_nano.a(lib_a-mprec.o)
                0x0000000000009c58                __pow5mult
 .text.__lshift
                0x0000000000009d16       0xce c:/mounriver/mounriver_studio2/resources/app/resources/win32/components/wch/toolchain/risc-v embedded gcc/bin/../lib/gcc/riscv-none-embed/8.2.0/../../../../riscv-none-embed/lib/rv32imac/ilp32\libg_nano.a(lib_a-mprec.o)
                0x0000000000009d16                __lshift
 .text.__mcmp   0x0000000000009de4       0x32 c:/mounriver/mounriver_studio2/resources/app/resources/win32/components/wch/toolchain/risc-v embedded gcc/bin/../lib/gcc/riscv-none-embed/8.2.0/../../../../riscv-none-embed/lib/rv32imac/ilp32\libg_nano.a(lib_a-mprec.o)
                0x0000000000009de4                __mcmp
 .text.__mdiff  0x0000000000009e16       0xf2 c:/mounriver/mounriver_studio2/resources/app/resources/win32/components/wch/toolchain/risc-v embedded gcc/bin/../lib/gcc/riscv-none-embed/8.2.0/../../../../riscv-none-embed/lib/rv32imac/ilp32\libg_nano.a(lib_a-mprec.o)
                0x0000000000009e16                __mdiff
 .text.__d2b    0x0000000000009f08       0xd4 c:/mounriver/mounriver_studio2/resources/app/resources/win32/components/wch/toolchain/risc-v embedded gcc/bin/../lib/gcc/riscv-none-embed/8.2.0/../../../../riscv-none-embed/lib/rv32imac/ilp32\libg_nano.a(lib_a-mprec.o)
                0x0000000000009f08                __d2b
 .text._calloc_r
                0x0000000000009fdc       0x26 c:/mounriver/mounriver_studio2/resources/app/resources/win32/components/wch/toolchain/risc-v embedded gcc/bin/../lib/gcc/riscv-none-embed/8.2.0/../../../../riscv-none-embed/lib/rv32imac/ilp32\libg_nano.a(lib_a-nano-callocr.o)
                0x0000000000009fdc                _calloc_r
 .text._malloc_r
                0x000000000000a002       0xce c:/mounriver/mounriver_studio2/resources/app/resources/win32/components/wch/toolchain/risc-v embedded gcc/bin/../lib/gcc/riscv-none-embed/8.2.0/../../../../riscv-none-embed/lib/rv32imac/ilp32\libg_nano.a(lib_a-nano-mallocr.o)
                0x000000000000a002                _malloc_r
 .text._sbrk_r  0x000000000000a0d0       0x32 c:/mounriver/mounriver_studio2/resources/app/resources/win32/components/wch/toolchain/risc-v embedded gcc/bin/../lib/gcc/riscv-none-embed/8.2.0/../../../../riscv-none-embed/lib/rv32imac/ilp32\libg_nano.a(lib_a-sbrkr.o)
                0x000000000000a0d0                _sbrk_r
 .text.__ascii_mbtowc
                0x000000000000a102       0x3a c:/mounriver/mounriver_studio2/resources/app/resources/win32/components/wch/toolchain/risc-v embedded gcc/bin/../lib/gcc/riscv-none-embed/8.2.0/../../../../riscv-none-embed/lib/rv32imac/ilp32\libg_nano.a(lib_a-mbtowc_r.o)
                0x000000000000a102                __ascii_mbtowc
 .text.__malloc_lock
                0x000000000000a13c        0x2 c:/mounriver/mounriver_studio2/resources/app/resources/win32/components/wch/toolchain/risc-v embedded gcc/bin/../lib/gcc/riscv-none-embed/8.2.0/../../../../riscv-none-embed/lib/rv32imac/ilp32\libg_nano.a(lib_a-mlock.o)
                0x000000000000a13c                __malloc_lock
 .text.__malloc_unlock
                0x000000000000a13e        0x2 c:/mounriver/mounriver_studio2/resources/app/resources/win32/components/wch/toolchain/risc-v embedded gcc/bin/../lib/gcc/riscv-none-embed/8.2.0/../../../../riscv-none-embed/lib/rv32imac/ilp32\libg_nano.a(lib_a-mlock.o)
                0x000000000000a13e                __malloc_unlock
 .text.__ascii_wctomb
                0x000000000000a140       0x20 c:/mounriver/mounriver_studio2/resources/app/resources/win32/components/wch/toolchain/risc-v embedded gcc/bin/../lib/gcc/riscv-none-embed/8.2.0/../../../../riscv-none-embed/lib/rv32imac/ilp32\libg_nano.a(lib_a-wctomb_r.o)
                0x000000000000a140                __ascii_wctomb
 .text.__adddf3
                0x000000000000a160      0x730 c:/mounriver/mounriver_studio2/resources/app/resources/win32/components/wch/toolchain/risc-v embedded gcc/bin/../lib/gcc/riscv-none-embed/8.2.0/rv32imac/ilp32\libgcc.a(adddf3.o)
                0x000000000000a160                __adddf3
 .text.__eqdf2  0x000000000000a890       0x6a c:/mounriver/mounriver_studio2/resources/app/resources/win32/components/wch/toolchain/risc-v embedded gcc/bin/../lib/gcc/riscv-none-embed/8.2.0/rv32imac/ilp32\libgcc.a(eqdf2.o)
                0x000000000000a890                __nedf2
                0x000000000000a890                __eqdf2
 .text.__gedf2  0x000000000000a8fa       0xae c:/mounriver/mounriver_studio2/resources/app/resources/win32/components/wch/toolchain/risc-v embedded gcc/bin/../lib/gcc/riscv-none-embed/8.2.0/rv32imac/ilp32\libgcc.a(gedf2.o)
                0x000000000000a8fa                __gedf2
                0x000000000000a8fa                __gtdf2
 .text.__unorddf2
                0x000000000000a9a8       0x3c c:/mounriver/mounriver_studio2/resources/app/resources/win32/components/wch/toolchain/risc-v embedded gcc/bin/../lib/gcc/riscv-none-embed/8.2.0/rv32imac/ilp32\libgcc.a(unorddf2.o)
                0x000000000000a9a8                __unorddf2
 .text.__fixdfsi
                0x000000000000a9e4       0x68 c:/mounriver/mounriver_studio2/resources/app/resources/win32/components/wch/toolchain/risc-v embedded gcc/bin/../lib/gcc/riscv-none-embed/8.2.0/rv32imac/ilp32\libgcc.a(fixdfsi.o)
                0x000000000000a9e4                __fixdfsi
 .text.__trunctfdf2
                0x000000000000aa4c      0x21e c:/mounriver/mounriver_studio2/resources/app/resources/win32/components/wch/toolchain/risc-v embedded gcc/bin/../lib/gcc/riscv-none-embed/8.2.0/rv32imac/ilp32\libgcc.a(trunctfdf2.o)
                0x000000000000aa4c                __trunctfdf2
 *(.rodata)
 *(.rodata*)
 *fill*         0x000000000000ac6a        0x2 
 .rodata.JY901_GetStableHeading.cst4
                0x000000000000ac6c        0xc ./User/JY901.o
 .rodata.JY901_NormalizeAngle180.cst4
                0x000000000000ac78        0xc ./User/JY901.o
 .rodata.JY901_ParseBuffer.cst4
                0x000000000000ac84        0xc ./User/JY901.o
 .rodata.JY901_Task.str1.4
                0x000000000000ac90       0x48 ./User/JY901.o
 .rodata.Laser_Task.str1.4
                0x000000000000acd8       0x3e ./User/Laser.o
 *fill*         0x000000000000ad16        0x2 
 .rodata.OLED_F8x16
                0x000000000000ad18      0x5f0 ./User/Oled.o
                0x000000000000ad18                OLED_F8x16
 .rodata.ConeDrive_Update
                0x000000000000b308       0x14 ./User/cone_detect.o
 .rodata.ConeDetect_UpdateWithSide.cst4
                0x000000000000b31c       0x1c ./User/cone_detect.o
                                         0x20 (size before relaxing)
 .rodata.ConeDrive_Update.cst4
                0x000000000000b338        0x4 ./User/cone_detect.o
 .rodata.FloatToS16.cst4
                0x000000000000b33c        0x4 ./User/cone_detect.o
 .rodata.GetGateCarSideTarget.cst4
                0x000000000000b33c        0x4 ./User/cone_detect.o
 .rodata.IsGateReadyToPass.cst4
                0x000000000000b340        0x8 ./User/cone_detect.o
 .rodata.APP_ShowFixedLocation.str1.4
                0x000000000000b348       0x21 ./User/main.o
 *fill*         0x000000000000b369        0x3 
 .rodata.sqrtf.str1.4
                0x000000000000b36c        0x6 c:/mounriver/mounriver_studio2/resources/app/resources/win32/components/wch/toolchain/risc-v embedded gcc/bin/../lib/gcc/riscv-none-embed/8.2.0/../../../../riscv-none-embed/lib/rv32imac/ilp32\libm.a(lib_a-wf_sqrt.o)
 *fill*         0x000000000000b372        0x2 
 .rodata.__ieee754_atan2f.cst4
                0x000000000000b374       0x28 c:/mounriver/mounriver_studio2/resources/app/resources/win32/components/wch/toolchain/risc-v embedded gcc/bin/../lib/gcc/riscv-none-embed/8.2.0/../../../../riscv-none-embed/lib/rv32imac/ilp32\libm.a(lib_a-ef_atan2.o)
 .rodata.__ieee754_rem_pio2f.cst4
                0x000000000000b39c       0x20 c:/mounriver/mounriver_studio2/resources/app/resources/win32/components/wch/toolchain/risc-v embedded gcc/bin/../lib/gcc/riscv-none-embed/8.2.0/../../../../riscv-none-embed/lib/rv32imac/ilp32\libm.a(lib_a-ef_rem_pio2.o)
                                         0x24 (size before relaxing)
 .rodata.npio2_hw
                0x000000000000b3bc       0x80 c:/mounriver/mounriver_studio2/resources/app/resources/win32/components/wch/toolchain/risc-v embedded gcc/bin/../lib/gcc/riscv-none-embed/8.2.0/../../../../riscv-none-embed/lib/rv32imac/ilp32\libm.a(lib_a-ef_rem_pio2.o)
 .rodata.two_over_pi
                0x000000000000b43c      0x318 c:/mounriver/mounriver_studio2/resources/app/resources/win32/components/wch/toolchain/risc-v embedded gcc/bin/../lib/gcc/riscv-none-embed/8.2.0/../../../../riscv-none-embed/lib/rv32imac/ilp32\libm.a(lib_a-ef_rem_pio2.o)
 .rodata.__kernel_cosf.cst4
                0x000000000000b754       0x20 c:/mounriver/mounriver_studio2/resources/app/resources/win32/components/wch/toolchain/risc-v embedded gcc/bin/../lib/gcc/riscv-none-embed/8.2.0/../../../../riscv-none-embed/lib/rv32imac/ilp32\libm.a(lib_a-kf_cos.o)
                                         0x28 (size before relaxing)
 .rodata.PIo2   0x000000000000b774       0x2c c:/mounriver/mounriver_studio2/resources/app/resources/win32/components/wch/toolchain/risc-v embedded gcc/bin/../lib/gcc/riscv-none-embed/8.2.0/../../../../riscv-none-embed/lib/rv32imac/ilp32\libm.a(lib_a-kf_rem_pio2.o)
 .rodata.__kernel_rem_pio2f.cst4
                0x000000000000b7a0       0x10 c:/mounriver/mounriver_studio2/resources/app/resources/win32/components/wch/toolchain/risc-v embedded gcc/bin/../lib/gcc/riscv-none-embed/8.2.0/../../../../riscv-none-embed/lib/rv32imac/ilp32\libm.a(lib_a-kf_rem_pio2.o)
                                         0x1c (size before relaxing)
 .rodata.init_jk
                0x000000000000b7b0        0xc c:/mounriver/mounriver_studio2/resources/app/resources/win32/components/wch/toolchain/risc-v embedded gcc/bin/../lib/gcc/riscv-none-embed/8.2.0/../../../../riscv-none-embed/lib/rv32imac/ilp32\libm.a(lib_a-kf_rem_pio2.o)
 .rodata.__kernel_sinf.cst4
                0x000000000000b7bc       0x18 c:/mounriver/mounriver_studio2/resources/app/resources/win32/components/wch/toolchain/risc-v embedded gcc/bin/../lib/gcc/riscv-none-embed/8.2.0/../../../../riscv-none-embed/lib/rv32imac/ilp32\libm.a(lib_a-kf_sin.o)
                                         0x1c (size before relaxing)
 .rodata.atanf.cst4
                0x000000000000b7d4       0x38 c:/mounriver/mounriver_studio2/resources/app/resources/win32/components/wch/toolchain/risc-v embedded gcc/bin/../lib/gcc/riscv-none-embed/8.2.0/../../../../riscv-none-embed/lib/rv32imac/ilp32\libm.a(lib_a-sf_atan.o)
                                         0x48 (size before relaxing)
 .rodata.atanhi
                0x000000000000b80c       0x10 c:/mounriver/mounriver_studio2/resources/app/resources/win32/components/wch/toolchain/risc-v embedded gcc/bin/../lib/gcc/riscv-none-embed/8.2.0/../../../../riscv-none-embed/lib/rv32imac/ilp32\libm.a(lib_a-sf_atan.o)
 .rodata.atanlo
                0x000000000000b81c       0x10 c:/mounriver/mounriver_studio2/resources/app/resources/win32/components/wch/toolchain/risc-v embedded gcc/bin/../lib/gcc/riscv-none-embed/8.2.0/../../../../riscv-none-embed/lib/rv32imac/ilp32\libm.a(lib_a-sf_atan.o)
 .rodata.floorf.cst4
                0x000000000000b82c        0x8 c:/mounriver/mounriver_studio2/resources/app/resources/win32/components/wch/toolchain/risc-v embedded gcc/bin/../lib/gcc/riscv-none-embed/8.2.0/../../../../riscv-none-embed/lib/rv32imac/ilp32\libm.a(lib_a-sf_floor.o)
 .rodata.scalbnf.cst4
                0x000000000000b82c        0xc c:/mounriver/mounriver_studio2/resources/app/resources/win32/components/wch/toolchain/risc-v embedded gcc/bin/../lib/gcc/riscv-none-embed/8.2.0/../../../../riscv-none-embed/lib/rv32imac/ilp32\libm.a(lib_a-sf_scalbn.o)
                                         0x10 (size before relaxing)
 .rodata.print.str1.4
                0x000000000000b838        0x7 c:/mounriver/mounriver_studio2/resources/app/resources/win32/components/wch/toolchain/risc-v embedded gcc/bin/../lib/gcc/riscv-none-embed/8.2.0/../../../../riscv-none-embed/lib/rv32imac/ilp32\libprintfloat.a(printfloat.o)
 *fill*         0x000000000000b83f        0x1 
 .rodata.__divdf3
                0x000000000000b840       0x40 c:/mounriver/mounriver_studio2/resources/app/resources/win32/components/wch/toolchain/risc-v embedded gcc/bin/../lib/gcc/riscv-none-embed/8.2.0/rv32imac/ilp32\libgcc.a(divdf3.o)
 .rodata.__muldf3
                0x000000000000b880       0x40 c:/mounriver/mounriver_studio2/resources/app/resources/win32/components/wch/toolchain/risc-v embedded gcc/bin/../lib/gcc/riscv-none-embed/8.2.0/rv32imac/ilp32\libgcc.a(muldf3.o)
 .rodata.__divsf3
                0x000000000000b8c0       0x80 c:/mounriver/mounriver_studio2/resources/app/resources/win32/components/wch/toolchain/risc-v embedded gcc/bin/../lib/gcc/riscv-none-embed/8.2.0/rv32imac/ilp32\libgcc.a(divsf3.o)
 .rodata.__mulsf3
                0x000000000000b940       0x40 c:/mounriver/mounriver_studio2/resources/app/resources/win32/components/wch/toolchain/risc-v embedded gcc/bin/../lib/gcc/riscv-none-embed/8.2.0/rv32imac/ilp32\libgcc.a(mulsf3.o)
 .rodata.__clz_tab
                0x000000000000b980      0x100 c:/mounriver/mounriver_studio2/resources/app/resources/win32/components/wch/toolchain/risc-v embedded gcc/bin/../lib/gcc/riscv-none-embed/8.2.0/rv32imac/ilp32\libgcc.a(_clz.o)
                0x000000000000b980                __clz_tab
 .rodata._printf_float.cst8
                0x000000000000ba80        0x8 c:/mounriver/mounriver_studio2/resources/app/resources/win32/components/wch/toolchain/risc-v embedded gcc/bin/../lib/gcc/riscv-none-embed/8.2.0/../../../../riscv-none-embed/lib/rv32imac/ilp32\libg_nano.a(lib_a-nano-vfprintf_float.o)
 .rodata._printf_float.str1.4
                0x000000000000ba88       0x12 c:/mounriver/mounriver_studio2/resources/app/resources/win32/components/wch/toolchain/risc-v embedded gcc/bin/../lib/gcc/riscv-none-embed/8.2.0/../../../../riscv-none-embed/lib/rv32imac/ilp32\libg_nano.a(lib_a-nano-vfprintf_float.o)
 *fill*         0x000000000000ba9a        0x6 
 .rodata._dtoa_r.cst8
                0x000000000000baa0       0x48 c:/mounriver/mounriver_studio2/resources/app/resources/win32/components/wch/toolchain/risc-v embedded gcc/bin/../lib/gcc/riscv-none-embed/8.2.0/../../../../riscv-none-embed/lib/rv32imac/ilp32\libg_nano.a(lib_a-dtoa.o)
 .rodata._dtoa_r.str1.4
                0x000000000000bae8       0x10 c:/mounriver/mounriver_studio2/resources/app/resources/win32/components/wch/toolchain/risc-v embedded gcc/bin/../lib/gcc/riscv-none-embed/8.2.0/../../../../riscv-none-embed/lib/rv32imac/ilp32\libg_nano.a(lib_a-dtoa.o)
                                         0x12 (size before relaxing)
 .rodata.__mprec_bigtens
                0x000000000000baf8       0x28 c:/mounriver/mounriver_studio2/resources/app/resources/win32/components/wch/toolchain/risc-v embedded gcc/bin/../lib/gcc/riscv-none-embed/8.2.0/../../../../riscv-none-embed/lib/rv32imac/ilp32\libg_nano.a(lib_a-mprec.o)
                0x000000000000baf8                __mprec_bigtens
 .rodata.__mprec_tens
                0x000000000000bb20       0xc8 c:/mounriver/mounriver_studio2/resources/app/resources/win32/components/wch/toolchain/risc-v embedded gcc/bin/../lib/gcc/riscv-none-embed/8.2.0/../../../../riscv-none-embed/lib/rv32imac/ilp32\libg_nano.a(lib_a-mprec.o)
                0x000000000000bb20                __mprec_tens
 .rodata.p05.3319
                0x000000000000bbe8        0xc c:/mounriver/mounriver_studio2/resources/app/resources/win32/components/wch/toolchain/risc-v embedded gcc/bin/../lib/gcc/riscv-none-embed/8.2.0/../../../../riscv-none-embed/lib/rv32imac/ilp32\libg_nano.a(lib_a-mprec.o)
 .rodata._setlocale_r.str1.4
                0x000000000000bbf4        0xa c:/mounriver/mounriver_studio2/resources/app/resources/win32/components/wch/toolchain/risc-v embedded gcc/bin/../lib/gcc/riscv-none-embed/8.2.0/../../../../riscv-none-embed/lib/rv32imac/ilp32\libg_nano.a(lib_a-locale.o)
                                          0xd (size before relaxing)
 *fill*         0x000000000000bbfe        0x2 
 .rodata.str1.4
                0x000000000000bc00        0x4 c:/mounriver/mounriver_studio2/resources/app/resources/win32/components/wch/toolchain/risc-v embedded gcc/bin/../lib/gcc/riscv-none-embed/8.2.0/../../../../riscv-none-embed/lib/rv32imac/ilp32\libg_nano.a(lib_a-locale.o)
                                          0x2 (size before relaxing)
 .rodata._ctype_
                0x000000000000bc04      0x101 c:/mounriver/mounriver_studio2/resources/app/resources/win32/components/wch/toolchain/risc-v embedded gcc/bin/../lib/gcc/riscv-none-embed/8.2.0/../../../../riscv-none-embed/lib/rv32imac/ilp32\libg_nano.a(lib_a-ctype_.o)
                0x000000000000bc04                _ctype_
 *(.gnu.linkonce.t.*)
                0x000000000000bd08                . = ALIGN (0x4)
 *fill*         0x000000000000bd05        0x3 

.rela.dyn       0x000000000000bd08        0x0
 .rela.init     0x000000000000bd08        0x0 ./User/JY901.o
 .rela.vector   0x000000000000bd08        0x0 ./User/JY901.o
 .rela.text.handle_reset
                0x000000000000bd08        0x0 ./User/JY901.o
 .rela.text._sbrk
                0x000000000000bd08        0x0 ./User/JY901.o
 .rela.sdata.curbrk.4779
                0x000000000000bd08        0x0 ./User/JY901.o
 .rela.text.prints
                0x000000000000bd08        0x0 ./User/JY901.o
 .rela.text.printInt
                0x000000000000bd08        0x0 ./User/JY901.o
 .rela.text.printLongLongInt
                0x000000000000bd08        0x0 ./User/JY901.o
 .rela.text.printDouble
                0x000000000000bd08        0x0 ./User/JY901.o
 .rela.text.print
                0x000000000000bd08        0x0 ./User/JY901.o
 .rela.text.snprintf
                0x000000000000bd08        0x0 ./User/JY901.o
 .rela.data.impure_data
                0x000000000000bd08        0x0 ./User/JY901.o
 .rela.text._sbrk_r
                0x000000000000bd08        0x0 ./User/JY901.o

.fini           0x000000000000bd08        0x0
 *(SORT_NONE(.fini))
                0x000000000000bd08                . = ALIGN (0x4)
                [!provide]                        PROVIDE (_etext = .)
                [!provide]                        PROVIDE (_eitcm = .)

.preinit_array  0x000000000000bd08        0x0
                [!provide]                        PROVIDE (__preinit_array_start = .)
 *(.preinit_array)
                [!provide]                        PROVIDE (__preinit_array_end = .)

.init_array     0x000000000000bd08        0x0
                [!provide]                        PROVIDE (__init_array_start = .)
 *(SORT_BY_INIT_PRIORITY(.init_array.*) SORT_BY_INIT_PRIORITY(.ctors.*))
 *(.init_array EXCLUDE_FILE(*crtend?.o *crtend.o *crtbegin?.o *crtbegin.o) .ctors)
                [!provide]                        PROVIDE (__init_array_end = .)

.fini_array     0x000000000000bd08        0x0
                [!provide]                        PROVIDE (__fini_array_start = .)
 *(SORT_BY_INIT_PRIORITY(.fini_array.*) SORT_BY_INIT_PRIORITY(.dtors.*))
 *(.fini_array EXCLUDE_FILE(*crtend?.o *crtend.o *crtbegin?.o *crtbegin.o) .dtors)
                [!provide]                        PROVIDE (__fini_array_end = .)

.ctors
 *crtbegin.o(.ctors)
 *crtbegin?.o(.ctors)
 *(EXCLUDE_FILE(*crtend?.o *crtend.o) .ctors)
 *(SORT_BY_NAME(.ctors.*))
 *(.ctors)

.dtors
 *crtbegin.o(.dtors)
 *crtbegin?.o(.dtors)
 *(EXCLUDE_FILE(*crtend?.o *crtend.o) .dtors)
 *(SORT_BY_NAME(.dtors.*))
 *(.dtors)

.dalign         0x0000000020000000        0x0 load address 0x000000000000bd08
                0x0000000020000000                . = ALIGN (0x4)
                0x0000000020000000                PROVIDE (_data_vma = .)

.dlalign        0x000000000000bd08        0x0
                0x000000000000bd08                . = ALIGN (0x4)
                0x000000000000bd08                PROVIDE (_data_lma = .)

.data           0x0000000020000000      0x220 load address 0x000000000000bd08
 *(.gnu.linkonce.r.*)
 *(.data .data.*)
 .data.AHBPrescTable
                0x0000000020000000       0x10 ./User/system_ch32v10x.o
                0x0000000020000000                AHBPrescTable
 .data.APBAHBPrescTable
                0x0000000020000010       0x10 ./Peripheral/src/ch32v10x_rcc.o
 .data.impure_data
                0x0000000020000020       0x60 c:/mounriver/mounriver_studio2/resources/app/resources/win32/components/wch/toolchain/risc-v embedded gcc/bin/../lib/gcc/riscv-none-embed/8.2.0/../../../../riscv-none-embed/lib/rv32imac/ilp32\libg_nano.a(lib_a-impure.o)
 .data.__global_locale
                0x0000000020000080      0x16c c:/mounriver/mounriver_studio2/resources/app/resources/win32/components/wch/toolchain/risc-v embedded gcc/bin/../lib/gcc/riscv-none-embed/8.2.0/../../../../riscv-none-embed/lib/rv32imac/ilp32\libg_nano.a(lib_a-locale.o)
                0x0000000020000080                __global_locale
 *(.gnu.linkonce.d.*)
                0x00000000200001f0                . = ALIGN (0x8)
 *fill*         0x00000000200001ec        0x4 
                0x00000000200009f0                PROVIDE (__global_pointer$ = (. + 0x800))
 *(.sdata .sdata.*)
 .sdata.jy901_display_enabled
                0x00000000200001f0        0x1 ./User/JY901.o
 *fill*         0x00000000200001f1        0x3 
 .sdata.gps_seed.5022
                0x00000000200001f4        0x4 ./User/main.o
 .sdata.SystemCoreClock
                0x00000000200001f8        0x4 ./User/system_ch32v10x.o
                0x00000000200001f8                SystemCoreClock
 .sdata.ADCPrescTable
                0x00000000200001fc        0x4 ./Peripheral/src/ch32v10x_rcc.o
 .sdata.curbrk.4779
                0x0000000020000200        0x4 ./Debug/debug.o
 .sdata.__fdlib_version
                0x0000000020000204        0x4 c:/mounriver/mounriver_studio2/resources/app/resources/win32/components/wch/toolchain/risc-v embedded gcc/bin/../lib/gcc/riscv-none-embed/8.2.0/../../../../riscv-none-embed/lib/rv32imac/ilp32\libm.a(lib_a-s_lib_ver.o)
                0x0000000020000204                __fdlib_version
 .sdata._impure_ptr
                0x0000000020000208        0x4 c:/mounriver/mounriver_studio2/resources/app/resources/win32/components/wch/toolchain/risc-v embedded gcc/bin/../lib/gcc/riscv-none-embed/8.2.0/../../../../riscv-none-embed/lib/rv32imac/ilp32\libg_nano.a(lib_a-impure.o)
                0x0000000020000208                _impure_ptr
 *(.sdata2.*)
 .sdata2.cmd_scan.4911
                0x000000002000020c        0x2 ./User/rplidar_360.o
 *fill*         0x000000002000020e        0x2 
 .sdata2.cmd_stop.4903
                0x0000000020000210        0x2 ./User/rplidar_360.o
 *fill*         0x0000000020000212        0x2 
 .sdata2.s_rplidar_scan_desc
                0x0000000020000214        0x7 ./User/rplidar_360.o
 *(.gnu.linkonce.s.*)
                0x0000000020000220                . = ALIGN (0x8)
 *fill*         0x000000002000021b        0x5 
 *(.srodata.cst16)
 *(.srodata.cst8)
 *(.srodata.cst4)
 *(.srodata.cst2)
 *(.srodata .srodata.*)
                0x0000000020000220                . = ALIGN (0x4)
                0x0000000020000220                PROVIDE (_edata = .)

.bss            0x0000000020000220     0x268c load address 0x000000000000bf28
                0x0000000020000220                . = ALIGN (0x4)
                0x0000000020000220                PROVIDE (_sbss = .)
 *(.sbss*)
 .sbss.jy901_last_display_ms
                0x0000000020000220        0x4 ./User/JY901.o
 .sbss.jy901_state
                0x0000000020000224        0x4 ./User/JY901.o
 .sbss.jy901_yaw_filter_init
                0x0000000020000228        0x1 ./User/JY901.o
 *fill*         0x0000000020000229        0x3 
 .sbss.jy901_yaw_last_raw
                0x000000002000022c        0x4 ./User/JY901.o
 .sbss.jy901_yaw_unwrap
                0x0000000020000230        0x4 ./User/JY901.o
 .sbss.s_laser_ever_frame
                0x0000000020000234        0x1 ./User/Laser.o
 .sbss.s_laser_parse_error
                0x0000000020000235        0x1 ./User/Laser.o
 .sbss.count    0x0000000020000236        0x2 ./User/SR04.o
                0x0000000020000236                count
 .sbss.falling_cnt
                0x0000000020000238        0x2 ./User/SR04.o
                0x0000000020000238                falling_cnt
 .sbss.rising_cnt
                0x000000002000023a        0x2 ./User/SR04.o
                0x000000002000023a                rising_cnt
 .sbss.startFlag
                0x000000002000023c        0x2 ./User/SR04.o
                0x000000002000023c                startFlag
 .sbss.last_angle.5422
                0x000000002000023e        0x2 ./User/cone_detect.o
 .sbss.g_system_ms
                0x0000000020000240        0x4 ./User/main.o
                0x0000000020000240                g_system_ms
 .sbss.NVIC_Priority_Group
                0x0000000020000244        0x4 ./Peripheral/src/ch32v10x_misc.o
                0x0000000020000244                NVIC_Priority_Group
 .sbss.p_ms     0x0000000020000248        0x2 ./Debug/debug.o
 .sbss.p_us     0x000000002000024a        0x1 ./Debug/debug.o
 *fill*         0x000000002000024b        0x1 
 .sbss.__malloc_free_list
                0x000000002000024c        0x4 c:/mounriver/mounriver_studio2/resources/app/resources/win32/components/wch/toolchain/risc-v embedded gcc/bin/../lib/gcc/riscv-none-embed/8.2.0/../../../../riscv-none-embed/lib/rv32imac/ilp32\libg_nano.a(lib_a-nano-mallocr.o)
                0x000000002000024c                __malloc_free_list
 .sbss.__malloc_sbrk_start
                0x0000000020000250        0x4 c:/mounriver/mounriver_studio2/resources/app/resources/win32/components/wch/toolchain/risc-v embedded gcc/bin/../lib/gcc/riscv-none-embed/8.2.0/../../../../riscv-none-embed/lib/rv32imac/ilp32\libg_nano.a(lib_a-nano-mallocr.o)
                0x0000000020000250                __malloc_sbrk_start
 *(.gnu.linkonce.sb.*)
 *(.bss*)
 .bss.JY901_data
                0x0000000020000254       0x74 ./User/JY901.o
                0x0000000020000254                JY901_data
 .bss.jy901_yaw_ma
                0x00000000200002c8       0xd0 ./User/JY901.o
 .bss.Laser_Data
                0x0000000020000398       0x10 ./User/Laser.o
                0x0000000020000398                Laser_Data
 .bss.RX3_Buffer
                0x00000000200003a8       0x40 ./User/Laser.o
                0x00000000200003a8                RX3_Buffer
 .bss.detect_clusters
                0x00000000200003e8      0x600 ./User/cone_detect.o
 .bss.detect_points
                0x00000000200009e8      0xdc0 ./User/cone_detect.o
 .bss.drive_frame
                0x00000000200017a8      0x5a8 ./User/cone_detect.o
 .bss.drive_cfg
                0x0000000020001d50       0x32 ./User/main.o
 *fill*         0x0000000020001d82        0x2 
 .bss.drive_ctx
                0x0000000020001d84       0x54 ./User/main.o
 .bss.g_lidar_dma
                0x0000000020001dd8      0x101 ./User/rplidar_360.o
 *fill*         0x0000000020001ed9        0x3 
 .bss.g_rplidar
                0x0000000020001edc      0x5cc ./User/rplidar_360.o
 .bss.g_rplidar_ring_buf
                0x00000000200024a8      0x400 ./User/rplidar_360.o
 *(.gnu.linkonce.b.*)
 *(COMMON*)
 COMMON         0x00000000200028a8        0x4 c:/mounriver/mounriver_studio2/resources/app/resources/win32/components/wch/toolchain/risc-v embedded gcc/bin/../lib/gcc/riscv-none-embed/8.2.0/../../../../riscv-none-embed/lib/rv32imac/ilp32\libg_nano.a(lib_a-reent.o)
                0x00000000200028a8                errno
                0x00000000200028ac                . = ALIGN (0x4)
                0x00000000200028ac                PROVIDE (_ebss = .)
                0x00000000200028ac                PROVIDE (_end = _ebss)
                [!provide]                        PROVIDE (end = .)

.stack          0x0000000020004800      0x800
                0x0000000020004800                PROVIDE (_heap_end = .)
                0x0000000020004800                . = ALIGN (0x4)
                [!provide]                        PROVIDE (_susrstack = .)
                0x0000000020005000                . = (. + __stack_size)
 *fill*         0x0000000020004800      0x800 
                0x0000000020005000                PROVIDE (_eusrstack = .)
OUTPUT(CH32V103C8T6.elf elf32-littleriscv)

.debug_info     0x0000000000000000    0x1b5e7
 .debug_info    0x0000000000000000     0x1ed8 ./User/JY901.o
 .debug_info    0x0000000000001ed8     0x1858 ./User/Laser.o
 .debug_info    0x0000000000003730     0x116c ./User/Motor.o
 .debug_info    0x000000000000489c     0x1fd8 ./User/Oled.o
 .debug_info    0x0000000000006874     0x1944 ./User/SR04.o
 .debug_info    0x00000000000081b8     0x11b6 ./User/Servo.o
 .debug_info    0x000000000000936e      0xd51 ./User/ch32v10x_it.o
 .debug_info    0x000000000000a0bf     0x2ca9 ./User/cone_detect.o
 .debug_info    0x000000000000cd68     0x1cc1 ./User/main.o
 .debug_info    0x000000000000ea29     0x26a9 ./User/rplidar_360.o
 .debug_info    0x00000000000110d2      0xdb7 ./User/system_ch32v10x.o
 .debug_info    0x0000000000011e89       0x22 ./Startup/startup_ch32v10x.o
 .debug_info    0x0000000000011eab      0xec4 ./Peripheral/src/ch32v10x_dma.o
 .debug_info    0x0000000000012d6f     0x12e7 ./Peripheral/src/ch32v10x_gpio.o
 .debug_info    0x0000000000014056     0x100d ./Peripheral/src/ch32v10x_misc.o
 .debug_info    0x0000000000015063     0x139e ./Peripheral/src/ch32v10x_rcc.o
 .debug_info    0x0000000000016401     0x2b3b ./Peripheral/src/ch32v10x_tim.o
 .debug_info    0x0000000000018f3c     0x1515 ./Peripheral/src/ch32v10x_usart.o
 .debug_info    0x000000000001a451     0x1196 ./Debug/debug.o

.debug_abbrev   0x0000000000000000     0x4051
 .debug_abbrev  0x0000000000000000      0x585 ./User/JY901.o
 .debug_abbrev  0x0000000000000585      0x3de ./User/Laser.o
 .debug_abbrev  0x0000000000000963      0x290 ./User/Motor.o
 .debug_abbrev  0x0000000000000bf3      0x3eb ./User/Oled.o
 .debug_abbrev  0x0000000000000fde      0x339 ./User/SR04.o
 .debug_abbrev  0x0000000000001317      0x2a1 ./User/Servo.o
 .debug_abbrev  0x00000000000015b8      0x231 ./User/ch32v10x_it.o
 .debug_abbrev  0x00000000000017e9      0x5b3 ./User/cone_detect.o
 .debug_abbrev  0x0000000000001d9c      0x43e ./User/main.o
 .debug_abbrev  0x00000000000021da      0x4e0 ./User/rplidar_360.o
 .debug_abbrev  0x00000000000026ba      0x2c5 ./User/system_ch32v10x.o
 .debug_abbrev  0x000000000000297f       0x12 ./Startup/startup_ch32v10x.o
 .debug_abbrev  0x0000000000002991      0x320 ./Peripheral/src/ch32v10x_dma.o
 .debug_abbrev  0x0000000000002cb1      0x33d ./Peripheral/src/ch32v10x_gpio.o
 .debug_abbrev  0x0000000000002fee      0x307 ./Peripheral/src/ch32v10x_misc.o
 .debug_abbrev  0x00000000000032f5      0x356 ./Peripheral/src/ch32v10x_rcc.o
 .debug_abbrev  0x000000000000364b      0x40d ./Peripheral/src/ch32v10x_tim.o
 .debug_abbrev  0x0000000000003a58      0x317 ./Peripheral/src/ch32v10x_usart.o
 .debug_abbrev  0x0000000000003d6f      0x2e2 ./Debug/debug.o

.debug_loc      0x0000000000000000     0x6381
 .debug_loc     0x0000000000000000      0x3f4 ./User/JY901.o
 .debug_loc     0x00000000000003f4      0x3ee ./User/Laser.o
 .debug_loc     0x00000000000007e2       0x54 ./User/Motor.o
 .debug_loc     0x0000000000000836      0x92e ./User/Oled.o
 .debug_loc     0x0000000000001164       0xfc ./User/SR04.o
 .debug_loc     0x0000000000001260       0x61 ./User/Servo.o
 .debug_loc     0x00000000000012c1     0x1337 ./User/cone_detect.o
 .debug_loc     0x00000000000025f8      0x37b ./User/main.o
 .debug_loc     0x0000000000002973      0x87b ./User/rplidar_360.o
 .debug_loc     0x00000000000031ee       0xb8 ./User/system_ch32v10x.o
 .debug_loc     0x00000000000032a6      0x183 ./Peripheral/src/ch32v10x_dma.o
 .debug_loc     0x0000000000003429      0x643 ./Peripheral/src/ch32v10x_gpio.o
 .debug_loc     0x0000000000003a6c       0x5b ./Peripheral/src/ch32v10x_misc.o
 .debug_loc     0x0000000000003ac7      0x761 ./Peripheral/src/ch32v10x_rcc.o
 .debug_loc     0x0000000000004228     0x18c9 ./Peripheral/src/ch32v10x_tim.o
 .debug_loc     0x0000000000005af1      0x72e ./Peripheral/src/ch32v10x_usart.o
 .debug_loc     0x000000000000621f      0x162 ./Debug/debug.o

.debug_aranges  0x0000000000000000      0xac0
 .debug_aranges
                0x0000000000000000       0xb8 ./User/JY901.o
 .debug_aranges
                0x00000000000000b8       0x50 ./User/Laser.o
 .debug_aranges
                0x0000000000000108       0x28 ./User/Motor.o
 .debug_aranges
                0x0000000000000130       0xb8 ./User/Oled.o
 .debug_aranges
                0x00000000000001e8       0x60 ./User/SR04.o
 .debug_aranges
                0x0000000000000248       0x28 ./User/Servo.o
 .debug_aranges
                0x0000000000000270       0x28 ./User/ch32v10x_it.o
 .debug_aranges
                0x0000000000000298       0x90 ./User/cone_detect.o
 .debug_aranges
                0x0000000000000328       0x40 ./User/main.o
 .debug_aranges
                0x0000000000000368       0xa0 ./User/rplidar_360.o
 .debug_aranges
                0x0000000000000408       0x28 ./User/system_ch32v10x.o
 .debug_aranges
                0x0000000000000430       0x38 ./Startup/startup_ch32v10x.o
 .debug_aranges
                0x0000000000000468       0x60 ./Peripheral/src/ch32v10x_dma.o
 .debug_aranges
                0x00000000000004c8       0xa8 ./Peripheral/src/ch32v10x_gpio.o
 .debug_aranges
                0x0000000000000570       0x28 ./Peripheral/src/ch32v10x_misc.o
 .debug_aranges
                0x0000000000000598      0x118 ./Peripheral/src/ch32v10x_rcc.o
 .debug_aranges
                0x00000000000006b0      0x2d0 ./Peripheral/src/ch32v10x_tim.o
 .debug_aranges
                0x0000000000000980       0xf0 ./Peripheral/src/ch32v10x_usart.o
 .debug_aranges
                0x0000000000000a70       0x50 ./Debug/debug.o

.debug_ranges   0x0000000000000000     0x1128
 .debug_ranges  0x0000000000000000      0x170 ./User/JY901.o
 .debug_ranges  0x0000000000000170       0xd0 ./User/Laser.o
 .debug_ranges  0x0000000000000240       0x18 ./User/Motor.o
 .debug_ranges  0x0000000000000258      0x130 ./User/Oled.o
 .debug_ranges  0x0000000000000388       0x50 ./User/SR04.o
 .debug_ranges  0x00000000000003d8       0x18 ./User/Servo.o
 .debug_ranges  0x00000000000003f0       0x18 ./User/ch32v10x_it.o
 .debug_ranges  0x0000000000000408      0x270 ./User/cone_detect.o
 .debug_ranges  0x0000000000000678      0x138 ./User/main.o
 .debug_ranges  0x00000000000007b0      0x2e0 ./User/rplidar_360.o
 .debug_ranges  0x0000000000000a90       0x38 ./User/system_ch32v10x.o
 .debug_ranges  0x0000000000000ac8       0x30 ./Startup/startup_ch32v10x.o
 .debug_ranges  0x0000000000000af8       0x50 ./Peripheral/src/ch32v10x_dma.o
 .debug_ranges  0x0000000000000b48       0x98 ./Peripheral/src/ch32v10x_gpio.o
 .debug_ranges  0x0000000000000be0       0x30 ./Peripheral/src/ch32v10x_misc.o
 .debug_ranges  0x0000000000000c10      0x108 ./Peripheral/src/ch32v10x_rcc.o
 .debug_ranges  0x0000000000000d18      0x2f0 ./Peripheral/src/ch32v10x_tim.o
 .debug_ranges  0x0000000000001008       0xe0 ./Peripheral/src/ch32v10x_usart.o
 .debug_ranges  0x00000000000010e8       0x40 ./Debug/debug.o

.debug_line     0x0000000000000000    0x12d66
 .debug_line    0x0000000000000000     0x1706 ./User/JY901.o
 .debug_line    0x0000000000001706     0x10ca ./User/Laser.o
 .debug_line    0x00000000000027d0      0x5dc ./User/Motor.o
 .debug_line    0x0000000000002dac     0x1347 ./User/Oled.o
 .debug_line    0x00000000000040f3      0xde3 ./User/SR04.o
 .debug_line    0x0000000000004ed6      0x61a ./User/Servo.o
 .debug_line    0x00000000000054f0      0x45d ./User/ch32v10x_it.o
 .debug_line    0x000000000000594d     0x2799 ./User/cone_detect.o
 .debug_line    0x00000000000080e6      0xce2 ./User/main.o
 .debug_line    0x0000000000008dc8     0x18e9 ./User/rplidar_360.o
 .debug_line    0x000000000000a6b1      0x839 ./User/system_ch32v10x.o
 .debug_line    0x000000000000aeea      0x21e ./Startup/startup_ch32v10x.o
 .debug_line    0x000000000000b108      0xa1d ./Peripheral/src/ch32v10x_dma.o
 .debug_line    0x000000000000bb25      0xf16 ./Peripheral/src/ch32v10x_gpio.o
 .debug_line    0x000000000000ca3b      0x5d2 ./Peripheral/src/ch32v10x_misc.o
 .debug_line    0x000000000000d00d     0x1218 ./Peripheral/src/ch32v10x_rcc.o
 .debug_line    0x000000000000e225     0x3290 ./Peripheral/src/ch32v10x_tim.o
 .debug_line    0x00000000000114b5     0x100a ./Peripheral/src/ch32v10x_usart.o
 .debug_line    0x00000000000124bf      0x8a7 ./Debug/debug.o

.debug_str      0x0000000000000000     0x3e61
 .debug_str     0x0000000000000000     0x11f2 ./User/JY901.o
                                       0x12e8 (size before relaxing)
 .debug_str     0x00000000000011f2      0x1a8 ./User/Laser.o
                                       0x1105 (size before relaxing)
 .debug_str     0x000000000000139a      0x2ce ./User/Motor.o
                                        0xc29 (size before relaxing)
 .debug_str     0x0000000000001668      0x265 ./User/Oled.o
                                       0x106d (size before relaxing)
 .debug_str     0x00000000000018cd      0x225 ./User/SR04.o
                                       0x1059 (size before relaxing)
 .debug_str     0x0000000000001af2       0x2b ./User/Servo.o
                                        0xc4d (size before relaxing)
 .debug_str     0x0000000000001b1d       0x97 ./User/ch32v10x_it.o
                                        0x86a (size before relaxing)
 .debug_str     0x0000000000001bb4      0x897 ./User/cone_detect.o
                                       0x11c7 (size before relaxing)
 .debug_str     0x000000000000244b      0x25a ./User/main.o
                                       0x1350 (size before relaxing)
 .debug_str     0x00000000000026a5      0x490 ./User/rplidar_360.o
                                       0x1484 (size before relaxing)
 .debug_str     0x0000000000002b35      0x10c ./User/system_ch32v10x.o
                                        0x8dd (size before relaxing)
 .debug_str     0x0000000000002c41       0x2a ./Startup/startup_ch32v10x.o
                                         0xa3 (size before relaxing)
 .debug_str     0x0000000000002c6b       0xbe ./Peripheral/src/ch32v10x_dma.o
                                        0x9dd (size before relaxing)
 .debug_str     0x0000000000002d29      0x1b7 ./Peripheral/src/ch32v10x_gpio.o
                                        0xb64 (size before relaxing)
 .debug_str     0x0000000000002ee0       0x79 ./Peripheral/src/ch32v10x_misc.o
                                        0xbd3 (size before relaxing)
 .debug_str     0x0000000000002f59      0x367 ./Peripheral/src/ch32v10x_rcc.o
                                        0xc67 (size before relaxing)
 .debug_str     0x00000000000032c0      0x846 ./Peripheral/src/ch32v10x_tim.o
                                       0x1465 (size before relaxing)
 .debug_str     0x0000000000003b06      0x2f6 ./Peripheral/src/ch32v10x_usart.o
                                        0xcd4 (size before relaxing)
 .debug_str     0x0000000000003dfc       0x65 ./Debug/debug.o
                                        0xb66 (size before relaxing)

.comment        0x0000000000000000       0x33
 .comment       0x0000000000000000       0x33 ./User/JY901.o
                                         0x34 (size before relaxing)
 .comment       0x0000000000000033       0x34 ./User/Laser.o
 .comment       0x0000000000000033       0x34 ./User/Motor.o
 .comment       0x0000000000000033       0x34 ./User/Oled.o
 .comment       0x0000000000000033       0x34 ./User/SR04.o
 .comment       0x0000000000000033       0x34 ./User/Servo.o
 .comment       0x0000000000000033       0x34 ./User/ch32v10x_it.o
 .comment       0x0000000000000033       0x34 ./User/cone_detect.o
 .comment       0x0000000000000033       0x34 ./User/main.o
 .comment       0x0000000000000033       0x34 ./User/rplidar_360.o
 .comment       0x0000000000000033       0x34 ./User/system_ch32v10x.o
 .comment       0x0000000000000033       0x34 ./Peripheral/src/ch32v10x_dma.o
 .comment       0x0000000000000033       0x34 ./Peripheral/src/ch32v10x_gpio.o
 .comment       0x0000000000000033       0x34 ./Peripheral/src/ch32v10x_misc.o
 .comment       0x0000000000000033       0x34 ./Peripheral/src/ch32v10x_rcc.o
 .comment       0x0000000000000033       0x34 ./Peripheral/src/ch32v10x_tim.o
 .comment       0x0000000000000033       0x34 ./Peripheral/src/ch32v10x_usart.o
 .comment       0x0000000000000033       0x34 ./Debug/debug.o
 .comment       0x0000000000000033       0x34 c:/mounriver/mounriver_studio2/resources/app/resources/win32/components/wch/toolchain/risc-v embedded gcc/bin/../lib/gcc/riscv-none-embed/8.2.0/../../../../riscv-none-embed/lib/rv32imac/ilp32\libprintfloat.a(printfloat.o)

.debug_frame    0x0000000000000000     0x2c78
 .debug_frame   0x0000000000000000      0x24c ./User/JY901.o
 .debug_frame   0x000000000000024c       0xe4 ./User/Laser.o
 .debug_frame   0x0000000000000330       0x50 ./User/Motor.o
 .debug_frame   0x0000000000000380      0x310 ./User/Oled.o
 .debug_frame   0x0000000000000690      0x130 ./User/SR04.o
 .debug_frame   0x00000000000007c0       0x50 ./User/Servo.o
 .debug_frame   0x0000000000000810       0x30 ./User/ch32v10x_it.o
 .debug_frame   0x0000000000000840      0x260 ./User/cone_detect.o
 .debug_frame   0x0000000000000aa0       0xb0 ./User/main.o
 .debug_frame   0x0000000000000b50      0x268 ./User/rplidar_360.o
 .debug_frame   0x0000000000000db8       0x3c ./User/system_ch32v10x.o
 .debug_frame   0x0000000000000df4       0xd8 ./Peripheral/src/ch32v10x_dma.o
 .debug_frame   0x0000000000000ecc      0x15c ./Peripheral/src/ch32v10x_gpio.o
 .debug_frame   0x0000000000001028       0x30 ./Peripheral/src/ch32v10x_misc.o
 .debug_frame   0x0000000000001058      0x224 ./Peripheral/src/ch32v10x_rcc.o
 .debug_frame   0x000000000000127c      0x614 ./Peripheral/src/ch32v10x_tim.o
 .debug_frame   0x0000000000001890      0x1e4 ./Peripheral/src/ch32v10x_usart.o
 .debug_frame   0x0000000000001a74       0xb8 ./Debug/debug.o
 .debug_frame   0x0000000000001b2c       0x40 c:/mounriver/mounriver_studio2/resources/app/resources/win32/components/wch/toolchain/risc-v embedded gcc/bin/../lib/gcc/riscv-none-embed/8.2.0/../../../../riscv-none-embed/lib/rv32imac/ilp32\libm.a(lib_a-sf_cos.o)
 .debug_frame   0x0000000000001b6c       0x40 c:/mounriver/mounriver_studio2/resources/app/resources/win32/components/wch/toolchain/risc-v embedded gcc/bin/../lib/gcc/riscv-none-embed/8.2.0/../../../../riscv-none-embed/lib/rv32imac/ilp32\libm.a(lib_a-sf_sin.o)
 .debug_frame   0x0000000000001bac       0x20 c:/mounriver/mounriver_studio2/resources/app/resources/win32/components/wch/toolchain/risc-v embedded gcc/bin/../lib/gcc/riscv-none-embed/8.2.0/../../../../riscv-none-embed/lib/rv32imac/ilp32\libm.a(lib_a-wf_atan2.o)
 .debug_frame   0x0000000000001bcc       0x4c c:/mounriver/mounriver_studio2/resources/app/resources/win32/components/wch/toolchain/risc-v embedded gcc/bin/../lib/gcc/riscv-none-embed/8.2.0/../../../../riscv-none-embed/lib/rv32imac/ilp32\libm.a(lib_a-wf_sqrt.o)
 .debug_frame   0x0000000000001c18       0x48 c:/mounriver/mounriver_studio2/resources/app/resources/win32/components/wch/toolchain/risc-v embedded gcc/bin/../lib/gcc/riscv-none-embed/8.2.0/../../../../riscv-none-embed/lib/rv32imac/ilp32\libm.a(lib_a-ef_atan2.o)
 .debug_frame   0x0000000000001c60       0x54 c:/mounriver/mounriver_studio2/resources/app/resources/win32/components/wch/toolchain/risc-v embedded gcc/bin/../lib/gcc/riscv-none-embed/8.2.0/../../../../riscv-none-embed/lib/rv32imac/ilp32\libm.a(lib_a-ef_rem_pio2.o)
 .debug_frame   0x0000000000001cb4       0x48 c:/mounriver/mounriver_studio2/resources/app/resources/win32/components/wch/toolchain/risc-v embedded gcc/bin/../lib/gcc/riscv-none-embed/8.2.0/../../../../riscv-none-embed/lib/rv32imac/ilp32\libm.a(lib_a-ef_sqrt.o)
 .debug_frame   0x0000000000001cfc       0x4c c:/mounriver/mounriver_studio2/resources/app/resources/win32/components/wch/toolchain/risc-v embedded gcc/bin/../lib/gcc/riscv-none-embed/8.2.0/../../../../riscv-none-embed/lib/rv32imac/ilp32\libm.a(lib_a-kf_cos.o)
 .debug_frame   0x0000000000001d48       0x64 c:/mounriver/mounriver_studio2/resources/app/resources/win32/components/wch/toolchain/risc-v embedded gcc/bin/../lib/gcc/riscv-none-embed/8.2.0/../../../../riscv-none-embed/lib/rv32imac/ilp32\libm.a(lib_a-kf_rem_pio2.o)
 .debug_frame   0x0000000000001dac       0x48 c:/mounriver/mounriver_studio2/resources/app/resources/win32/components/wch/toolchain/risc-v embedded gcc/bin/../lib/gcc/riscv-none-embed/8.2.0/../../../../riscv-none-embed/lib/rv32imac/ilp32\libm.a(lib_a-kf_sin.o)
 .debug_frame   0x0000000000001df4       0x20 c:/mounriver/mounriver_studio2/resources/app/resources/win32/components/wch/toolchain/risc-v embedded gcc/bin/../lib/gcc/riscv-none-embed/8.2.0/../../../../riscv-none-embed/lib/rv32imac/ilp32\libm.a(lib_a-s_matherr.o)
 .debug_frame   0x0000000000001e14       0x44 c:/mounriver/mounriver_studio2/resources/app/resources/win32/components/wch/toolchain/risc-v embedded gcc/bin/../lib/gcc/riscv-none-embed/8.2.0/../../../../riscv-none-embed/lib/rv32imac/ilp32\libm.a(lib_a-sf_atan.o)
 .debug_frame   0x0000000000001e58       0x20 c:/mounriver/mounriver_studio2/resources/app/resources/win32/components/wch/toolchain/risc-v embedded gcc/bin/../lib/gcc/riscv-none-embed/8.2.0/../../../../riscv-none-embed/lib/rv32imac/ilp32\libm.a(lib_a-sf_fabs.o)
 .debug_frame   0x0000000000001e78       0x4c c:/mounriver/mounriver_studio2/resources/app/resources/win32/components/wch/toolchain/risc-v embedded gcc/bin/../lib/gcc/riscv-none-embed/8.2.0/../../../../riscv-none-embed/lib/rv32imac/ilp32\libm.a(lib_a-sf_floor.o)
 .debug_frame   0x0000000000001ec4       0x4c c:/mounriver/mounriver_studio2/resources/app/resources/win32/components/wch/toolchain/risc-v embedded gcc/bin/../lib/gcc/riscv-none-embed/8.2.0/../../../../riscv-none-embed/lib/rv32imac/ilp32\libm.a(lib_a-sf_scalbn.o)
 .debug_frame   0x0000000000001f10       0x20 c:/mounriver/mounriver_studio2/resources/app/resources/win32/components/wch/toolchain/risc-v embedded gcc/bin/../lib/gcc/riscv-none-embed/8.2.0/../../../../riscv-none-embed/lib/rv32imac/ilp32\libm.a(lib_a-sf_copysign.o)
 .debug_frame   0x0000000000001f30       0x50 c:/mounriver/mounriver_studio2/resources/app/resources/win32/components/wch/toolchain/risc-v embedded gcc/bin/../lib/gcc/riscv-none-embed/8.2.0/rv32imac/ilp32\libgcc.a(divdf3.o)